<?xml version="1.0" encoding="UTF-8"?>
<!DOCTYPE svg PUBLIC "-//W3C//DTD SVG 1.1//EN" "http://www.w3.org/Graphics/SVG/1.1/DTD/svg11.dtd">
<svg xmlns="http://www.w3.org/2000/svg" version="1.1" width="305" height="100">
<rect x="0" y="0" width="305" height="100" fill="white" stroke="white" stroke-width="0"/>
<rect x="5" y="30" width="5" height="5" fill="red" stroke-width="0" stroke="red" />
<rect x="10" y="30" width="5" height="5" fill="red" stroke-width="0" stroke="red" />
<rect x="15" y="35" width="5" height="5" fill="red" stroke-width="0" stroke="red" />
<rect x="20" y="75" width="5" height="5" fill="red" stroke-width="0" stroke="red" />
<rect x="20" y="35" width="5" height="5" fill="red" stroke-width="0" stroke="red" />
<rect x="25" y="40" width="5" height="5" fill="red" stroke-width="0" stroke="red" />
<rect x="30" y="40" width="5" height="5" fill="red" stroke-width="0" stroke="red" />
<rect x="35" y="40" width="5" height="5" fill="red" stroke-width="0" stroke="red" />
<rect x="40" y="50" width="5" height="5" fill="red" stroke-width="0" stroke="red" />
<rect x="45" y="50" width="5" height="5" fill="red" stroke-width="0" stroke="red" />
<rect x="50" y="50" width="5" height="5" fill="red" stroke-width="0" stroke="red" />
<rect x="55" y="50" width="5" height="5" fill="red" stroke-width="0" stroke="red" />
<rect x="60" y="50" width="5" height="5" fill="red" stroke-width="0" stroke="red" />
<rect x="65" y="50" width="5" height="5" fill="red" stroke-width="0" stroke="red" />
<rect x="70" y="50" width="5" height="5" fill="red" stroke-width="0" stroke="red" />
<rect x="75" y="50" width="5" height="5" fill="red" stroke-width="0" stroke="red" />
<rect x="80" y="50" width="5" height="5" fill="red" stroke-width="0" stroke="red" />
<rect x="85" y="45" width="5" height="5" fill="red" stroke-width="0" stroke="red" />
<rect x="90" y="45" width="5" height="5" fill="red" stroke-width="0" stroke="red" />
<rect x="95" y="45" width="5" height="5" fill="red" stroke-width="0" stroke="red" />
<rect x="100" y="45" width="5" height="5" fill="red" stroke-width="0" stroke="red" />
<rect x="105" y="50" width="5" height="5" fill="red" stroke-width="0" stroke="red" />
<rect x="110" y="50" width="5" height="5" fill="red" stroke-width="0" stroke="red" />
<rect x="115" y="50" width="5" height="5" fill="red" stroke-width="0" stroke="red" />
<rect x="120" y="45" width="5" height="5" fill="red" stroke-width="0" stroke="red" />
<rect x="125" y="40" width="5" height="5" fill="red" stroke-width="0" stroke="red" />
<rect x="130" y="40" width="5" height="5" fill="red" stroke-width="0" stroke="red" />
<rect x="135" y="40" width="5" height="5" fill="red" stroke-width="0" stroke="red" />
<rect x="140" y="40" width="5" height="5" fill="red" stroke-width="0" stroke="red" />
<rect x="145" y="45" width="5" height="5" fill="red" stroke-width="0" stroke="red" />
<rect x="150" y="45" width="5" height="5" fill="red" stroke-width="0" stroke="red" />
<rect x="155" y="45" width="5" height="5" fill="red" stroke-width="0" stroke="red" />
<rect x="160" y="45" width="5" height="5" fill="red" stroke-width="0" stroke="red" />
<rect x="165" y="45" width="5" height="5" fill="red" stroke-width="0" stroke="red" />
<rect x="170" y="45" width="5" height="5" fill="red" stroke-width="0" stroke="red" />
<rect x="175" y="45" width="5" height="5" fill="red" stroke-width="0" stroke="red" />
<rect x="180" y="45" width="5" height="5" fill="red" stroke-width="0" stroke="red" />
<rect x="185" y="50" width="5" height="5" fill="red" stroke-width="0" stroke="red" />
<rect x="190" y="50" width="5" height="5" fill="red" stroke-width="0" stroke="red" />
<rect x="195" y="50" width="5" height="5" fill="red" stroke-width="0" stroke="red" />
<rect x="200" y="50" width="5" height="5" fill="red" stroke-width="0" stroke="red" />
<rect x="205" y="55" width="5" height="5" fill="red" stroke-width="0" stroke="red" />
<rect x="210" y="55" width="5" height="5" fill="red" stroke-width="0" stroke="red" />
<rect x="215" y="55" width="5" height="5" fill="red" stroke-width="0" stroke="red" />
<rect x="220" y="55" width="5" height="5" fill="red" stroke-width="0" stroke="red" />
<rect x="225" y="55" width="5" height="5" fill="red" stroke-width="0" stroke="red" />
<rect x="230" y="50" width="5" height="5" fill="red" stroke-width="0" stroke="red" />
<rect x="235" y="55" width="5" height="5" fill="red" stroke-width="0" stroke="red" />
<rect x="240" y="55" width="5" height="5" fill="red" stroke-width="0" stroke="red" />
<rect x="245" y="55" width="5" height="5" fill="red" stroke-width="0" stroke="red" />
<rect x="250" y="55" width="5" height="5" fill="red" stroke-width="0" stroke="red" />
<rect x="255" y="55" width="5" height="5" fill="red" stroke-width="0" stroke="red" />
<rect x="260" y="50" width="5" height="5" fill="red" stroke-width="0" stroke="red" />
<rect x="265" y="50" width="5" height="5" fill="red" stroke-width="0" stroke="red" />
<rect x="270" y="55" width="5" height="5" fill="red" stroke-width="0" stroke="red" />
<rect x="275" y="60" width="5" height="5" fill="red" stroke-width="0" stroke="red" />
<rect x="280" y="60" width="5" height="5" fill="red" stroke-width="0" stroke="red" />
<rect x="285" y="60" width="5" height="5" fill="red" stroke-width="0" stroke="red" />
<rect x="290" y="60" width="5" height="5" fill="red" stroke-width="0" stroke="red" />
<rect x="295" y="60" width="5" height="5" fill="red" stroke-width="0" stroke="red" />
<line x1="5" y1="45" x2="11" y2="48" fill="none" stroke="black" stroke-width="1" />
<line x1="8" y1="46" x2="10" y2="42" fill="none" stroke="black" stroke-width="1" />
<polyline points="5,45 5,40 5,35 5,30 5,25 5,20 5,15 10,15 10,10 15,10 15,5 20,5 25,5 30,5 35,5 40,5 45,5 50,5 50,10 55,10 60,10 65,10 70,10 75,10 80,10 85,10 85,5 90,5 95,5 100,5 100,10 105,10 110,10 115,10 120,10 120,5 125,5 130,5 135,5 140,5 140,10 145,10 150,10 155,10 160,10 165,10 170,10 170,15 175,15 180,15 180,20 185,20 190,20 195,20 195,25 200,25 205,25 210,25 215,25 220,25 225,25 230,25 230,30 235,30 240,30 245,30 250,30 255,30 260,30 265,30 265,35 270,35 " fill="none" stroke="black" stroke-width="1" />
<line x1="25" y1="70" x2="21" y2="62" fill="none" stroke="black" stroke-width="1" />
<line x1="23" y1="66" x2="29" y2="63" fill="none" stroke="black" stroke-width="1" />
<line x1="17" y1="56" x2="15" y2="52" fill="none" stroke="black" stroke-width="1" />
<line x1="16" y1="54" x2="22" y2="51" fill="none" stroke="black" stroke-width="1" />
<polyline points="20,75 25,75 25,70 " fill="none" stroke="black" stroke-width="1" />
<polyline points="25,75 30,75 35,75 40,75 " fill="none" stroke="black" stroke-width="1" />
<polyline points="290,55 290,60 290,65 290,70 285,70 280,70 275,70 270,70 265,70 260,70 255,70 255,75 250,75 245,75 240,75 235,75 230,75 225,75 225,80 220,80 215,80 210,80 205,80 205,75 200,75 195,75 190,75 185,75 180,75 175,75 170,75 165,75 160,75 155,75 150,75 145,75 140,75 135,75 130,75 125,75 120,75 120,80 115,80 115,85 110,85 105,85 100,85 95,85 90,85 85,85 80,85 75,85 70,85 65,85 65,90 60,90 55,90 50,90 45,90 40,90 40,85 40,80 40,75 " fill="none" stroke="black" stroke-width="1" />
<polyline points="290,55 290,50 285,50 285,45 280,45 275,45 270,45 270,40 270,35 " fill="none" stroke="black" stroke-width="1" />
<line x1="290" y1="60" x2="295" y2="60" fill="none" stroke="black" stroke-width="1" />
</svg>
