<?xml version="1.0" encoding="UTF-8"?>
<!DOCTYPE svg PUBLIC "-//W3C//DTD SVG 1.1//EN" "http://www.w3.org/Graphics/SVG/1.1/DTD/svg11.dtd">
<svg xmlns="http://www.w3.org/2000/svg" version="1.1" width="396" height="252">
<rect x="0" y="0" width="396" height="252" fill="white" stroke="white" stroke-width="0"/>
<text x="8" y="22" fill="black">Cross-section A</text>
<rect x="8" y="202" width="4" height="4" fill="black" stroke-width="0" stroke="black" />
<rect x="12" y="202" width="4" height="4" fill="black" stroke-width="0" stroke="black" />
<rect x="16" y="206" width="4" height="4" fill="black" stroke-width="0" stroke="black" />
<rect x="16" y="202" width="4" height="4" fill="black" stroke-width="0" stroke="black" />
<rect x="16" y="198" width="4" height="4" fill="black" stroke-width="0" stroke="black" />
<rect x="20" y="202" width="4" height="4" fill="black" stroke-width="0" stroke="black" />
<rect x="20" y="198" width="4" height="4" fill="black" stroke-width="0" stroke="black" />
<rect x="20" y="34" width="4" height="4" fill="black" stroke-width="0" stroke="black" />
<rect x="20" y="30" width="4" height="4" fill="black" stroke-width="0" stroke="black" />
<rect x="20" y="26" width="4" height="4" fill="black" stroke-width="0" stroke="black" />
<rect x="24" y="206" width="4" height="4" fill="black" stroke-width="0" stroke="black" />
<rect x="24" y="202" width="4" height="4" fill="black" stroke-width="0" stroke="black" />
<rect x="24" y="50" width="4" height="4" fill="black" stroke-width="0" stroke="black" />
<rect x="24" y="46" width="4" height="4" fill="black" stroke-width="0" stroke="black" />
<rect x="24" y="42" width="4" height="4" fill="black" stroke-width="0" stroke="black" />
<rect x="24" y="38" width="4" height="4" fill="black" stroke-width="0" stroke="black" />
<rect x="24" y="34" width="4" height="4" fill="black" stroke-width="0" stroke="black" />
<rect x="24" y="30" width="4" height="4" fill="black" stroke-width="0" stroke="black" />
<rect x="24" y="26" width="4" height="4" fill="black" stroke-width="0" stroke="black" />
<rect x="28" y="206" width="4" height="4" fill="black" stroke-width="0" stroke="black" />
<rect x="28" y="202" width="4" height="4" fill="black" stroke-width="0" stroke="black" />
<rect x="28" y="62" width="4" height="4" fill="black" stroke-width="0" stroke="black" />
<rect x="28" y="58" width="4" height="4" fill="black" stroke-width="0" stroke="black" />
<rect x="28" y="54" width="4" height="4" fill="black" stroke-width="0" stroke="black" />
<rect x="28" y="50" width="4" height="4" fill="black" stroke-width="0" stroke="black" />
<rect x="28" y="46" width="4" height="4" fill="black" stroke-width="0" stroke="black" />
<rect x="32" y="206" width="4" height="4" fill="black" stroke-width="0" stroke="black" />
<rect x="32" y="202" width="4" height="4" fill="black" stroke-width="0" stroke="black" />
<rect x="32" y="70" width="4" height="4" fill="black" stroke-width="0" stroke="black" />
<rect x="32" y="66" width="4" height="4" fill="black" stroke-width="0" stroke="black" />
<rect x="32" y="62" width="4" height="4" fill="black" stroke-width="0" stroke="black" />
<rect x="32" y="58" width="4" height="4" fill="black" stroke-width="0" stroke="black" />
<rect x="32" y="54" width="4" height="4" fill="black" stroke-width="0" stroke="black" />
<rect x="36" y="206" width="4" height="4" fill="black" stroke-width="0" stroke="black" />
<rect x="36" y="202" width="4" height="4" fill="black" stroke-width="0" stroke="black" />
<rect x="36" y="74" width="4" height="4" fill="black" stroke-width="0" stroke="black" />
<rect x="36" y="70" width="4" height="4" fill="black" stroke-width="0" stroke="black" />
<rect x="36" y="66" width="4" height="4" fill="black" stroke-width="0" stroke="black" />
<rect x="40" y="210" width="4" height="4" fill="black" stroke-width="0" stroke="black" />
<rect x="40" y="206" width="4" height="4" fill="black" stroke-width="0" stroke="black" />
<rect x="40" y="78" width="4" height="4" fill="black" stroke-width="0" stroke="black" />
<rect x="40" y="74" width="4" height="4" fill="black" stroke-width="0" stroke="black" />
<rect x="40" y="70" width="4" height="4" fill="black" stroke-width="0" stroke="black" />
<rect x="44" y="210" width="4" height="4" fill="black" stroke-width="0" stroke="black" />
<rect x="44" y="206" width="4" height="4" fill="black" stroke-width="0" stroke="black" />
<rect x="44" y="82" width="4" height="4" fill="black" stroke-width="0" stroke="black" />
<rect x="44" y="78" width="4" height="4" fill="black" stroke-width="0" stroke="black" />
<rect x="44" y="74" width="4" height="4" fill="black" stroke-width="0" stroke="black" />
<rect x="48" y="210" width="4" height="4" fill="black" stroke-width="0" stroke="black" />
<rect x="48" y="206" width="4" height="4" fill="black" stroke-width="0" stroke="black" />
<rect x="48" y="86" width="4" height="4" fill="black" stroke-width="0" stroke="black" />
<rect x="48" y="82" width="4" height="4" fill="black" stroke-width="0" stroke="black" />
<rect x="52" y="210" width="4" height="4" fill="black" stroke-width="0" stroke="black" />
<rect x="52" y="206" width="4" height="4" fill="black" stroke-width="0" stroke="black" />
<rect x="52" y="86" width="4" height="4" fill="black" stroke-width="0" stroke="black" />
<rect x="52" y="82" width="4" height="4" fill="black" stroke-width="0" stroke="black" />
<rect x="56" y="210" width="4" height="4" fill="black" stroke-width="0" stroke="black" />
<rect x="56" y="206" width="4" height="4" fill="black" stroke-width="0" stroke="black" />
<rect x="56" y="86" width="4" height="4" fill="black" stroke-width="0" stroke="black" />
<rect x="56" y="82" width="4" height="4" fill="black" stroke-width="0" stroke="black" />
<rect x="60" y="210" width="4" height="4" fill="black" stroke-width="0" stroke="black" />
<rect x="60" y="86" width="4" height="4" fill="black" stroke-width="0" stroke="black" />
<rect x="64" y="210" width="4" height="4" fill="black" stroke-width="0" stroke="black" />
<rect x="64" y="86" width="4" height="4" fill="black" stroke-width="0" stroke="black" />
<rect x="68" y="210" width="4" height="4" fill="black" stroke-width="0" stroke="black" />
<rect x="68" y="90" width="4" height="4" fill="black" stroke-width="0" stroke="black" />
<rect x="68" y="86" width="4" height="4" fill="black" stroke-width="0" stroke="black" />
<rect x="72" y="210" width="4" height="4" fill="black" stroke-width="0" stroke="black" />
<rect x="72" y="90" width="4" height="4" fill="black" stroke-width="0" stroke="black" />
<rect x="72" y="86" width="4" height="4" fill="black" stroke-width="0" stroke="black" />
<rect x="76" y="210" width="4" height="4" fill="black" stroke-width="0" stroke="black" />
<rect x="76" y="90" width="4" height="4" fill="black" stroke-width="0" stroke="black" />
<rect x="76" y="86" width="4" height="4" fill="black" stroke-width="0" stroke="black" />
<rect x="80" y="210" width="4" height="4" fill="black" stroke-width="0" stroke="black" />
<rect x="80" y="90" width="4" height="4" fill="black" stroke-width="0" stroke="black" />
<rect x="84" y="210" width="4" height="4" fill="black" stroke-width="0" stroke="black" />
<rect x="84" y="94" width="4" height="4" fill="black" stroke-width="0" stroke="black" />
<rect x="84" y="90" width="4" height="4" fill="black" stroke-width="0" stroke="black" />
<rect x="88" y="210" width="4" height="4" fill="black" stroke-width="0" stroke="black" />
<rect x="88" y="94" width="4" height="4" fill="black" stroke-width="0" stroke="black" />
<rect x="88" y="90" width="4" height="4" fill="black" stroke-width="0" stroke="black" />
<rect x="92" y="210" width="4" height="4" fill="black" stroke-width="0" stroke="black" />
<rect x="92" y="94" width="4" height="4" fill="black" stroke-width="0" stroke="black" />
<rect x="92" y="90" width="4" height="4" fill="black" stroke-width="0" stroke="black" />
<rect x="92" y="86" width="4" height="4" fill="black" stroke-width="0" stroke="black" />
<rect x="96" y="210" width="4" height="4" fill="black" stroke-width="0" stroke="black" />
<rect x="96" y="90" width="4" height="4" fill="black" stroke-width="0" stroke="black" />
<rect x="96" y="86" width="4" height="4" fill="black" stroke-width="0" stroke="black" />
<rect x="100" y="210" width="4" height="4" fill="black" stroke-width="0" stroke="black" />
<rect x="100" y="90" width="4" height="4" fill="black" stroke-width="0" stroke="black" />
<rect x="100" y="86" width="4" height="4" fill="black" stroke-width="0" stroke="black" />
<rect x="100" y="82" width="4" height="4" fill="black" stroke-width="0" stroke="black" />
<rect x="104" y="210" width="4" height="4" fill="black" stroke-width="0" stroke="black" />
<rect x="104" y="90" width="4" height="4" fill="black" stroke-width="0" stroke="black" />
<rect x="104" y="86" width="4" height="4" fill="black" stroke-width="0" stroke="black" />
<rect x="104" y="82" width="4" height="4" fill="black" stroke-width="0" stroke="black" />
<rect x="108" y="210" width="4" height="4" fill="black" stroke-width="0" stroke="black" />
<rect x="108" y="90" width="4" height="4" fill="black" stroke-width="0" stroke="black" />
<rect x="108" y="86" width="4" height="4" fill="black" stroke-width="0" stroke="black" />
<rect x="108" y="82" width="4" height="4" fill="black" stroke-width="0" stroke="black" />
<rect x="112" y="210" width="4" height="4" fill="black" stroke-width="0" stroke="black" />
<rect x="112" y="90" width="4" height="4" fill="black" stroke-width="0" stroke="black" />
<rect x="112" y="86" width="4" height="4" fill="black" stroke-width="0" stroke="black" />
<rect x="116" y="210" width="4" height="4" fill="black" stroke-width="0" stroke="black" />
<rect x="116" y="90" width="4" height="4" fill="black" stroke-width="0" stroke="black" />
<rect x="116" y="86" width="4" height="4" fill="black" stroke-width="0" stroke="black" />
<rect x="116" y="82" width="4" height="4" fill="black" stroke-width="0" stroke="black" />
<rect x="120" y="210" width="4" height="4" fill="black" stroke-width="0" stroke="black" />
<rect x="120" y="90" width="4" height="4" fill="black" stroke-width="0" stroke="black" />
<rect x="120" y="86" width="4" height="4" fill="black" stroke-width="0" stroke="black" />
<rect x="120" y="82" width="4" height="4" fill="black" stroke-width="0" stroke="black" />
<rect x="124" y="210" width="4" height="4" fill="black" stroke-width="0" stroke="black" />
<rect x="124" y="90" width="4" height="4" fill="black" stroke-width="0" stroke="black" />
<rect x="124" y="86" width="4" height="4" fill="black" stroke-width="0" stroke="black" />
<rect x="124" y="82" width="4" height="4" fill="black" stroke-width="0" stroke="black" />
<rect x="128" y="210" width="4" height="4" fill="black" stroke-width="0" stroke="black" />
<rect x="128" y="90" width="4" height="4" fill="black" stroke-width="0" stroke="black" />
<rect x="128" y="86" width="4" height="4" fill="black" stroke-width="0" stroke="black" />
<rect x="128" y="82" width="4" height="4" fill="black" stroke-width="0" stroke="black" />
<rect x="132" y="210" width="4" height="4" fill="black" stroke-width="0" stroke="black" />
<rect x="132" y="94" width="4" height="4" fill="black" stroke-width="0" stroke="black" />
<rect x="132" y="90" width="4" height="4" fill="black" stroke-width="0" stroke="black" />
<rect x="132" y="86" width="4" height="4" fill="black" stroke-width="0" stroke="black" />
<rect x="136" y="210" width="4" height="4" fill="black" stroke-width="0" stroke="black" />
<rect x="136" y="94" width="4" height="4" fill="black" stroke-width="0" stroke="black" />
<rect x="136" y="90" width="4" height="4" fill="black" stroke-width="0" stroke="black" />
<rect x="136" y="86" width="4" height="4" fill="black" stroke-width="0" stroke="black" />
<rect x="140" y="210" width="4" height="4" fill="black" stroke-width="0" stroke="black" />
<rect x="140" y="94" width="4" height="4" fill="black" stroke-width="0" stroke="black" />
<rect x="140" y="90" width="4" height="4" fill="black" stroke-width="0" stroke="black" />
<rect x="140" y="86" width="4" height="4" fill="black" stroke-width="0" stroke="black" />
<rect x="144" y="210" width="4" height="4" fill="black" stroke-width="0" stroke="black" />
<rect x="144" y="98" width="4" height="4" fill="black" stroke-width="0" stroke="black" />
<rect x="144" y="94" width="4" height="4" fill="black" stroke-width="0" stroke="black" />
<rect x="144" y="90" width="4" height="4" fill="black" stroke-width="0" stroke="black" />
<rect x="148" y="210" width="4" height="4" fill="black" stroke-width="0" stroke="black" />
<rect x="148" y="102" width="4" height="4" fill="black" stroke-width="0" stroke="black" />
<rect x="148" y="98" width="4" height="4" fill="black" stroke-width="0" stroke="black" />
<rect x="148" y="94" width="4" height="4" fill="black" stroke-width="0" stroke="black" />
<rect x="148" y="90" width="4" height="4" fill="black" stroke-width="0" stroke="black" />
<rect x="152" y="210" width="4" height="4" fill="black" stroke-width="0" stroke="black" />
<rect x="152" y="106" width="4" height="4" fill="black" stroke-width="0" stroke="black" />
<rect x="152" y="102" width="4" height="4" fill="black" stroke-width="0" stroke="black" />
<rect x="152" y="98" width="4" height="4" fill="black" stroke-width="0" stroke="black" />
<rect x="152" y="94" width="4" height="4" fill="black" stroke-width="0" stroke="black" />
<rect x="156" y="210" width="4" height="4" fill="black" stroke-width="0" stroke="black" />
<rect x="156" y="106" width="4" height="4" fill="black" stroke-width="0" stroke="black" />
<rect x="156" y="102" width="4" height="4" fill="black" stroke-width="0" stroke="black" />
<rect x="156" y="98" width="4" height="4" fill="black" stroke-width="0" stroke="black" />
<rect x="156" y="94" width="4" height="4" fill="black" stroke-width="0" stroke="black" />
<rect x="160" y="210" width="4" height="4" fill="black" stroke-width="0" stroke="black" />
<rect x="160" y="206" width="4" height="4" fill="black" stroke-width="0" stroke="black" />
<rect x="160" y="106" width="4" height="4" fill="black" stroke-width="0" stroke="black" />
<rect x="160" y="102" width="4" height="4" fill="black" stroke-width="0" stroke="black" />
<rect x="160" y="98" width="4" height="4" fill="black" stroke-width="0" stroke="black" />
<rect x="164" y="210" width="4" height="4" fill="black" stroke-width="0" stroke="black" />
<rect x="164" y="206" width="4" height="4" fill="black" stroke-width="0" stroke="black" />
<rect x="164" y="110" width="4" height="4" fill="black" stroke-width="0" stroke="black" />
<rect x="164" y="106" width="4" height="4" fill="black" stroke-width="0" stroke="black" />
<rect x="164" y="102" width="4" height="4" fill="black" stroke-width="0" stroke="black" />
<rect x="168" y="210" width="4" height="4" fill="black" stroke-width="0" stroke="black" />
<rect x="168" y="206" width="4" height="4" fill="black" stroke-width="0" stroke="black" />
<rect x="168" y="110" width="4" height="4" fill="black" stroke-width="0" stroke="black" />
<rect x="168" y="106" width="4" height="4" fill="black" stroke-width="0" stroke="black" />
<rect x="168" y="102" width="4" height="4" fill="black" stroke-width="0" stroke="black" />
<rect x="172" y="210" width="4" height="4" fill="black" stroke-width="0" stroke="black" />
<rect x="172" y="206" width="4" height="4" fill="black" stroke-width="0" stroke="black" />
<rect x="172" y="202" width="4" height="4" fill="black" stroke-width="0" stroke="black" />
<rect x="172" y="110" width="4" height="4" fill="black" stroke-width="0" stroke="black" />
<rect x="172" y="106" width="4" height="4" fill="black" stroke-width="0" stroke="black" />
<rect x="172" y="102" width="4" height="4" fill="black" stroke-width="0" stroke="black" />
<rect x="176" y="210" width="4" height="4" fill="black" stroke-width="0" stroke="black" />
<rect x="176" y="206" width="4" height="4" fill="black" stroke-width="0" stroke="black" />
<rect x="176" y="202" width="4" height="4" fill="black" stroke-width="0" stroke="black" />
<rect x="176" y="110" width="4" height="4" fill="black" stroke-width="0" stroke="black" />
<rect x="176" y="106" width="4" height="4" fill="black" stroke-width="0" stroke="black" />
<rect x="180" y="206" width="4" height="4" fill="black" stroke-width="0" stroke="black" />
<rect x="180" y="202" width="4" height="4" fill="black" stroke-width="0" stroke="black" />
<rect x="180" y="198" width="4" height="4" fill="black" stroke-width="0" stroke="black" />
<rect x="180" y="118" width="4" height="4" fill="black" stroke-width="0" stroke="black" />
<rect x="180" y="114" width="4" height="4" fill="black" stroke-width="0" stroke="black" />
<rect x="180" y="110" width="4" height="4" fill="black" stroke-width="0" stroke="black" />
<rect x="180" y="106" width="4" height="4" fill="black" stroke-width="0" stroke="black" />
<rect x="184" y="206" width="4" height="4" fill="black" stroke-width="0" stroke="black" />
<rect x="184" y="202" width="4" height="4" fill="black" stroke-width="0" stroke="black" />
<rect x="184" y="198" width="4" height="4" fill="black" stroke-width="0" stroke="black" />
<rect x="184" y="118" width="4" height="4" fill="black" stroke-width="0" stroke="black" />
<rect x="184" y="114" width="4" height="4" fill="black" stroke-width="0" stroke="black" />
<rect x="184" y="110" width="4" height="4" fill="black" stroke-width="0" stroke="black" />
<rect x="184" y="106" width="4" height="4" fill="black" stroke-width="0" stroke="black" />
<rect x="188" y="202" width="4" height="4" fill="black" stroke-width="0" stroke="black" />
<rect x="188" y="198" width="4" height="4" fill="black" stroke-width="0" stroke="black" />
<rect x="188" y="194" width="4" height="4" fill="black" stroke-width="0" stroke="black" />
<rect x="188" y="118" width="4" height="4" fill="black" stroke-width="0" stroke="black" />
<rect x="188" y="114" width="4" height="4" fill="black" stroke-width="0" stroke="black" />
<rect x="188" y="110" width="4" height="4" fill="black" stroke-width="0" stroke="black" />
<rect x="192" y="202" width="4" height="4" fill="black" stroke-width="0" stroke="black" />
<rect x="192" y="198" width="4" height="4" fill="black" stroke-width="0" stroke="black" />
<rect x="192" y="194" width="4" height="4" fill="black" stroke-width="0" stroke="black" />
<rect x="192" y="122" width="4" height="4" fill="black" stroke-width="0" stroke="black" />
<rect x="192" y="118" width="4" height="4" fill="black" stroke-width="0" stroke="black" />
<rect x="192" y="114" width="4" height="4" fill="black" stroke-width="0" stroke="black" />
<rect x="196" y="198" width="4" height="4" fill="black" stroke-width="0" stroke="black" />
<rect x="196" y="194" width="4" height="4" fill="black" stroke-width="0" stroke="black" />
<rect x="196" y="190" width="4" height="4" fill="black" stroke-width="0" stroke="black" />
<rect x="196" y="126" width="4" height="4" fill="black" stroke-width="0" stroke="black" />
<rect x="196" y="122" width="4" height="4" fill="black" stroke-width="0" stroke="black" />
<rect x="196" y="118" width="4" height="4" fill="black" stroke-width="0" stroke="black" />
<rect x="200" y="198" width="4" height="4" fill="black" stroke-width="0" stroke="black" />
<rect x="200" y="194" width="4" height="4" fill="black" stroke-width="0" stroke="black" />
<rect x="200" y="190" width="4" height="4" fill="black" stroke-width="0" stroke="black" />
<rect x="200" y="126" width="4" height="4" fill="black" stroke-width="0" stroke="black" />
<rect x="200" y="122" width="4" height="4" fill="black" stroke-width="0" stroke="black" />
<rect x="204" y="198" width="4" height="4" fill="black" stroke-width="0" stroke="black" />
<rect x="204" y="194" width="4" height="4" fill="black" stroke-width="0" stroke="black" />
<rect x="204" y="190" width="4" height="4" fill="black" stroke-width="0" stroke="black" />
<rect x="204" y="126" width="4" height="4" fill="black" stroke-width="0" stroke="black" />
<rect x="208" y="198" width="4" height="4" fill="black" stroke-width="0" stroke="black" />
<rect x="208" y="194" width="4" height="4" fill="black" stroke-width="0" stroke="black" />
<rect x="208" y="190" width="4" height="4" fill="black" stroke-width="0" stroke="black" />
<rect x="208" y="126" width="4" height="4" fill="black" stroke-width="0" stroke="black" />
<rect x="212" y="194" width="4" height="4" fill="black" stroke-width="0" stroke="black" />
<rect x="212" y="190" width="4" height="4" fill="black" stroke-width="0" stroke="black" />
<rect x="212" y="186" width="4" height="4" fill="black" stroke-width="0" stroke="black" />
<rect x="212" y="182" width="4" height="4" fill="black" stroke-width="0" stroke="black" />
<rect x="212" y="130" width="4" height="4" fill="black" stroke-width="0" stroke="black" />
<rect x="212" y="126" width="4" height="4" fill="black" stroke-width="0" stroke="black" />
<rect x="216" y="194" width="4" height="4" fill="black" stroke-width="0" stroke="black" />
<rect x="216" y="190" width="4" height="4" fill="black" stroke-width="0" stroke="black" />
<rect x="216" y="186" width="4" height="4" fill="black" stroke-width="0" stroke="black" />
<rect x="216" y="182" width="4" height="4" fill="black" stroke-width="0" stroke="black" />
<rect x="216" y="130" width="4" height="4" fill="black" stroke-width="0" stroke="black" />
<rect x="216" y="126" width="4" height="4" fill="black" stroke-width="0" stroke="black" />
<rect x="220" y="194" width="4" height="4" fill="black" stroke-width="0" stroke="black" />
<rect x="220" y="190" width="4" height="4" fill="black" stroke-width="0" stroke="black" />
<rect x="220" y="186" width="4" height="4" fill="black" stroke-width="0" stroke="black" />
<rect x="220" y="182" width="4" height="4" fill="black" stroke-width="0" stroke="black" />
<rect x="220" y="130" width="4" height="4" fill="black" stroke-width="0" stroke="black" />
<rect x="220" y="126" width="4" height="4" fill="black" stroke-width="0" stroke="black" />
<rect x="224" y="194" width="4" height="4" fill="black" stroke-width="0" stroke="black" />
<rect x="224" y="190" width="4" height="4" fill="black" stroke-width="0" stroke="black" />
<rect x="224" y="186" width="4" height="4" fill="black" stroke-width="0" stroke="black" />
<rect x="224" y="130" width="4" height="4" fill="black" stroke-width="0" stroke="black" />
<rect x="224" y="126" width="4" height="4" fill="black" stroke-width="0" stroke="black" />
<rect x="228" y="190" width="4" height="4" fill="black" stroke-width="0" stroke="black" />
<rect x="228" y="186" width="4" height="4" fill="black" stroke-width="0" stroke="black" />
<rect x="228" y="182" width="4" height="4" fill="black" stroke-width="0" stroke="black" />
<rect x="228" y="130" width="4" height="4" fill="black" stroke-width="0" stroke="black" />
<rect x="228" y="126" width="4" height="4" fill="black" stroke-width="0" stroke="black" />
<rect x="232" y="190" width="4" height="4" fill="black" stroke-width="0" stroke="black" />
<rect x="232" y="186" width="4" height="4" fill="black" stroke-width="0" stroke="black" />
<rect x="232" y="182" width="4" height="4" fill="black" stroke-width="0" stroke="black" />
<rect x="232" y="130" width="4" height="4" fill="black" stroke-width="0" stroke="black" />
<rect x="232" y="126" width="4" height="4" fill="black" stroke-width="0" stroke="black" />
<rect x="236" y="190" width="4" height="4" fill="black" stroke-width="0" stroke="black" />
<rect x="236" y="186" width="4" height="4" fill="black" stroke-width="0" stroke="black" />
<rect x="236" y="182" width="4" height="4" fill="black" stroke-width="0" stroke="black" />
<rect x="236" y="130" width="4" height="4" fill="black" stroke-width="0" stroke="black" />
<rect x="236" y="126" width="4" height="4" fill="black" stroke-width="0" stroke="black" />
<rect x="240" y="190" width="4" height="4" fill="black" stroke-width="0" stroke="black" />
<rect x="240" y="186" width="4" height="4" fill="black" stroke-width="0" stroke="black" />
<rect x="240" y="182" width="4" height="4" fill="black" stroke-width="0" stroke="black" />
<rect x="240" y="130" width="4" height="4" fill="black" stroke-width="0" stroke="black" />
<rect x="240" y="126" width="4" height="4" fill="black" stroke-width="0" stroke="black" />
<rect x="244" y="186" width="4" height="4" fill="black" stroke-width="0" stroke="black" />
<rect x="244" y="182" width="4" height="4" fill="black" stroke-width="0" stroke="black" />
<rect x="244" y="178" width="4" height="4" fill="black" stroke-width="0" stroke="black" />
<rect x="244" y="130" width="4" height="4" fill="black" stroke-width="0" stroke="black" />
<rect x="244" y="126" width="4" height="4" fill="black" stroke-width="0" stroke="black" />
<rect x="248" y="186" width="4" height="4" fill="black" stroke-width="0" stroke="black" />
<rect x="248" y="182" width="4" height="4" fill="black" stroke-width="0" stroke="black" />
<rect x="248" y="178" width="4" height="4" fill="black" stroke-width="0" stroke="black" />
<rect x="248" y="126" width="4" height="4" fill="black" stroke-width="0" stroke="black" />
<rect x="252" y="186" width="4" height="4" fill="black" stroke-width="0" stroke="black" />
<rect x="252" y="182" width="4" height="4" fill="black" stroke-width="0" stroke="black" />
<rect x="252" y="178" width="4" height="4" fill="black" stroke-width="0" stroke="black" />
<rect x="252" y="126" width="4" height="4" fill="black" stroke-width="0" stroke="black" />
<rect x="256" y="186" width="4" height="4" fill="black" stroke-width="0" stroke="black" />
<rect x="256" y="182" width="4" height="4" fill="black" stroke-width="0" stroke="black" />
<rect x="256" y="178" width="4" height="4" fill="black" stroke-width="0" stroke="black" />
<rect x="256" y="174" width="4" height="4" fill="black" stroke-width="0" stroke="black" />
<rect x="256" y="126" width="4" height="4" fill="black" stroke-width="0" stroke="black" />
<rect x="260" y="186" width="4" height="4" fill="black" stroke-width="0" stroke="black" />
<rect x="260" y="182" width="4" height="4" fill="black" stroke-width="0" stroke="black" />
<rect x="260" y="178" width="4" height="4" fill="black" stroke-width="0" stroke="black" />
<rect x="260" y="174" width="4" height="4" fill="black" stroke-width="0" stroke="black" />
<rect x="260" y="126" width="4" height="4" fill="black" stroke-width="0" stroke="black" />
<rect x="264" y="186" width="4" height="4" fill="black" stroke-width="0" stroke="black" />
<rect x="264" y="182" width="4" height="4" fill="black" stroke-width="0" stroke="black" />
<rect x="264" y="178" width="4" height="4" fill="black" stroke-width="0" stroke="black" />
<rect x="264" y="174" width="4" height="4" fill="black" stroke-width="0" stroke="black" />
<rect x="264" y="126" width="4" height="4" fill="black" stroke-width="0" stroke="black" />
<rect x="268" y="178" width="4" height="4" fill="black" stroke-width="0" stroke="black" />
<rect x="268" y="174" width="4" height="4" fill="black" stroke-width="0" stroke="black" />
<rect x="268" y="130" width="4" height="4" fill="black" stroke-width="0" stroke="black" />
<rect x="268" y="126" width="4" height="4" fill="black" stroke-width="0" stroke="black" />
<rect x="272" y="178" width="4" height="4" fill="black" stroke-width="0" stroke="black" />
<rect x="272" y="174" width="4" height="4" fill="black" stroke-width="0" stroke="black" />
<rect x="272" y="170" width="4" height="4" fill="black" stroke-width="0" stroke="black" />
<rect x="272" y="130" width="4" height="4" fill="black" stroke-width="0" stroke="black" />
<rect x="272" y="126" width="4" height="4" fill="black" stroke-width="0" stroke="black" />
<rect x="276" y="178" width="4" height="4" fill="black" stroke-width="0" stroke="black" />
<rect x="276" y="174" width="4" height="4" fill="black" stroke-width="0" stroke="black" />
<rect x="276" y="170" width="4" height="4" fill="black" stroke-width="0" stroke="black" />
<rect x="276" y="130" width="4" height="4" fill="black" stroke-width="0" stroke="black" />
<rect x="276" y="126" width="4" height="4" fill="black" stroke-width="0" stroke="black" />
<rect x="280" y="178" width="4" height="4" fill="black" stroke-width="0" stroke="black" />
<rect x="280" y="174" width="4" height="4" fill="black" stroke-width="0" stroke="black" />
<rect x="280" y="170" width="4" height="4" fill="black" stroke-width="0" stroke="black" />
<rect x="280" y="130" width="4" height="4" fill="black" stroke-width="0" stroke="black" />
<rect x="280" y="126" width="4" height="4" fill="black" stroke-width="0" stroke="black" />
<rect x="284" y="178" width="4" height="4" fill="black" stroke-width="0" stroke="black" />
<rect x="284" y="174" width="4" height="4" fill="black" stroke-width="0" stroke="black" />
<rect x="284" y="170" width="4" height="4" fill="black" stroke-width="0" stroke="black" />
<rect x="284" y="130" width="4" height="4" fill="black" stroke-width="0" stroke="black" />
<rect x="284" y="126" width="4" height="4" fill="black" stroke-width="0" stroke="black" />
<rect x="288" y="178" width="4" height="4" fill="black" stroke-width="0" stroke="black" />
<rect x="288" y="174" width="4" height="4" fill="black" stroke-width="0" stroke="black" />
<rect x="288" y="170" width="4" height="4" fill="black" stroke-width="0" stroke="black" />
<rect x="288" y="166" width="4" height="4" fill="black" stroke-width="0" stroke="black" />
<rect x="288" y="130" width="4" height="4" fill="black" stroke-width="0" stroke="black" />
<rect x="288" y="126" width="4" height="4" fill="black" stroke-width="0" stroke="black" />
<rect x="292" y="174" width="4" height="4" fill="black" stroke-width="0" stroke="black" />
<rect x="292" y="170" width="4" height="4" fill="black" stroke-width="0" stroke="black" />
<rect x="292" y="166" width="4" height="4" fill="black" stroke-width="0" stroke="black" />
<rect x="292" y="130" width="4" height="4" fill="black" stroke-width="0" stroke="black" />
<rect x="292" y="126" width="4" height="4" fill="black" stroke-width="0" stroke="black" />
<rect x="296" y="174" width="4" height="4" fill="black" stroke-width="0" stroke="black" />
<rect x="296" y="170" width="4" height="4" fill="black" stroke-width="0" stroke="black" />
<rect x="296" y="166" width="4" height="4" fill="black" stroke-width="0" stroke="black" />
<rect x="296" y="130" width="4" height="4" fill="black" stroke-width="0" stroke="black" />
<rect x="296" y="126" width="4" height="4" fill="black" stroke-width="0" stroke="black" />
<rect x="300" y="170" width="4" height="4" fill="black" stroke-width="0" stroke="black" />
<rect x="300" y="166" width="4" height="4" fill="black" stroke-width="0" stroke="black" />
<rect x="300" y="162" width="4" height="4" fill="black" stroke-width="0" stroke="black" />
<rect x="300" y="130" width="4" height="4" fill="black" stroke-width="0" stroke="black" />
<rect x="304" y="170" width="4" height="4" fill="black" stroke-width="0" stroke="black" />
<rect x="304" y="166" width="4" height="4" fill="black" stroke-width="0" stroke="black" />
<rect x="304" y="130" width="4" height="4" fill="black" stroke-width="0" stroke="black" />
<rect x="308" y="170" width="4" height="4" fill="black" stroke-width="0" stroke="black" />
<rect x="308" y="166" width="4" height="4" fill="black" stroke-width="0" stroke="black" />
<rect x="308" y="134" width="4" height="4" fill="black" stroke-width="0" stroke="black" />
<rect x="308" y="130" width="4" height="4" fill="black" stroke-width="0" stroke="black" />
<rect x="312" y="170" width="4" height="4" fill="black" stroke-width="0" stroke="black" />
<rect x="312" y="166" width="4" height="4" fill="black" stroke-width="0" stroke="black" />
<rect x="312" y="162" width="4" height="4" fill="black" stroke-width="0" stroke="black" />
<rect x="312" y="138" width="4" height="4" fill="black" stroke-width="0" stroke="black" />
<rect x="312" y="134" width="4" height="4" fill="black" stroke-width="0" stroke="black" />
<rect x="312" y="130" width="4" height="4" fill="black" stroke-width="0" stroke="black" />
<rect x="316" y="170" width="4" height="4" fill="black" stroke-width="0" stroke="black" />
<rect x="316" y="166" width="4" height="4" fill="black" stroke-width="0" stroke="black" />
<rect x="316" y="162" width="4" height="4" fill="black" stroke-width="0" stroke="black" />
<rect x="316" y="138" width="4" height="4" fill="black" stroke-width="0" stroke="black" />
<rect x="316" y="134" width="4" height="4" fill="black" stroke-width="0" stroke="black" />
<rect x="320" y="166" width="4" height="4" fill="black" stroke-width="0" stroke="black" />
<rect x="320" y="162" width="4" height="4" fill="black" stroke-width="0" stroke="black" />
<rect x="320" y="142" width="4" height="4" fill="black" stroke-width="0" stroke="black" />
<rect x="320" y="138" width="4" height="4" fill="black" stroke-width="0" stroke="black" />
<rect x="324" y="166" width="4" height="4" fill="black" stroke-width="0" stroke="black" />
<rect x="324" y="162" width="4" height="4" fill="black" stroke-width="0" stroke="black" />
<rect x="324" y="142" width="4" height="4" fill="black" stroke-width="0" stroke="black" />
<rect x="324" y="138" width="4" height="4" fill="black" stroke-width="0" stroke="black" />
<rect x="328" y="166" width="4" height="4" fill="black" stroke-width="0" stroke="black" />
<rect x="328" y="162" width="4" height="4" fill="black" stroke-width="0" stroke="black" />
<rect x="328" y="158" width="4" height="4" fill="black" stroke-width="0" stroke="black" />
<rect x="328" y="146" width="4" height="4" fill="black" stroke-width="0" stroke="black" />
<rect x="328" y="142" width="4" height="4" fill="black" stroke-width="0" stroke="black" />
<rect x="332" y="166" width="4" height="4" fill="black" stroke-width="0" stroke="black" />
<rect x="332" y="162" width="4" height="4" fill="black" stroke-width="0" stroke="black" />
<rect x="332" y="158" width="4" height="4" fill="black" stroke-width="0" stroke="black" />
<rect x="332" y="150" width="4" height="4" fill="black" stroke-width="0" stroke="black" />
<rect x="332" y="146" width="4" height="4" fill="black" stroke-width="0" stroke="black" />
<rect x="332" y="142" width="4" height="4" fill="black" stroke-width="0" stroke="black" />
<rect x="336" y="162" width="4" height="4" fill="black" stroke-width="0" stroke="black" />
<rect x="336" y="158" width="4" height="4" fill="black" stroke-width="0" stroke="black" />
<rect x="336" y="150" width="4" height="4" fill="black" stroke-width="0" stroke="black" />
<rect x="336" y="146" width="4" height="4" fill="black" stroke-width="0" stroke="black" />
<rect x="340" y="162" width="4" height="4" fill="black" stroke-width="0" stroke="black" />
<rect x="340" y="158" width="4" height="4" fill="black" stroke-width="0" stroke="black" />
<rect x="340" y="154" width="4" height="4" fill="black" stroke-width="0" stroke="black" />
<rect x="340" y="150" width="4" height="4" fill="black" stroke-width="0" stroke="black" />
<rect x="340" y="146" width="4" height="4" fill="black" stroke-width="0" stroke="black" />
<rect x="344" y="162" width="4" height="4" fill="black" stroke-width="0" stroke="black" />
<rect x="344" y="158" width="4" height="4" fill="black" stroke-width="0" stroke="black" />
<rect x="344" y="154" width="4" height="4" fill="black" stroke-width="0" stroke="black" />
<rect x="344" y="150" width="4" height="4" fill="black" stroke-width="0" stroke="black" />
<rect x="348" y="162" width="4" height="4" fill="black" stroke-width="0" stroke="black" />
<rect x="348" y="158" width="4" height="4" fill="black" stroke-width="0" stroke="black" />
<rect x="348" y="154" width="4" height="4" fill="black" stroke-width="0" stroke="black" />
<rect x="348" y="150" width="4" height="4" fill="black" stroke-width="0" stroke="black" />
<rect x="352" y="158" width="4" height="4" fill="black" stroke-width="0" stroke="black" />
<rect x="352" y="154" width="4" height="4" fill="black" stroke-width="0" stroke="black" />
<text x="170" y="248" fill="black" font-size="9px">4.33m</text>
<text x="0" y="0" fill="black" font-size="9px" transform="translate(386,106) rotate(90)">2.32m</text>
<line x1="8" y1="234" x2="358" y2="234" fill="none" stroke="black" stroke-width="1" />
<line x1="8" y1="231" x2="8" y2="237" fill="none" stroke="black" stroke-width="1" />
<line x1="358" y1="231" x2="358" y2="237" fill="none" stroke="black" stroke-width="1" />
<line x1="378" y1="214" x2="378" y2="24" fill="none" stroke="black" stroke-width="1" />
<line x1="375" y1="214" x2="381" y2="214" fill="none" stroke="black" stroke-width="1" />
<line x1="375" y1="24" x2="381" y2="24" fill="none" stroke="black" stroke-width="1" />
</svg>
