<?xml version="1.0" encoding="UTF-8"?>
<!DOCTYPE svg PUBLIC "-//W3C//DTD SVG 1.1//EN"
          "http://www.w3.org/Graphics/SVG/1.1/DTD/svg11.dtd">
<svg xmlns="http://www.w3.org/2000/svg" version="1.1"
     width="205" height="125">
<rect x="0" y="0" width="205" height="125" fill="white" stroke="white" stroke-width="0"/>
<text x="10" y="27" fill="black">Cross-section C</text>
<rect x="10" y="105" width="5" height="5" fill="black" stroke-width="0" stroke="black" />
<rect x="10" y="100" width="5" height="5" fill="black" stroke-width="0" stroke="black" />
<rect x="10" y="95" width="5" height="5" fill="black" stroke-width="0" stroke="black" />
<rect x="10" y="90" width="5" height="5" fill="black" stroke-width="0" stroke="black" />
<rect x="15" y="95" width="5" height="5" fill="black" stroke-width="0" stroke="black" />
<rect x="15" y="90" width="5" height="5" fill="black" stroke-width="0" stroke="black" />
<rect x="15" y="85" width="5" height="5" fill="black" stroke-width="0" stroke="black" />
<rect x="20" y="90" width="5" height="5" fill="black" stroke-width="0" stroke="black" />
<rect x="20" y="85" width="5" height="5" fill="black" stroke-width="0" stroke="black" />
<rect x="20" y="80" width="5" height="5" fill="black" stroke-width="0" stroke="black" />
<rect x="25" y="105" width="5" height="5" fill="black" stroke-width="0" stroke="black" />
<rect x="25" y="75" width="5" height="5" fill="black" stroke-width="0" stroke="black" />
<rect x="25" y="70" width="5" height="5" fill="black" stroke-width="0" stroke="black" />
<rect x="30" y="105" width="5" height="5" fill="black" stroke-width="0" stroke="black" />
<rect x="30" y="75" width="5" height="5" fill="black" stroke-width="0" stroke="black" />
<rect x="30" y="70" width="5" height="5" fill="black" stroke-width="0" stroke="black" />
<rect x="35" y="105" width="5" height="5" fill="black" stroke-width="0" stroke="black" />
<rect x="40" y="105" width="5" height="5" fill="black" stroke-width="0" stroke="black" />
<rect x="40" y="70" width="5" height="5" fill="black" stroke-width="0" stroke="black" />
<rect x="40" y="65" width="5" height="5" fill="black" stroke-width="0" stroke="black" />
<rect x="45" y="110" width="5" height="5" fill="black" stroke-width="0" stroke="black" />
<rect x="45" y="105" width="5" height="5" fill="black" stroke-width="0" stroke="black" />
<rect x="50" y="110" width="5" height="5" fill="black" stroke-width="0" stroke="black" />
<rect x="50" y="105" width="5" height="5" fill="black" stroke-width="0" stroke="black" />
<rect x="55" y="110" width="5" height="5" fill="black" stroke-width="0" stroke="black" />
<rect x="55" y="60" width="5" height="5" fill="black" stroke-width="0" stroke="black" />
<rect x="55" y="55" width="5" height="5" fill="black" stroke-width="0" stroke="black" />
<rect x="60" y="110" width="5" height="5" fill="black" stroke-width="0" stroke="black" />
<rect x="60" y="60" width="5" height="5" fill="black" stroke-width="0" stroke="black" />
<rect x="60" y="55" width="5" height="5" fill="black" stroke-width="0" stroke="black" />
<rect x="65" y="110" width="5" height="5" fill="black" stroke-width="0" stroke="black" />
<rect x="65" y="60" width="5" height="5" fill="black" stroke-width="0" stroke="black" />
<rect x="65" y="55" width="5" height="5" fill="black" stroke-width="0" stroke="black" />
<rect x="70" y="110" width="5" height="5" fill="black" stroke-width="0" stroke="black" />
<rect x="70" y="55" width="5" height="5" fill="black" stroke-width="0" stroke="black" />
<rect x="70" y="50" width="5" height="5" fill="black" stroke-width="0" stroke="black" />
<rect x="75" y="110" width="5" height="5" fill="black" stroke-width="0" stroke="black" />
<rect x="75" y="55" width="5" height="5" fill="black" stroke-width="0" stroke="black" />
<rect x="75" y="50" width="5" height="5" fill="black" stroke-width="0" stroke="black" />
<rect x="80" y="110" width="5" height="5" fill="black" stroke-width="0" stroke="black" />
<rect x="85" y="110" width="5" height="5" fill="black" stroke-width="0" stroke="black" />
<rect x="90" y="110" width="5" height="5" fill="black" stroke-width="0" stroke="black" />
<rect x="90" y="45" width="5" height="5" fill="black" stroke-width="0" stroke="black" />
<rect x="90" y="40" width="5" height="5" fill="black" stroke-width="0" stroke="black" />
<rect x="95" y="110" width="5" height="5" fill="black" stroke-width="0" stroke="black" />
<rect x="95" y="45" width="5" height="5" fill="black" stroke-width="0" stroke="black" />
<rect x="95" y="40" width="5" height="5" fill="black" stroke-width="0" stroke="black" />
<rect x="100" y="110" width="5" height="5" fill="black" stroke-width="0" stroke="black" />
<rect x="100" y="105" width="5" height="5" fill="black" stroke-width="0" stroke="black" />
<rect x="100" y="40" width="5" height="5" fill="black" stroke-width="0" stroke="black" />
<rect x="105" y="110" width="5" height="5" fill="black" stroke-width="0" stroke="black" />
<rect x="105" y="105" width="5" height="5" fill="black" stroke-width="0" stroke="black" />
<rect x="110" y="110" width="5" height="5" fill="black" stroke-width="0" stroke="black" />
<rect x="110" y="105" width="5" height="5" fill="black" stroke-width="0" stroke="black" />
<rect x="115" y="110" width="5" height="5" fill="black" stroke-width="0" stroke="black" />
<rect x="115" y="105" width="5" height="5" fill="black" stroke-width="0" stroke="black" />
<rect x="115" y="40" width="5" height="5" fill="black" stroke-width="0" stroke="black" />
<rect x="120" y="45" width="5" height="5" fill="black" stroke-width="0" stroke="black" />
<rect x="120" y="40" width="5" height="5" fill="black" stroke-width="0" stroke="black" />
<rect x="125" y="45" width="5" height="5" fill="black" stroke-width="0" stroke="black" />
<rect x="125" y="40" width="5" height="5" fill="black" stroke-width="0" stroke="black" />
<rect x="130" y="100" width="5" height="5" fill="black" stroke-width="0" stroke="black" />
<rect x="130" y="45" width="5" height="5" fill="black" stroke-width="0" stroke="black" />
<rect x="130" y="40" width="5" height="5" fill="black" stroke-width="0" stroke="black" />
<rect x="135" y="100" width="5" height="5" fill="black" stroke-width="0" stroke="black" />
<rect x="135" y="95" width="5" height="5" fill="black" stroke-width="0" stroke="black" />
<rect x="135" y="90" width="5" height="5" fill="black" stroke-width="0" stroke="black" />
<rect x="135" y="45" width="5" height="5" fill="black" stroke-width="0" stroke="black" />
<rect x="135" y="40" width="5" height="5" fill="black" stroke-width="0" stroke="black" />
<rect x="140" y="100" width="5" height="5" fill="black" stroke-width="0" stroke="black" />
<rect x="140" y="95" width="5" height="5" fill="black" stroke-width="0" stroke="black" />
<rect x="140" y="90" width="5" height="5" fill="black" stroke-width="0" stroke="black" />
<rect x="140" y="85" width="5" height="5" fill="black" stroke-width="0" stroke="black" />
<rect x="140" y="45" width="5" height="5" fill="black" stroke-width="0" stroke="black" />
<rect x="140" y="40" width="5" height="5" fill="black" stroke-width="0" stroke="black" />
<rect x="140" y="35" width="5" height="5" fill="black" stroke-width="0" stroke="black" />
<rect x="140" y="30" width="5" height="5" fill="black" stroke-width="0" stroke="black" />
<rect x="145" y="45" width="5" height="5" fill="black" stroke-width="0" stroke="black" />
<rect x="145" y="40" width="5" height="5" fill="black" stroke-width="0" stroke="black" />
<rect x="145" y="35" width="5" height="5" fill="black" stroke-width="0" stroke="black" />
<rect x="150" y="45" width="5" height="5" fill="black" stroke-width="0" stroke="black" />
<rect x="150" y="40" width="5" height="5" fill="black" stroke-width="0" stroke="black" />
<rect x="150" y="35" width="5" height="5" fill="black" stroke-width="0" stroke="black" />
<rect x="155" y="75" width="5" height="5" fill="black" stroke-width="0" stroke="black" />
<rect x="155" y="70" width="5" height="5" fill="black" stroke-width="0" stroke="black" />
<rect x="155" y="55" width="5" height="5" fill="black" stroke-width="0" stroke="black" />
<rect x="155" y="50" width="5" height="5" fill="black" stroke-width="0" stroke="black" />
<rect x="155" y="45" width="5" height="5" fill="black" stroke-width="0" stroke="black" />
<rect x="155" y="40" width="5" height="5" fill="black" stroke-width="0" stroke="black" />
<rect x="155" y="35" width="5" height="5" fill="black" stroke-width="0" stroke="black" />
<rect x="160" y="75" width="5" height="5" fill="black" stroke-width="0" stroke="black" />
<rect x="160" y="70" width="5" height="5" fill="black" stroke-width="0" stroke="black" />
<rect x="160" y="65" width="5" height="5" fill="black" stroke-width="0" stroke="black" />
<rect x="160" y="60" width="5" height="5" fill="black" stroke-width="0" stroke="black" />
<rect x="160" y="55" width="5" height="5" fill="black" stroke-width="0" stroke="black" />
<rect x="160" y="50" width="5" height="5" fill="black" stroke-width="0" stroke="black" />
<rect x="160" y="45" width="5" height="5" fill="black" stroke-width="0" stroke="black" />
<rect x="160" y="40" width="5" height="5" fill="black" stroke-width="0" stroke="black" />
<rect x="160" y="35" width="5" height="5" fill="black" stroke-width="0" stroke="black" />
<rect x="165" y="75" width="5" height="5" fill="black" stroke-width="0" stroke="black" />
<rect x="165" y="70" width="5" height="5" fill="black" stroke-width="0" stroke="black" />
<rect x="165" y="65" width="5" height="5" fill="black" stroke-width="0" stroke="black" />
<rect x="165" y="60" width="5" height="5" fill="black" stroke-width="0" stroke="black" />
<rect x="165" y="55" width="5" height="5" fill="black" stroke-width="0" stroke="black" />
<rect x="165" y="50" width="5" height="5" fill="black" stroke-width="0" stroke="black" />
<rect x="165" y="45" width="5" height="5" fill="black" stroke-width="0" stroke="black" />
<rect x="165" y="40" width="5" height="5" fill="black" stroke-width="0" stroke="black" />
<rect x="165" y="35" width="5" height="5" fill="black" stroke-width="0" stroke="black" />
<rect x="170" y="55" width="5" height="5" fill="black" stroke-width="0" stroke="black" />
<rect x="170" y="50" width="5" height="5" fill="black" stroke-width="0" stroke="black" />
<rect x="170" y="45" width="5" height="5" fill="black" stroke-width="0" stroke="black" />
<rect x="175" y="55" width="5" height="5" fill="black" stroke-width="0" stroke="black" />
<rect x="175" y="50" width="5" height="5" fill="black" stroke-width="0" stroke="black" />
<rect x="175" y="45" width="5" height="5" fill="black" stroke-width="0" stroke="black" />
<rect x="180" y="50" width="5" height="5" fill="black" stroke-width="0" stroke="black" />
<rect x="180" y="45" width="5" height="5" fill="black" stroke-width="0" stroke="black" />
<rect x="180" y="40" width="5" height="5" fill="black" stroke-width="0" stroke="black" />
<rect x="185" y="50" width="5" height="5" fill="black" stroke-width="0" stroke="black" />
<rect x="185" y="45" width="5" height="5" fill="black" stroke-width="0" stroke="black" />
<rect x="185" y="40" width="5" height="5" fill="black" stroke-width="0" stroke="black" />
</svg>
