<?xml version="1.0" encoding="UTF-8"?>
<!DOCTYPE svg PUBLIC "-//W3C//DTD SVG 1.1//EN" "http://www.w3.org/Graphics/SVG/1.1/DTD/svg11.dtd">
<svg xmlns="http://www.w3.org/2000/svg" version="1.1" width="1175" height="370">
<rect x="0" y="0" width="1175" height="370" fill="white" stroke="white" stroke-width="0"/>
<polyline points="60,25 63,23 65,20 " fill="none" stroke="black" stroke-width="1" />
<polyline points="15,165 15,160 15,155 15,150 14,146 13,145 10,143 8,141 6,138 5,135 5,130 5,125 5,120 6,116 9,114 13,113 14,109 15,105 15,100 16,96 20,95 25,95 28,93 31,91 33,88 35,85 34,81 33,80 31,78 30,75 29,71 28,70 25,68 23,66 21,63 20,60 21,56 23,53 25,50 28,48 29,44 31,41 34,39 38,38 40,35 43,33 45,30 48,28 51,26 55,25 58,23 61,21 65,20 " fill="none" stroke="black" stroke-width="1" />
<polyline points="65,25 70,25 75,25 80,25 83,23 86,21 90,20 95,20 100,20 105,20 110,20 115,20 120,20 125,20 129,19 133,18 136,16 140,15 144,14 148,13 151,11 155,10 158,8 161,6 165,5 170,5 174,5 178,6 181,8 185,10 188,11 191,13 194,15 196,18 199,20 201,23 204,25 206,28 209,30 211,33 214,34 218,36 220,39 223,41 225,44 228,46 231,48 235,50 240,50 245,50 248,48 251,46 254,44 256,41 259,39 263,38 266,36 270,35 " fill="none" stroke="black" stroke-width="1" />
<polyline points="15,155 20,155 25,155 " fill="none" stroke="black" stroke-width="1" />
<line x1="25" y1="155" x2="35" y2="155" fill="none" stroke="black" stroke-width="1" />
<line x1="30" y1="155" x2="30" y2="149" fill="none" stroke="black" stroke-width="1" />
<line x1="100" y1="260" x2="97" y2="250" fill="none" stroke="black" stroke-width="1" />
<line x1="98" y1="255" x2="103" y2="254" fill="none" stroke="black" stroke-width="1" />
<line x1="94" y1="244" x2="91" y2="240" fill="none" stroke="black" stroke-width="1" />
<line x1="92" y1="242" x2="97" y2="239" fill="none" stroke="black" stroke-width="1" />
<line x1="86" y1="236" x2="81" y2="233" fill="none" stroke="black" stroke-width="1" />
<line x1="83" y1="234" x2="85" y2="230" fill="none" stroke="black" stroke-width="1" />
<line x1="75" y1="230" x2="70" y2="226" fill="none" stroke="black" stroke-width="1" />
<line x1="72" y1="228" x2="75" y2="225" fill="none" stroke="black" stroke-width="1" />
<line x1="67" y1="220" x2="64" y2="214" fill="none" stroke="black" stroke-width="1" />
<line x1="65" y1="217" x2="71" y2="214" fill="none" stroke="black" stroke-width="1" />
<line x1="61" y1="210" x2="57" y2="206" fill="none" stroke="black" stroke-width="1" />
<line x1="59" y1="208" x2="62" y2="205" fill="none" stroke="black" stroke-width="1" />
<line x1="53" y1="201" x2="50" y2="196" fill="none" stroke="black" stroke-width="1" />
<line x1="51" y1="198" x2="56" y2="195" fill="none" stroke="black" stroke-width="1" />
<line x1="47" y1="190" x2="44" y2="184" fill="none" stroke="black" stroke-width="1" />
<line x1="45" y1="187" x2="51" y2="184" fill="none" stroke="black" stroke-width="1" />
<line x1="41" y1="179" x2="40" y2="171" fill="none" stroke="black" stroke-width="1" />
<line x1="40" y1="175" x2="46" y2="175" fill="none" stroke="black" stroke-width="1" />
<line x1="40" y1="163" x2="40" y2="155" fill="none" stroke="black" stroke-width="1" />
<line x1="40" y1="159" x2="47" y2="159" fill="none" stroke="black" stroke-width="1" />
<polyline points="265,40 268,38 270,35 " fill="none" stroke="black" stroke-width="1" />
<polyline points="270,40 275,40 280,40 285,40 290,40 295,40 299,39 303,38 306,36 310,35 313,33 316,31 319,29 321,26 324,24 326,21 329,19 331,16 335,15 " fill="none" stroke="black" stroke-width="1" />
<polyline points="330,20 333,18 335,15 " fill="none" stroke="black" stroke-width="1" />
<polyline points="335,20 340,20 345,20 350,20 355,20 360,20 364,19 368,18 371,16 375,15 " fill="none" stroke="black" stroke-width="1" />
<polyline points="80,300 83,298 84,294 85,290 85,285 86,281 88,278 90,275 90,270 90,265 91,261 95,260 100,260 " fill="none" stroke="black" stroke-width="1" />
<polyline points="75,290 78,285 81,281 85,280 " fill="none" stroke="black" stroke-width="1" />
<line x1="80" y1="285" x2="85" y2="285" fill="none" stroke="black" stroke-width="1" />
<polyline points="70,295 73,296 75,298 78,298 81,296 85,295 " fill="none" stroke="black" stroke-width="1" />
<polyline points="70,300 73,301 73,303 73,305 71,303 70,300 70,295 71,291 74,291 76,293 80,295 " fill="none" stroke="black" stroke-width="1" />
<polyline points="65,305 68,306 70,310 " fill="none" stroke="black" stroke-width="1" />
<polyline points="85,300 90,300 95,300 100,300 103,301 106,303 109,303 111,301 115,300 120,300 125,300 130,300 133,301 136,303 139,305 141,308 144,310 146,313 149,315 151,318 155,320 " fill="none" stroke="black" stroke-width="1" />
<polyline points="370,20 373,18 375,15 " fill="none" stroke="black" stroke-width="1" />
<polyline points="375,20 380,20 384,20 388,21 391,23 395,25 400,25 405,25 409,25 413,26 416,28 420,30 423,31 426,33 429,34 433,36 436,38 440,40 443,38 446,36 449,34 453,33 456,31 460,30 464,29 468,28 469,24 470,20 471,16 473,13 476,11 480,10 485,10 490,10 493,11 496,13 500,14 505,15 508,16 511,18 515,19 520,20 525,20 530,20 535,20 540,20 545,20 550,20 554,20 558,21 561,23 565,25 570,25 575,25 580,25 585,25 590,25 595,25 600,25 605,25 610,25 615,25 620,25 625,25 628,26 631,28 635,29 640,30 644,30 648,31 651,33 655,35 660,35 665,35 668,36 671,38 674,39 678,41 680,44 683,46 685,49 688,51 691,53 695,55 698,56 701,58 704,59 708,61 711,63 715,65 718,66 721,68 724,69 728,71 731,73 735,75 738,76 741,78 745,79 750,80 755,80 760,80 763,81 766,83 770,84 775,85 780,85 785,85 790,85 795,85 799,85 803,86 806,88 810,90 815,90 820,90 825,90 830,90 834,89 838,88 841,86 845,85 850,85 855,85 860,85 865,85 868,86 871,88 874,90 876,93 880,94 885,95 889,95 893,96 896,98 900,100 904,100 908,101 911,103 915,105 920,105 " fill="none" stroke="black" stroke-width="1" />
<line x1="105" y1="300" x2="110" y2="300" fill="none" stroke="black" stroke-width="1" />
<polyline points="975,285 978,286 978,288 978,290 975,288 973,286 969,285 965,285 960,285 955,285 950,285 945,285 940,285 936,286 934,289 931,291 928,293 925,295 921,296 918,298 915,300 913,303 910,305 908,308 904,309 900,310 896,311 893,313 889,314 885,315 880,315 875,315 870,315 865,315 860,315 855,315 850,315 845,315 840,315 835,315 830,315 825,315 820,315 815,315 810,315 805,315 800,315 795,315 791,313 788,311 785,309 783,306 779,304 776,303 773,301 770,300 765,300 760,300 755,300 750,300 745,300 740,300 735,299 731,298 728,296 725,295 720,295 715,295 710,295 705,295 700,295 695,295 690,295 685,295 681,293 678,291 674,289 671,288 668,286 665,285 660,285 655,285 650,285 645,285 640,285 635,285 630,285 625,285 620,285 615,285 610,285 605,285 600,285 595,285 590,285 586,286 584,289 581,291 578,293 575,295 570,295 565,295 561,293 558,291 554,290 550,290 545,290 541,291 538,293 535,295 530,295 526,296 523,298 520,300 515,300 510,300 505,300 501,301 498,303 495,305 491,306 488,308 485,310 483,313 479,314 475,315 470,315 465,315 460,315 456,316 454,319 451,321 448,323 445,325 440,325 435,325 430,325 425,325 420,324 416,323 413,321 410,320 405,320 401,321 398,323 395,325 390,325 385,325 381,326 378,328 374,329 370,330 365,330 360,330 355,330 350,330 345,330 341,331 339,334 336,336 333,338 330,340 325,340 320,340 315,340 310,340 305,340 300,340 295,340 290,340 286,338 283,336 279,335 275,335 270,335 265,335 260,335 255,335 251,336 250,340 250,345 250,350 248,353 245,355 240,355 236,356 233,358 230,360 225,360 220,360 215,360 210,360 205,360 200,360 195,360 190,360 185,360 180,360 175,360 170,360 166,358 163,356 159,354 156,353 154,350 151,348 150,344 150,340 151,336 153,333 154,329 155,325 155,320 " fill="none" stroke="black" stroke-width="1" />
<line x1="250" y1="355" x2="255" y2="355" fill="none" stroke="black" stroke-width="1" />
<polyline points="980,285 985,285 989,285 993,286 996,288 1000,290 1005,290 1010,290 1013,288 1016,286 1019,284 1021,281 1025,280 1030,280 1035,280 1040,280 1045,280 1050,280 1055,280 1060,280 1063,278 1066,276 1069,274 1071,271 1075,270 1080,270 1085,270 1090,270 1095,270 1100,270 1105,270 1110,270 1115,270 1120,270 1125,270 1130,270 1133,268 1136,266 1139,264 1143,263 1146,261 1150,260 1154,259 1158,258 1159,254 1160,250 1161,246 1163,243 1164,239 1165,235 1164,231 1163,230 1161,228 1160,225 1160,220 1160,216 1158,214 1156,213 1154,210 1151,208 1150,204 1150,201 1148,199 1146,198 1145,194 1145,191 1143,189 1141,188 1139,185 1136,183 1133,181 1130,180 1126,178 1123,176 1119,174 1116,173 1113,171 1110,170 1105,170 1100,170 1095,170 1090,170 1086,168 1083,166 1079,164 1076,163 1073,161 1070,160 1065,160 1060,160 1056,158 1053,156 1049,154 1046,153 1045,149 1046,146 1049,144 1051,141 1053,138 1055,135 1054,131 1053,130 1050,128 1048,126 1046,123 1045,120 1044,116 1043,115 1039,115 1035,115 1030,115 1025,115 1020,115 1015,115 1010,115 1005,115 1000,114 996,113 993,111 990,110 985,110 980,110 975,110 970,110 965,110 960,110 955,110 950,110 945,110 940,110 935,110 931,111 928,113 925,115 921,113 920,110 920,105 " fill="none" stroke="black" stroke-width="1" />
<line x1="1055" y1="135" x2="1060" y2="135" fill="none" stroke="black" stroke-width="1" />
<polyline points="1055,140 1058,138 1061,136 1065,135 " fill="none" stroke="black" stroke-width="1" />
</svg>
