<?xml version="1.0" encoding="UTF-8"?>
<!DOCTYPE svg PUBLIC "-//W3C//DTD SVG 1.1//EN" "http://www.w3.org/Graphics/SVG/1.1/DTD/svg11.dtd">
<svg xmlns="http://www.w3.org/2000/svg" version="1.1" width="104" height="76">
<rect x="0" y="0" width="104" height="76" fill="white" stroke="white" stroke-width="0"/>
<text x="4" y="17" fill="black">Cross-section C</text>
<rect x="4" y="50" width="2" height="2" fill="black" stroke-width="0" stroke="black" />
<rect x="4" y="48" width="2" height="2" fill="black" stroke-width="0" stroke="black" />
<rect x="4" y="46" width="2" height="2" fill="black" stroke-width="0" stroke="black" />
<rect x="4" y="44" width="2" height="2" fill="black" stroke-width="0" stroke="black" />
<rect x="4" y="42" width="2" height="2" fill="black" stroke-width="0" stroke="black" />
<rect x="6" y="50" width="2" height="2" fill="black" stroke-width="0" stroke="black" />
<rect x="6" y="48" width="2" height="2" fill="black" stroke-width="0" stroke="black" />
<rect x="6" y="46" width="2" height="2" fill="black" stroke-width="0" stroke="black" />
<rect x="6" y="44" width="2" height="2" fill="black" stroke-width="0" stroke="black" />
<rect x="6" y="42" width="2" height="2" fill="black" stroke-width="0" stroke="black" />
<rect x="6" y="40" width="2" height="2" fill="black" stroke-width="0" stroke="black" />
<rect x="8" y="50" width="2" height="2" fill="black" stroke-width="0" stroke="black" />
<rect x="8" y="48" width="2" height="2" fill="black" stroke-width="0" stroke="black" />
<rect x="8" y="44" width="2" height="2" fill="black" stroke-width="0" stroke="black" />
<rect x="8" y="42" width="2" height="2" fill="black" stroke-width="0" stroke="black" />
<rect x="8" y="40" width="2" height="2" fill="black" stroke-width="0" stroke="black" />
<rect x="10" y="50" width="2" height="2" fill="black" stroke-width="0" stroke="black" />
<rect x="10" y="48" width="2" height="2" fill="black" stroke-width="0" stroke="black" />
<rect x="10" y="40" width="2" height="2" fill="black" stroke-width="0" stroke="black" />
<rect x="10" y="38" width="2" height="2" fill="black" stroke-width="0" stroke="black" />
<rect x="10" y="36" width="2" height="2" fill="black" stroke-width="0" stroke="black" />
<rect x="12" y="50" width="2" height="2" fill="black" stroke-width="0" stroke="black" />
<rect x="12" y="48" width="2" height="2" fill="black" stroke-width="0" stroke="black" />
<rect x="12" y="38" width="2" height="2" fill="black" stroke-width="0" stroke="black" />
<rect x="12" y="36" width="2" height="2" fill="black" stroke-width="0" stroke="black" />
<rect x="14" y="50" width="2" height="2" fill="black" stroke-width="0" stroke="black" />
<rect x="14" y="48" width="2" height="2" fill="black" stroke-width="0" stroke="black" />
<rect x="14" y="36" width="2" height="2" fill="black" stroke-width="0" stroke="black" />
<rect x="14" y="34" width="2" height="2" fill="black" stroke-width="0" stroke="black" />
<rect x="16" y="52" width="2" height="2" fill="black" stroke-width="0" stroke="black" />
<rect x="16" y="50" width="2" height="2" fill="black" stroke-width="0" stroke="black" />
<rect x="16" y="36" width="2" height="2" fill="black" stroke-width="0" stroke="black" />
<rect x="16" y="34" width="2" height="2" fill="black" stroke-width="0" stroke="black" />
<rect x="16" y="32" width="2" height="2" fill="black" stroke-width="0" stroke="black" />
<rect x="18" y="52" width="2" height="2" fill="black" stroke-width="0" stroke="black" />
<rect x="18" y="50" width="2" height="2" fill="black" stroke-width="0" stroke="black" />
<rect x="18" y="34" width="2" height="2" fill="black" stroke-width="0" stroke="black" />
<rect x="18" y="32" width="2" height="2" fill="black" stroke-width="0" stroke="black" />
<rect x="20" y="52" width="2" height="2" fill="black" stroke-width="0" stroke="black" />
<rect x="20" y="50" width="2" height="2" fill="black" stroke-width="0" stroke="black" />
<rect x="20" y="34" width="2" height="2" fill="black" stroke-width="0" stroke="black" />
<rect x="20" y="32" width="2" height="2" fill="black" stroke-width="0" stroke="black" />
<rect x="22" y="52" width="2" height="2" fill="black" stroke-width="0" stroke="black" />
<rect x="22" y="32" width="2" height="2" fill="black" stroke-width="0" stroke="black" />
<rect x="22" y="30" width="2" height="2" fill="black" stroke-width="0" stroke="black" />
<rect x="24" y="52" width="2" height="2" fill="black" stroke-width="0" stroke="black" />
<rect x="24" y="32" width="2" height="2" fill="black" stroke-width="0" stroke="black" />
<rect x="24" y="30" width="2" height="2" fill="black" stroke-width="0" stroke="black" />
<rect x="26" y="52" width="2" height="2" fill="black" stroke-width="0" stroke="black" />
<rect x="26" y="32" width="2" height="2" fill="black" stroke-width="0" stroke="black" />
<rect x="26" y="30" width="2" height="2" fill="black" stroke-width="0" stroke="black" />
<rect x="28" y="52" width="2" height="2" fill="black" stroke-width="0" stroke="black" />
<rect x="28" y="30" width="2" height="2" fill="black" stroke-width="0" stroke="black" />
<rect x="28" y="28" width="2" height="2" fill="black" stroke-width="0" stroke="black" />
<rect x="30" y="52" width="2" height="2" fill="black" stroke-width="0" stroke="black" />
<rect x="30" y="30" width="2" height="2" fill="black" stroke-width="0" stroke="black" />
<rect x="30" y="28" width="2" height="2" fill="black" stroke-width="0" stroke="black" />
<rect x="32" y="52" width="2" height="2" fill="black" stroke-width="0" stroke="black" />
<rect x="32" y="30" width="2" height="2" fill="black" stroke-width="0" stroke="black" />
<rect x="32" y="28" width="2" height="2" fill="black" stroke-width="0" stroke="black" />
<rect x="32" y="26" width="2" height="2" fill="black" stroke-width="0" stroke="black" />
<rect x="32" y="24" width="2" height="2" fill="black" stroke-width="0" stroke="black" />
<rect x="34" y="52" width="2" height="2" fill="black" stroke-width="0" stroke="black" />
<rect x="34" y="28" width="2" height="2" fill="black" stroke-width="0" stroke="black" />
<rect x="34" y="26" width="2" height="2" fill="black" stroke-width="0" stroke="black" />
<rect x="34" y="24" width="2" height="2" fill="black" stroke-width="0" stroke="black" />
<rect x="36" y="52" width="2" height="2" fill="black" stroke-width="0" stroke="black" />
<rect x="36" y="28" width="2" height="2" fill="black" stroke-width="0" stroke="black" />
<rect x="36" y="26" width="2" height="2" fill="black" stroke-width="0" stroke="black" />
<rect x="36" y="24" width="2" height="2" fill="black" stroke-width="0" stroke="black" />
<rect x="38" y="52" width="2" height="2" fill="black" stroke-width="0" stroke="black" />
<rect x="38" y="26" width="2" height="2" fill="black" stroke-width="0" stroke="black" />
<rect x="38" y="24" width="2" height="2" fill="black" stroke-width="0" stroke="black" />
<rect x="40" y="52" width="2" height="2" fill="black" stroke-width="0" stroke="black" />
<rect x="40" y="50" width="2" height="2" fill="black" stroke-width="0" stroke="black" />
<rect x="40" y="26" width="2" height="2" fill="black" stroke-width="0" stroke="black" />
<rect x="40" y="24" width="2" height="2" fill="black" stroke-width="0" stroke="black" />
<rect x="42" y="52" width="2" height="2" fill="black" stroke-width="0" stroke="black" />
<rect x="42" y="50" width="2" height="2" fill="black" stroke-width="0" stroke="black" />
<rect x="42" y="26" width="2" height="2" fill="black" stroke-width="0" stroke="black" />
<rect x="42" y="24" width="2" height="2" fill="black" stroke-width="0" stroke="black" />
<rect x="44" y="52" width="2" height="2" fill="black" stroke-width="0" stroke="black" />
<rect x="44" y="50" width="2" height="2" fill="black" stroke-width="0" stroke="black" />
<rect x="44" y="26" width="2" height="2" fill="black" stroke-width="0" stroke="black" />
<rect x="44" y="24" width="2" height="2" fill="black" stroke-width="0" stroke="black" />
<rect x="46" y="50" width="2" height="2" fill="black" stroke-width="0" stroke="black" />
<rect x="46" y="26" width="2" height="2" fill="black" stroke-width="0" stroke="black" />
<rect x="46" y="24" width="2" height="2" fill="black" stroke-width="0" stroke="black" />
<rect x="48" y="50" width="2" height="2" fill="black" stroke-width="0" stroke="black" />
<rect x="48" y="26" width="2" height="2" fill="black" stroke-width="0" stroke="black" />
<rect x="48" y="24" width="2" height="2" fill="black" stroke-width="0" stroke="black" />
<rect x="50" y="50" width="2" height="2" fill="black" stroke-width="0" stroke="black" />
<rect x="50" y="48" width="2" height="2" fill="black" stroke-width="0" stroke="black" />
<rect x="50" y="26" width="2" height="2" fill="black" stroke-width="0" stroke="black" />
<rect x="50" y="24" width="2" height="2" fill="black" stroke-width="0" stroke="black" />
<rect x="52" y="50" width="2" height="2" fill="black" stroke-width="0" stroke="black" />
<rect x="52" y="48" width="2" height="2" fill="black" stroke-width="0" stroke="black" />
<rect x="52" y="46" width="2" height="2" fill="black" stroke-width="0" stroke="black" />
<rect x="52" y="26" width="2" height="2" fill="black" stroke-width="0" stroke="black" />
<rect x="52" y="24" width="2" height="2" fill="black" stroke-width="0" stroke="black" />
<rect x="54" y="48" width="2" height="2" fill="black" stroke-width="0" stroke="black" />
<rect x="54" y="46" width="2" height="2" fill="black" stroke-width="0" stroke="black" />
<rect x="54" y="44" width="2" height="2" fill="black" stroke-width="0" stroke="black" />
<rect x="54" y="26" width="2" height="2" fill="black" stroke-width="0" stroke="black" />
<rect x="54" y="24" width="2" height="2" fill="black" stroke-width="0" stroke="black" />
<rect x="56" y="48" width="2" height="2" fill="black" stroke-width="0" stroke="black" />
<rect x="56" y="46" width="2" height="2" fill="black" stroke-width="0" stroke="black" />
<rect x="56" y="44" width="2" height="2" fill="black" stroke-width="0" stroke="black" />
<rect x="56" y="42" width="2" height="2" fill="black" stroke-width="0" stroke="black" />
<rect x="56" y="40" width="2" height="2" fill="black" stroke-width="0" stroke="black" />
<rect x="56" y="26" width="2" height="2" fill="black" stroke-width="0" stroke="black" />
<rect x="56" y="24" width="2" height="2" fill="black" stroke-width="0" stroke="black" />
<rect x="56" y="22" width="2" height="2" fill="black" stroke-width="0" stroke="black" />
<rect x="56" y="20" width="2" height="2" fill="black" stroke-width="0" stroke="black" />
<rect x="58" y="44" width="2" height="2" fill="black" stroke-width="0" stroke="black" />
<rect x="58" y="42" width="2" height="2" fill="black" stroke-width="0" stroke="black" />
<rect x="58" y="40" width="2" height="2" fill="black" stroke-width="0" stroke="black" />
<rect x="58" y="38" width="2" height="2" fill="black" stroke-width="0" stroke="black" />
<rect x="58" y="28" width="2" height="2" fill="black" stroke-width="0" stroke="black" />
<rect x="58" y="26" width="2" height="2" fill="black" stroke-width="0" stroke="black" />
<rect x="58" y="24" width="2" height="2" fill="black" stroke-width="0" stroke="black" />
<rect x="58" y="22" width="2" height="2" fill="black" stroke-width="0" stroke="black" />
<rect x="58" y="20" width="2" height="2" fill="black" stroke-width="0" stroke="black" />
<rect x="60" y="42" width="2" height="2" fill="black" stroke-width="0" stroke="black" />
<rect x="60" y="40" width="2" height="2" fill="black" stroke-width="0" stroke="black" />
<rect x="60" y="38" width="2" height="2" fill="black" stroke-width="0" stroke="black" />
<rect x="60" y="30" width="2" height="2" fill="black" stroke-width="0" stroke="black" />
<rect x="60" y="28" width="2" height="2" fill="black" stroke-width="0" stroke="black" />
<rect x="60" y="26" width="2" height="2" fill="black" stroke-width="0" stroke="black" />
<rect x="60" y="24" width="2" height="2" fill="black" stroke-width="0" stroke="black" />
<rect x="60" y="22" width="2" height="2" fill="black" stroke-width="0" stroke="black" />
<rect x="60" y="20" width="2" height="2" fill="black" stroke-width="0" stroke="black" />
<rect x="62" y="42" width="2" height="2" fill="black" stroke-width="0" stroke="black" />
<rect x="62" y="40" width="2" height="2" fill="black" stroke-width="0" stroke="black" />
<rect x="62" y="38" width="2" height="2" fill="black" stroke-width="0" stroke="black" />
<rect x="62" y="36" width="2" height="2" fill="black" stroke-width="0" stroke="black" />
<rect x="62" y="32" width="2" height="2" fill="black" stroke-width="0" stroke="black" />
<rect x="62" y="30" width="2" height="2" fill="black" stroke-width="0" stroke="black" />
<rect x="62" y="28" width="2" height="2" fill="black" stroke-width="0" stroke="black" />
<rect x="62" y="26" width="2" height="2" fill="black" stroke-width="0" stroke="black" />
<rect x="62" y="24" width="2" height="2" fill="black" stroke-width="0" stroke="black" />
<rect x="62" y="22" width="2" height="2" fill="black" stroke-width="0" stroke="black" />
<rect x="64" y="38" width="2" height="2" fill="black" stroke-width="0" stroke="black" />
<rect x="64" y="36" width="2" height="2" fill="black" stroke-width="0" stroke="black" />
<rect x="64" y="34" width="2" height="2" fill="black" stroke-width="0" stroke="black" />
<rect x="64" y="32" width="2" height="2" fill="black" stroke-width="0" stroke="black" />
<rect x="64" y="30" width="2" height="2" fill="black" stroke-width="0" stroke="black" />
<rect x="64" y="28" width="2" height="2" fill="black" stroke-width="0" stroke="black" />
<rect x="64" y="26" width="2" height="2" fill="black" stroke-width="0" stroke="black" />
<rect x="64" y="24" width="2" height="2" fill="black" stroke-width="0" stroke="black" />
<rect x="64" y="22" width="2" height="2" fill="black" stroke-width="0" stroke="black" />
<rect x="66" y="38" width="2" height="2" fill="black" stroke-width="0" stroke="black" />
<rect x="66" y="36" width="2" height="2" fill="black" stroke-width="0" stroke="black" />
<rect x="66" y="34" width="2" height="2" fill="black" stroke-width="0" stroke="black" />
<rect x="66" y="32" width="2" height="2" fill="black" stroke-width="0" stroke="black" />
<rect x="66" y="30" width="2" height="2" fill="black" stroke-width="0" stroke="black" />
<rect x="66" y="28" width="2" height="2" fill="black" stroke-width="0" stroke="black" />
<rect x="66" y="26" width="2" height="2" fill="black" stroke-width="0" stroke="black" />
<rect x="66" y="24" width="2" height="2" fill="black" stroke-width="0" stroke="black" />
<rect x="66" y="22" width="2" height="2" fill="black" stroke-width="0" stroke="black" />
<rect x="68" y="32" width="2" height="2" fill="black" stroke-width="0" stroke="black" />
<rect x="68" y="30" width="2" height="2" fill="black" stroke-width="0" stroke="black" />
<rect x="68" y="28" width="2" height="2" fill="black" stroke-width="0" stroke="black" />
<rect x="68" y="26" width="2" height="2" fill="black" stroke-width="0" stroke="black" />
<rect x="68" y="24" width="2" height="2" fill="black" stroke-width="0" stroke="black" />
<rect x="68" y="22" width="2" height="2" fill="black" stroke-width="0" stroke="black" />
<rect x="70" y="32" width="2" height="2" fill="black" stroke-width="0" stroke="black" />
<rect x="70" y="30" width="2" height="2" fill="black" stroke-width="0" stroke="black" />
<rect x="70" y="28" width="2" height="2" fill="black" stroke-width="0" stroke="black" />
<rect x="70" y="26" width="2" height="2" fill="black" stroke-width="0" stroke="black" />
<rect x="70" y="24" width="2" height="2" fill="black" stroke-width="0" stroke="black" />
<rect x="70" y="22" width="2" height="2" fill="black" stroke-width="0" stroke="black" />
<rect x="72" y="30" width="2" height="2" fill="black" stroke-width="0" stroke="black" />
<rect x="72" y="28" width="2" height="2" fill="black" stroke-width="0" stroke="black" />
<rect x="72" y="26" width="2" height="2" fill="black" stroke-width="0" stroke="black" />
<rect x="72" y="24" width="2" height="2" fill="black" stroke-width="0" stroke="black" />
<rect x="74" y="28" width="2" height="2" fill="black" stroke-width="0" stroke="black" />
<rect x="74" y="26" width="2" height="2" fill="black" stroke-width="0" stroke="black" />
<rect x="74" y="24" width="2" height="2" fill="black" stroke-width="0" stroke="black" />
<text x="30" y="74" fill="black" font-size="9px">1.84m</text>
<text x="0" y="0" fill="black" font-size="9px" transform="translate(96,25) rotate(90)">0.81m</text>
<line x1="4" y1="64" x2="79" y2="64" fill="none" stroke="black" stroke-width="1" />
<line x1="4" y1="62" x2="4" y2="66" fill="none" stroke="black" stroke-width="1" />
<line x1="79" y1="62" x2="79" y2="66" fill="none" stroke="black" stroke-width="1" />
<line x1="92" y1="54" x2="92" y2="19" fill="none" stroke="black" stroke-width="1" />
<line x1="90" y1="54" x2="94" y2="54" fill="none" stroke="black" stroke-width="1" />
<line x1="90" y1="19" x2="94" y2="19" fill="none" stroke="black" stroke-width="1" />
</svg>
