<?xml version="1.0" encoding="UTF-8"?>
<!DOCTYPE svg PUBLIC "-//W3C//DTD SVG 1.1//EN" "http://www.w3.org/Graphics/SVG/1.1/DTD/svg11.dtd">
<svg xmlns="http://www.w3.org/2000/svg" version="1.1" width="196" height="132">
<rect x="0" y="0" width="196" height="132" fill="white" stroke="white" stroke-width="0"/>
<text x="8" y="23" fill="black">Cross-section C</text>
<rect x="8" y="86" width="4" height="4" fill="black" stroke-width="0" stroke="black" />
<rect x="8" y="82" width="4" height="4" fill="black" stroke-width="0" stroke="black" />
<rect x="8" y="78" width="4" height="4" fill="black" stroke-width="0" stroke="black" />
<rect x="8" y="74" width="4" height="4" fill="black" stroke-width="0" stroke="black" />
<rect x="8" y="70" width="4" height="4" fill="black" stroke-width="0" stroke="black" />
<rect x="12" y="86" width="4" height="4" fill="black" stroke-width="0" stroke="black" />
<rect x="12" y="82" width="4" height="4" fill="black" stroke-width="0" stroke="black" />
<rect x="12" y="78" width="4" height="4" fill="black" stroke-width="0" stroke="black" />
<rect x="12" y="74" width="4" height="4" fill="black" stroke-width="0" stroke="black" />
<rect x="12" y="70" width="4" height="4" fill="black" stroke-width="0" stroke="black" />
<rect x="12" y="66" width="4" height="4" fill="black" stroke-width="0" stroke="black" />
<rect x="16" y="86" width="4" height="4" fill="black" stroke-width="0" stroke="black" />
<rect x="16" y="82" width="4" height="4" fill="black" stroke-width="0" stroke="black" />
<rect x="16" y="74" width="4" height="4" fill="black" stroke-width="0" stroke="black" />
<rect x="16" y="70" width="4" height="4" fill="black" stroke-width="0" stroke="black" />
<rect x="16" y="66" width="4" height="4" fill="black" stroke-width="0" stroke="black" />
<rect x="20" y="86" width="4" height="4" fill="black" stroke-width="0" stroke="black" />
<rect x="20" y="82" width="4" height="4" fill="black" stroke-width="0" stroke="black" />
<rect x="20" y="66" width="4" height="4" fill="black" stroke-width="0" stroke="black" />
<rect x="20" y="62" width="4" height="4" fill="black" stroke-width="0" stroke="black" />
<rect x="20" y="58" width="4" height="4" fill="black" stroke-width="0" stroke="black" />
<rect x="24" y="86" width="4" height="4" fill="black" stroke-width="0" stroke="black" />
<rect x="24" y="82" width="4" height="4" fill="black" stroke-width="0" stroke="black" />
<rect x="24" y="62" width="4" height="4" fill="black" stroke-width="0" stroke="black" />
<rect x="24" y="58" width="4" height="4" fill="black" stroke-width="0" stroke="black" />
<rect x="28" y="86" width="4" height="4" fill="black" stroke-width="0" stroke="black" />
<rect x="28" y="82" width="4" height="4" fill="black" stroke-width="0" stroke="black" />
<rect x="28" y="58" width="4" height="4" fill="black" stroke-width="0" stroke="black" />
<rect x="28" y="54" width="4" height="4" fill="black" stroke-width="0" stroke="black" />
<rect x="32" y="90" width="4" height="4" fill="black" stroke-width="0" stroke="black" />
<rect x="32" y="86" width="4" height="4" fill="black" stroke-width="0" stroke="black" />
<rect x="32" y="58" width="4" height="4" fill="black" stroke-width="0" stroke="black" />
<rect x="32" y="54" width="4" height="4" fill="black" stroke-width="0" stroke="black" />
<rect x="32" y="50" width="4" height="4" fill="black" stroke-width="0" stroke="black" />
<rect x="36" y="90" width="4" height="4" fill="black" stroke-width="0" stroke="black" />
<rect x="36" y="86" width="4" height="4" fill="black" stroke-width="0" stroke="black" />
<rect x="36" y="54" width="4" height="4" fill="black" stroke-width="0" stroke="black" />
<rect x="36" y="50" width="4" height="4" fill="black" stroke-width="0" stroke="black" />
<rect x="40" y="90" width="4" height="4" fill="black" stroke-width="0" stroke="black" />
<rect x="40" y="86" width="4" height="4" fill="black" stroke-width="0" stroke="black" />
<rect x="40" y="54" width="4" height="4" fill="black" stroke-width="0" stroke="black" />
<rect x="40" y="50" width="4" height="4" fill="black" stroke-width="0" stroke="black" />
<rect x="44" y="90" width="4" height="4" fill="black" stroke-width="0" stroke="black" />
<rect x="44" y="50" width="4" height="4" fill="black" stroke-width="0" stroke="black" />
<rect x="44" y="46" width="4" height="4" fill="black" stroke-width="0" stroke="black" />
<rect x="48" y="90" width="4" height="4" fill="black" stroke-width="0" stroke="black" />
<rect x="48" y="50" width="4" height="4" fill="black" stroke-width="0" stroke="black" />
<rect x="48" y="46" width="4" height="4" fill="black" stroke-width="0" stroke="black" />
<rect x="52" y="90" width="4" height="4" fill="black" stroke-width="0" stroke="black" />
<rect x="52" y="50" width="4" height="4" fill="black" stroke-width="0" stroke="black" />
<rect x="52" y="46" width="4" height="4" fill="black" stroke-width="0" stroke="black" />
<rect x="56" y="90" width="4" height="4" fill="black" stroke-width="0" stroke="black" />
<rect x="56" y="46" width="4" height="4" fill="black" stroke-width="0" stroke="black" />
<rect x="56" y="42" width="4" height="4" fill="black" stroke-width="0" stroke="black" />
<rect x="60" y="90" width="4" height="4" fill="black" stroke-width="0" stroke="black" />
<rect x="60" y="46" width="4" height="4" fill="black" stroke-width="0" stroke="black" />
<rect x="60" y="42" width="4" height="4" fill="black" stroke-width="0" stroke="black" />
<rect x="64" y="90" width="4" height="4" fill="black" stroke-width="0" stroke="black" />
<rect x="64" y="46" width="4" height="4" fill="black" stroke-width="0" stroke="black" />
<rect x="64" y="42" width="4" height="4" fill="black" stroke-width="0" stroke="black" />
<rect x="64" y="38" width="4" height="4" fill="black" stroke-width="0" stroke="black" />
<rect x="64" y="34" width="4" height="4" fill="black" stroke-width="0" stroke="black" />
<rect x="68" y="90" width="4" height="4" fill="black" stroke-width="0" stroke="black" />
<rect x="68" y="42" width="4" height="4" fill="black" stroke-width="0" stroke="black" />
<rect x="68" y="38" width="4" height="4" fill="black" stroke-width="0" stroke="black" />
<rect x="68" y="34" width="4" height="4" fill="black" stroke-width="0" stroke="black" />
<rect x="72" y="90" width="4" height="4" fill="black" stroke-width="0" stroke="black" />
<rect x="72" y="42" width="4" height="4" fill="black" stroke-width="0" stroke="black" />
<rect x="72" y="38" width="4" height="4" fill="black" stroke-width="0" stroke="black" />
<rect x="72" y="34" width="4" height="4" fill="black" stroke-width="0" stroke="black" />
<rect x="76" y="90" width="4" height="4" fill="black" stroke-width="0" stroke="black" />
<rect x="76" y="38" width="4" height="4" fill="black" stroke-width="0" stroke="black" />
<rect x="76" y="34" width="4" height="4" fill="black" stroke-width="0" stroke="black" />
<rect x="80" y="90" width="4" height="4" fill="black" stroke-width="0" stroke="black" />
<rect x="80" y="86" width="4" height="4" fill="black" stroke-width="0" stroke="black" />
<rect x="80" y="38" width="4" height="4" fill="black" stroke-width="0" stroke="black" />
<rect x="80" y="34" width="4" height="4" fill="black" stroke-width="0" stroke="black" />
<rect x="84" y="90" width="4" height="4" fill="black" stroke-width="0" stroke="black" />
<rect x="84" y="86" width="4" height="4" fill="black" stroke-width="0" stroke="black" />
<rect x="84" y="38" width="4" height="4" fill="black" stroke-width="0" stroke="black" />
<rect x="84" y="34" width="4" height="4" fill="black" stroke-width="0" stroke="black" />
<rect x="88" y="90" width="4" height="4" fill="black" stroke-width="0" stroke="black" />
<rect x="88" y="86" width="4" height="4" fill="black" stroke-width="0" stroke="black" />
<rect x="88" y="38" width="4" height="4" fill="black" stroke-width="0" stroke="black" />
<rect x="88" y="34" width="4" height="4" fill="black" stroke-width="0" stroke="black" />
<rect x="92" y="86" width="4" height="4" fill="black" stroke-width="0" stroke="black" />
<rect x="92" y="38" width="4" height="4" fill="black" stroke-width="0" stroke="black" />
<rect x="92" y="34" width="4" height="4" fill="black" stroke-width="0" stroke="black" />
<rect x="96" y="86" width="4" height="4" fill="black" stroke-width="0" stroke="black" />
<rect x="96" y="38" width="4" height="4" fill="black" stroke-width="0" stroke="black" />
<rect x="96" y="34" width="4" height="4" fill="black" stroke-width="0" stroke="black" />
<rect x="100" y="86" width="4" height="4" fill="black" stroke-width="0" stroke="black" />
<rect x="100" y="82" width="4" height="4" fill="black" stroke-width="0" stroke="black" />
<rect x="100" y="38" width="4" height="4" fill="black" stroke-width="0" stroke="black" />
<rect x="100" y="34" width="4" height="4" fill="black" stroke-width="0" stroke="black" />
<rect x="104" y="86" width="4" height="4" fill="black" stroke-width="0" stroke="black" />
<rect x="104" y="82" width="4" height="4" fill="black" stroke-width="0" stroke="black" />
<rect x="104" y="78" width="4" height="4" fill="black" stroke-width="0" stroke="black" />
<rect x="104" y="38" width="4" height="4" fill="black" stroke-width="0" stroke="black" />
<rect x="104" y="34" width="4" height="4" fill="black" stroke-width="0" stroke="black" />
<rect x="108" y="82" width="4" height="4" fill="black" stroke-width="0" stroke="black" />
<rect x="108" y="78" width="4" height="4" fill="black" stroke-width="0" stroke="black" />
<rect x="108" y="74" width="4" height="4" fill="black" stroke-width="0" stroke="black" />
<rect x="108" y="38" width="4" height="4" fill="black" stroke-width="0" stroke="black" />
<rect x="108" y="34" width="4" height="4" fill="black" stroke-width="0" stroke="black" />
<rect x="112" y="82" width="4" height="4" fill="black" stroke-width="0" stroke="black" />
<rect x="112" y="78" width="4" height="4" fill="black" stroke-width="0" stroke="black" />
<rect x="112" y="74" width="4" height="4" fill="black" stroke-width="0" stroke="black" />
<rect x="112" y="70" width="4" height="4" fill="black" stroke-width="0" stroke="black" />
<rect x="112" y="66" width="4" height="4" fill="black" stroke-width="0" stroke="black" />
<rect x="112" y="38" width="4" height="4" fill="black" stroke-width="0" stroke="black" />
<rect x="112" y="34" width="4" height="4" fill="black" stroke-width="0" stroke="black" />
<rect x="112" y="30" width="4" height="4" fill="black" stroke-width="0" stroke="black" />
<rect x="112" y="26" width="4" height="4" fill="black" stroke-width="0" stroke="black" />
<rect x="116" y="74" width="4" height="4" fill="black" stroke-width="0" stroke="black" />
<rect x="116" y="70" width="4" height="4" fill="black" stroke-width="0" stroke="black" />
<rect x="116" y="66" width="4" height="4" fill="black" stroke-width="0" stroke="black" />
<rect x="116" y="62" width="4" height="4" fill="black" stroke-width="0" stroke="black" />
<rect x="116" y="42" width="4" height="4" fill="black" stroke-width="0" stroke="black" />
<rect x="116" y="38" width="4" height="4" fill="black" stroke-width="0" stroke="black" />
<rect x="116" y="34" width="4" height="4" fill="black" stroke-width="0" stroke="black" />
<rect x="116" y="30" width="4" height="4" fill="black" stroke-width="0" stroke="black" />
<rect x="116" y="26" width="4" height="4" fill="black" stroke-width="0" stroke="black" />
<rect x="120" y="70" width="4" height="4" fill="black" stroke-width="0" stroke="black" />
<rect x="120" y="66" width="4" height="4" fill="black" stroke-width="0" stroke="black" />
<rect x="120" y="62" width="4" height="4" fill="black" stroke-width="0" stroke="black" />
<rect x="120" y="46" width="4" height="4" fill="black" stroke-width="0" stroke="black" />
<rect x="120" y="42" width="4" height="4" fill="black" stroke-width="0" stroke="black" />
<rect x="120" y="38" width="4" height="4" fill="black" stroke-width="0" stroke="black" />
<rect x="120" y="34" width="4" height="4" fill="black" stroke-width="0" stroke="black" />
<rect x="120" y="30" width="4" height="4" fill="black" stroke-width="0" stroke="black" />
<rect x="120" y="26" width="4" height="4" fill="black" stroke-width="0" stroke="black" />
<rect x="124" y="70" width="4" height="4" fill="black" stroke-width="0" stroke="black" />
<rect x="124" y="66" width="4" height="4" fill="black" stroke-width="0" stroke="black" />
<rect x="124" y="62" width="4" height="4" fill="black" stroke-width="0" stroke="black" />
<rect x="124" y="58" width="4" height="4" fill="black" stroke-width="0" stroke="black" />
<rect x="124" y="50" width="4" height="4" fill="black" stroke-width="0" stroke="black" />
<rect x="124" y="46" width="4" height="4" fill="black" stroke-width="0" stroke="black" />
<rect x="124" y="42" width="4" height="4" fill="black" stroke-width="0" stroke="black" />
<rect x="124" y="38" width="4" height="4" fill="black" stroke-width="0" stroke="black" />
<rect x="124" y="34" width="4" height="4" fill="black" stroke-width="0" stroke="black" />
<rect x="124" y="30" width="4" height="4" fill="black" stroke-width="0" stroke="black" />
<rect x="128" y="62" width="4" height="4" fill="black" stroke-width="0" stroke="black" />
<rect x="128" y="58" width="4" height="4" fill="black" stroke-width="0" stroke="black" />
<rect x="128" y="54" width="4" height="4" fill="black" stroke-width="0" stroke="black" />
<rect x="128" y="50" width="4" height="4" fill="black" stroke-width="0" stroke="black" />
<rect x="128" y="46" width="4" height="4" fill="black" stroke-width="0" stroke="black" />
<rect x="128" y="42" width="4" height="4" fill="black" stroke-width="0" stroke="black" />
<rect x="128" y="38" width="4" height="4" fill="black" stroke-width="0" stroke="black" />
<rect x="128" y="34" width="4" height="4" fill="black" stroke-width="0" stroke="black" />
<rect x="128" y="30" width="4" height="4" fill="black" stroke-width="0" stroke="black" />
<rect x="132" y="62" width="4" height="4" fill="black" stroke-width="0" stroke="black" />
<rect x="132" y="58" width="4" height="4" fill="black" stroke-width="0" stroke="black" />
<rect x="132" y="54" width="4" height="4" fill="black" stroke-width="0" stroke="black" />
<rect x="132" y="50" width="4" height="4" fill="black" stroke-width="0" stroke="black" />
<rect x="132" y="46" width="4" height="4" fill="black" stroke-width="0" stroke="black" />
<rect x="132" y="42" width="4" height="4" fill="black" stroke-width="0" stroke="black" />
<rect x="132" y="38" width="4" height="4" fill="black" stroke-width="0" stroke="black" />
<rect x="132" y="34" width="4" height="4" fill="black" stroke-width="0" stroke="black" />
<rect x="132" y="30" width="4" height="4" fill="black" stroke-width="0" stroke="black" />
<rect x="136" y="50" width="4" height="4" fill="black" stroke-width="0" stroke="black" />
<rect x="136" y="46" width="4" height="4" fill="black" stroke-width="0" stroke="black" />
<rect x="136" y="42" width="4" height="4" fill="black" stroke-width="0" stroke="black" />
<rect x="136" y="38" width="4" height="4" fill="black" stroke-width="0" stroke="black" />
<rect x="136" y="34" width="4" height="4" fill="black" stroke-width="0" stroke="black" />
<rect x="136" y="30" width="4" height="4" fill="black" stroke-width="0" stroke="black" />
<rect x="140" y="50" width="4" height="4" fill="black" stroke-width="0" stroke="black" />
<rect x="140" y="46" width="4" height="4" fill="black" stroke-width="0" stroke="black" />
<rect x="140" y="42" width="4" height="4" fill="black" stroke-width="0" stroke="black" />
<rect x="140" y="38" width="4" height="4" fill="black" stroke-width="0" stroke="black" />
<rect x="140" y="34" width="4" height="4" fill="black" stroke-width="0" stroke="black" />
<rect x="140" y="30" width="4" height="4" fill="black" stroke-width="0" stroke="black" />
<rect x="144" y="46" width="4" height="4" fill="black" stroke-width="0" stroke="black" />
<rect x="144" y="42" width="4" height="4" fill="black" stroke-width="0" stroke="black" />
<rect x="144" y="38" width="4" height="4" fill="black" stroke-width="0" stroke="black" />
<rect x="144" y="34" width="4" height="4" fill="black" stroke-width="0" stroke="black" />
<rect x="148" y="42" width="4" height="4" fill="black" stroke-width="0" stroke="black" />
<rect x="148" y="38" width="4" height="4" fill="black" stroke-width="0" stroke="black" />
<rect x="148" y="34" width="4" height="4" fill="black" stroke-width="0" stroke="black" />
<text x="71" y="128" fill="black" font-size="9px">1.84m</text>
<text x="0" y="0" fill="black" font-size="9px" transform="translate(187,47) rotate(90)">0.81m</text>
<line x1="8" y1="114" x2="159" y2="114" fill="none" stroke="black" stroke-width="1" />
<line x1="8" y1="111" x2="8" y2="117" fill="none" stroke="black" stroke-width="1" />
<line x1="159" y1="111" x2="159" y2="117" fill="none" stroke="black" stroke-width="1" />
<line x1="179" y1="94" x2="179" y2="25" fill="none" stroke="black" stroke-width="1" />
<line x1="176" y1="94" x2="182" y2="94" fill="none" stroke="black" stroke-width="1" />
<line x1="176" y1="25" x2="182" y2="25" fill="none" stroke="black" stroke-width="1" />
</svg>
