<?xml version="1.0" encoding="UTF-8"?>
<!DOCTYPE svg PUBLIC "-//W3C//DTD SVG 1.1//EN" "http://www.w3.org/Graphics/SVG/1.1/DTD/svg11.dtd">
<svg xmlns="http://www.w3.org/2000/svg" version="1.1" width="235" height="74">
<rect x="0" y="0" width="235" height="74" fill="white" stroke="white" stroke-width="0"/>
<polyline points="12,5 13,5 13,4 " fill="none" stroke="black" stroke-width="1" />
<polyline points="3,34 3,33 3,32 3,31 3,30 3,29 3,29 2,29 2,28 1,28 1,27 1,26 1,25 1,24 1,23 2,23 3,23 3,22 3,21 3,20 3,19 4,19 5,19 6,19 6,18 7,18 7,17 7,16 7,16 6,16 6,15 6,14 6,14 5,14 5,13 4,13 4,12 4,11 5,11 5,10 6,10 6,9 6,8 7,8 8,8 8,7 9,7 9,6 10,6 10,5 11,5 12,5 12,4 13,4 " fill="none" stroke="black" stroke-width="1" />
<polyline points="13,5 14,5 15,5 16,5 17,5 17,4 18,4 19,4 20,4 21,4 22,4 23,4 24,4 25,4 26,4 27,4 27,3 28,3 29,3 30,3 30,2 31,2 32,2 32,1 33,1 34,1 35,1 36,1 36,2 37,2 38,2 38,3 39,3 39,4 40,4 40,5 41,5 41,6 42,6 42,7 43,7 44,7 44,8 45,8 45,9 46,9 46,10 47,10 48,10 49,10 50,10 50,9 51,9 51,8 52,8 53,8 53,7 54,7 " fill="none" stroke="black" stroke-width="1" />
<polyline points="2,34 3,34 3,35 4,35 5,35 5,36 6,36 " fill="none" stroke="black" stroke-width="1" />
<polyline points="10,47 10,46 10,45 10,45 9,45 8,45 8,44 7,44 7,43 6,43 6,42 6,41 6,40 6,39 6,38 6,37 6,36 " fill="none" stroke="black" stroke-width="1" />
<polyline points="10,48 9,48 9,47 10,47 10,48 11,48 " fill="none" stroke="black" stroke-width="1" />
<polyline points="11,50 11,49 11,48 " fill="none" stroke="black" stroke-width="1" />
<polyline points="53,8 54,8 54,7 " fill="none" stroke="black" stroke-width="1" />
<polyline points="54,8 55,8 56,8 57,8 58,8 59,8 60,8 61,8 61,7 62,7 63,7 63,6 64,6 64,5 65,5 65,4 66,4 66,3 67,3 " fill="none" stroke="black" stroke-width="1" />
<polyline points="11,51 10,51 10,50 11,50 11,51 12,51 " fill="none" stroke="black" stroke-width="1" />
<polyline points="12,53 12,52 12,51 " fill="none" stroke="black" stroke-width="1" />
<polyline points="12,52 13,52 14,52 " fill="none" stroke="black" stroke-width="1" />
<polyline points="15,58 16,57 16,56 16,55 16,55 15,55 14,55 14,54 14,53 14,52 " fill="none" stroke="black" stroke-width="1" />
<polyline points="66,4 67,4 67,3 " fill="none" stroke="black" stroke-width="1" />
<polyline points="67,4 68,4 69,4 70,4 71,4 72,4 73,4 74,4 74,3 75,3 " fill="none" stroke="black" stroke-width="1" />
<line x1="16" y1="57" x2="17" y2="57" fill="none" stroke="black" stroke-width="1" />
<polyline points="14,59 15,59 15,60 16,60 16,59 17,59 " fill="none" stroke="black" stroke-width="1" />
<polyline points="16,60 17,60 17,59 17,58 17,57 " fill="none" stroke="black" stroke-width="1" />
<polyline points="14,60 15,60 15,61 15,61 14,61 14,60 14,59 14,58 15,58 15,59 16,59 " fill="none" stroke="black" stroke-width="1" />
<polyline points="13,61 14,61 14,62 " fill="none" stroke="black" stroke-width="1" />
<polyline points="17,60 18,60 19,60 20,60 21,60 21,61 22,61 22,60 23,60 24,60 25,60 26,60 27,60 27,61 28,61 28,62 29,62 29,63 30,63 30,64 31,64 " fill="none" stroke="black" stroke-width="1" />
<polyline points="74,4 75,4 75,3 " fill="none" stroke="black" stroke-width="1" />
<polyline points="75,4 76,4 77,4 78,4 78,5 79,5 80,5 81,5 82,5 83,5 83,6 84,6 85,6 85,7 86,7 87,7 87,8 88,8 89,8 89,7 90,7 91,7 91,6 92,6 93,6 94,6 94,5 94,4 94,3 95,3 95,2 96,2 97,2 98,2 99,2 99,3 100,3 101,3 102,3 102,4 103,4 104,4 105,4 106,4 107,4 108,4 109,4 110,4 111,4 112,4 112,5 113,5 114,5 115,5 116,5 117,5 118,5 119,5 120,5 121,5 122,5 123,5 124,5 125,5 126,5 126,6 127,6 128,6 129,6 130,6 130,7 131,7 132,7 133,7 134,7 134,8 135,8 136,8 136,9 137,9 137,10 138,10 138,11 139,11 140,11 140,12 141,12 142,12 142,13 143,13 144,13 144,14 145,14 146,14 146,15 147,15 148,15 148,16 149,16 150,16 151,16 152,16 153,16 153,17 154,17 155,17 156,17 157,17 158,17 159,17 160,17 161,17 161,18 162,18 163,18 164,18 165,18 166,18 167,18 168,18 168,17 169,17 170,17 171,17 172,17 173,17 174,17 174,18 175,18 175,19 176,19 177,19 178,19 179,19 179,20 180,20 181,20 182,20 182,21 183,21 184,21 " fill="none" stroke="black" stroke-width="1" />
<line x1="21" y1="60" x2="22" y2="60" fill="none" stroke="black" stroke-width="1" />
<polyline points="195,57 196,57 196,58 196,58 195,58 195,57 194,57 193,57 192,57 191,57 190,57 189,57 188,57 187,57 187,58 186,58 186,59 185,59 184,59 184,60 183,60 183,61 182,61 182,62 181,62 180,62 179,62 179,63 178,63 177,63 176,63 175,63 174,63 173,63 172,63 171,63 170,63 169,63 168,63 167,63 166,63 165,63 164,63 163,63 162,63 161,63 160,63 159,63 158,63 158,62 157,62 157,61 156,61 155,61 155,60 154,60 153,60 152,60 151,60 150,60 149,60 148,60 147,60 146,60 146,59 145,59 144,59 143,59 142,59 141,59 140,59 139,59 138,59 137,59 136,59 136,58 135,58 134,58 134,57 133,57 132,57 131,57 130,57 129,57 128,57 127,57 126,57 125,57 124,57 123,57 122,57 121,57 120,57 119,57 118,57 117,57 117,58 116,58 116,59 115,59 114,59 113,59 112,59 112,58 111,58 110,58 109,58 108,58 108,59 107,59 106,59 105,59 105,60 104,60 103,60 102,60 101,60 100,60 100,61 99,61 98,61 98,62 97,62 97,63 96,63 95,63 94,63 93,63 92,63 91,63 91,64 90,64 90,65 89,65 88,65 87,65 86,65 85,65 84,65 83,65 83,64 82,64 81,64 80,64 80,65 79,65 78,65 77,65 76,65 76,66 75,66 74,66 73,66 72,66 71,66 70,66 69,66 68,66 68,67 67,67 67,68 66,68 65,68 64,68 63,68 62,68 61,68 60,68 59,68 58,68 57,68 57,67 56,67 55,67 54,67 53,67 52,67 51,67 50,67 50,68 50,69 50,70 50,71 49,71 48,71 47,71 47,72 46,72 45,72 44,72 43,72 42,72 41,72 40,72 39,72 38,72 37,72 36,72 35,72 34,72 33,72 33,71 32,71 31,71 31,70 30,70 30,69 30,68 30,67 31,67 31,66 31,65 31,64 " fill="none" stroke="black" stroke-width="1" />
<line x1="50" y1="71" x2="51" y2="71" fill="none" stroke="black" stroke-width="1" />
<polyline points="196,57 197,57 198,57 199,57 199,58 200,58 201,58 202,58 203,58 203,57 204,57 204,56 205,56 206,56 207,56 208,56 209,56 210,56 211,56 212,56 213,56 213,55 214,55 214,54 215,54 216,54 217,54 218,54 219,54 220,54 221,54 222,54 223,54 224,54 225,54 226,54 227,54 227,53 228,53 229,53 229,52 230,52 231,52 232,52 232,51 232,50 232,49 233,49 233,48 233,47 233,46 233,46 232,46 232,45 232,44 232,43 232,43 231,43 231,42 230,42 230,41 230,40 230,40 229,40 229,39 229,38 229,38 228,38 228,37 227,37 227,36 226,36 225,36 225,35 224,35 223,35 223,34 222,34 221,34 220,34 219,34 218,34 217,34 217,33 216,33 215,33 215,32 214,32 213,32 212,32 211,32 211,31 210,31 209,31 209,30 209,29 210,29 210,28 211,28 211,27 211,26 211,26 210,26 210,25 209,25 209,24 209,23 209,23 208,23 207,23 206,23 205,23 204,23 203,23 202,23 201,23 200,23 199,23 199,22 198,22 197,22 196,22 195,22 194,22 193,22 192,22 191,22 190,22 189,22 188,22 187,22 186,22 186,23 185,23 184,23 184,22 184,21 " fill="none" stroke="black" stroke-width="1" />
<line x1="211" y1="27" x2="212" y2="27" fill="none" stroke="black" stroke-width="1" />
<polyline points="211,28 212,28 212,27 213,27 " fill="none" stroke="black" stroke-width="1" />
</svg>
