<?xml version="1.0" encoding="UTF-8"?>
<!DOCTYPE svg PUBLIC "-//W3C//DTD SVG 1.1//EN" "http://www.w3.org/Graphics/SVG/1.1/DTD/svg11.dtd">
<svg xmlns="http://www.w3.org/2000/svg" version="1.1" width="488" height="202">
<rect x="0" y="0" width="488" height="202" fill="white" stroke="white" stroke-width="0"/>
<text x="221" y="200" fill="black" font-size="9px">11.63m</text>
<text x="0" y="0" fill="black" font-size="9px" transform="translate(481,87) rotate(90)">3.58m</text>
<text x="74" y="20" fill="black">A</text>
<text x="230" y="23" fill="black">B</text>
<text x="386" y="57" fill="black">C</text>
<polyline points="24,36 26,36 26,34 " fill="none" stroke="black" stroke-width="1" />
<polyline points="6,94 6,92 6,90 6,88 6,86 6,84 6,84 4,84 4,82 2,82 2,80 2,78 2,76 2,74 2,72 4,72 6,72 6,70 6,68 6,66 6,64 8,64 10,64 12,64 12,62 14,62 14,60 14,58 14,58 12,58 12,56 12,54 12,54 10,54 10,52 8,52 8,50 8,48 10,48 10,46 12,46 12,44 12,42 14,42 16,42 16,40 18,40 18,38 20,38 20,36 22,36 24,36 24,34 26,34 " fill="none" stroke="black" stroke-width="1" />
<polyline points="26,36 28,36 30,36 32,36 34,36 34,34 36,34 38,34 40,34 42,34 44,34 46,34 48,34 50,34 52,34 54,34 54,32 56,32 58,32 60,32 60,30 62,30 64,30 64,28 66,28 68,28 70,28 72,28 72,30 74,30 76,30 76,32 78,32 78,34 80,34 80,36 82,36 82,38 84,38 84,40 86,40 88,40 88,42 90,42 90,44 92,44 92,46 94,46 96,46 98,46 100,46 100,44 102,44 102,42 104,42 106,42 106,40 108,40 " fill="none" stroke="black" stroke-width="1" />
<polyline points="4,94 6,94 6,96 8,96 10,96 10,98 12,98 " fill="none" stroke="black" stroke-width="1" />
<line x1="78" y1="180" x2="78" y2="21" fill="none" stroke="black"  stroke-dasharray="1 1" stroke-width="1" />
<polyline points="20,120 20,118 20,116 20,116 18,116 16,116 16,114 14,114 14,112 12,112 12,110 12,108 12,106 12,104 12,102 12,100 12,98 " fill="none" stroke="black" stroke-width="1" />
<polyline points="20,122 18,122 18,120 20,120 20,122 22,122 " fill="none" stroke="black" stroke-width="1" />
<polyline points="22,126 22,124 22,122 " fill="none" stroke="black" stroke-width="1" />
<polyline points="106,42 108,42 108,40 " fill="none" stroke="black" stroke-width="1" />
<polyline points="108,42 110,42 112,42 114,42 116,42 118,42 120,42 122,42 122,40 124,40 126,40 126,38 128,38 128,36 130,36 130,34 132,34 132,32 134,32 " fill="none" stroke="black" stroke-width="1" />
<polyline points="22,128 20,128 20,126 22,126 22,128 24,128 " fill="none" stroke="black" stroke-width="1" />
<polyline points="24,132 24,130 24,128 " fill="none" stroke="black" stroke-width="1" />
<polyline points="24,130 26,130 28,130 " fill="none" stroke="black" stroke-width="1" />
<polyline points="30,142 32,140 32,138 32,136 32,136 30,136 28,136 28,134 28,132 28,130 " fill="none" stroke="black" stroke-width="1" />
<polyline points="132,34 134,34 134,32 " fill="none" stroke="black" stroke-width="1" />
<polyline points="134,34 136,34 138,34 140,34 142,34 144,34 146,34 148,34 148,32 150,32 " fill="none" stroke="black" stroke-width="1" />
<line x1="32" y1="140" x2="34" y2="140" fill="none" stroke="black" stroke-width="1" />
<polyline points="28,144 30,144 30,146 32,146 32,144 34,144 " fill="none" stroke="black" stroke-width="1" />
<polyline points="32,146 34,146 34,144 34,142 34,140 " fill="none" stroke="black" stroke-width="1" />
<polyline points="28,146 30,146 30,148 30,148 28,148 28,146 28,144 28,142 30,142 30,144 32,144 " fill="none" stroke="black" stroke-width="1" />
<polyline points="26,148 28,148 28,150 " fill="none" stroke="black" stroke-width="1" />
<polyline points="34,146 36,146 38,146 40,146 42,146 42,148 44,148 44,146 46,146 48,146 50,146 52,146 54,146 54,148 56,148 56,150 58,150 58,152 60,152 60,154 62,154 " fill="none" stroke="black" stroke-width="1" />
<polyline points="148,34 150,34 150,32 " fill="none" stroke="black" stroke-width="1" />
<polyline points="150,34 152,34 154,34 156,34 156,36 158,36 160,36 162,36 164,36 166,36 166,38 168,38 170,38 170,40 172,40 174,40 174,42 176,42 178,42 178,40 180,40 182,40 182,38 184,38 186,38 188,38 188,36 188,34 188,32 190,32 190,30 192,30 194,30 196,30 198,30 198,32 200,32 202,32 204,32 204,34 206,34 208,34 210,34 212,34 214,34 216,34 218,34 220,34 222,34 224,34 224,36 226,36 228,36 230,36 232,36 234,36 236,36 238,36 240,36 242,36 244,36 246,36 248,36 250,36 252,36 252,38 254,38 256,38 258,38 260,38 260,40 262,40 264,40 266,40 268,40 268,42 270,42 272,42 272,44 274,44 274,46 276,46 276,48 278,48 280,48 280,50 282,50 284,50 284,52 286,52 288,52 288,54 290,54 292,54 292,56 294,56 296,56 296,58 298,58 300,58 302,58 304,58 306,58 306,60 308,60 310,60 312,60 314,60 316,60 318,60 320,60 322,60 322,62 324,62 326,62 328,62 330,62 332,62 334,62 336,62 336,60 338,60 340,60 342,60 344,60 346,60 348,60 348,62 350,62 350,64 352,64 354,64 356,64 358,64 358,66 360,66 362,66 364,66 364,68 366,68 368,68 " fill="none" stroke="black" stroke-width="1" />
<line x1="42" y1="146" x2="44" y2="146" fill="none" stroke="black" stroke-width="1" />
<line x1="2" y1="190" x2="469" y2="190" fill="none" stroke="black" stroke-width="1" />
<line x1="2" y1="188" x2="2" y2="192" fill="none" stroke="black" stroke-width="1" />
<line x1="469" y1="188" x2="469" y2="192" fill="none" stroke="black" stroke-width="1" />
<polyline points="390,140 392,140 392,142 392,142 390,142 390,140 388,140 386,140 384,140 382,140 380,140 378,140 376,140 374,140 374,142 372,142 372,144 370,144 368,144 368,146 366,146 366,148 364,148 364,150 362,150 360,150 358,150 358,152 356,152 354,152 352,152 350,152 348,152 346,152 344,152 342,152 340,152 338,152 336,152 334,152 332,152 330,152 328,152 326,152 324,152 322,152 320,152 318,152 316,152 316,150 314,150 314,148 312,148 310,148 310,146 308,146 306,146 304,146 302,146 300,146 298,146 296,146 294,146 292,146 292,144 290,144 288,144 286,144 284,144 282,144 280,144 278,144 276,144 274,144 272,144 272,142 270,142 268,142 268,140 266,140 264,140 262,140 260,140 258,140 256,140 254,140 252,140 250,140 248,140 246,140 244,140 242,140 240,140 238,140 236,140 234,140 234,142 232,142 232,144 230,144 228,144 226,144 224,144 224,142 222,142 220,142 218,142 216,142 216,144 214,144 212,144 210,144 210,146 208,146 206,146 204,146 202,146 200,146 200,148 198,148 196,148 196,150 194,150 194,152 192,152 190,152 188,152 186,152 184,152 182,152 182,154 180,154 180,156 178,156 176,156 174,156 172,156 170,156 168,156 166,156 166,154 164,154 162,154 160,154 160,156 158,156 156,156 154,156 152,156 152,158 150,158 148,158 146,158 144,158 142,158 140,158 138,158 136,158 136,160 134,160 134,162 132,162 130,162 128,162 126,162 124,162 122,162 120,162 118,162 116,162 114,162 114,160 112,160 110,160 108,160 106,160 104,160 102,160 100,160 100,162 100,164 100,166 100,168 98,168 96,168 94,168 94,170 92,170 90,170 88,170 86,170 84,170 82,170 80,170 78,170 76,170 74,170 72,170 70,170 68,170 66,170 66,168 64,168 62,168 62,166 60,166 60,164 60,162 60,160 62,160 62,158 62,156 62,154 " fill="none" stroke="black" stroke-width="1" />
<line x1="234" y1="150" x2="234" y2="24" fill="none" stroke="black"  stroke-dasharray="1 1" stroke-width="1" />
<line x1="100" y1="168" x2="102" y2="168" fill="none" stroke="black" stroke-width="1" />
<polyline points="392,140 394,140 396,140 398,140 398,142 400,142 402,142 404,142 406,142 406,140 408,140 408,138 410,138 412,138 414,138 416,138 418,138 420,138 422,138 424,138 426,138 426,136 428,136 428,134 430,134 432,134 434,134 436,134 438,134 440,134 442,134 444,134 446,134 448,134 450,134 452,134 454,134 454,132 456,132 458,132 458,130 460,130 462,130 464,130 464,128 464,126 464,124 466,124 466,122 466,120 466,118 466,118 464,118 464,116 464,114 464,112 464,112 462,112 462,110 460,110 460,108 460,106 460,106 458,106 458,104 458,102 458,102 456,102 456,100 454,100 454,98 452,98 450,98 450,96 448,96 446,96 446,94 444,94 442,94 440,94 438,94 436,94 434,94 434,92 432,92 430,92 430,90 428,90 426,90 424,90 422,90 422,88 420,88 418,88 418,86 418,84 420,84 420,82 422,82 422,80 422,78 422,78 420,78 420,76 418,76 418,74 418,72 418,72 416,72 414,72 412,72 410,72 408,72 406,72 404,72 402,72 400,72 398,72 398,70 396,70 394,70 392,70 390,70 388,70 386,70 384,70 382,70 380,70 378,70 376,70 374,70 372,70 372,72 370,72 368,72 368,70 368,68 " fill="none" stroke="black" stroke-width="1" />
<line x1="390" y1="151" x2="390" y2="58" fill="none" stroke="black"  stroke-dasharray="1 1" stroke-width="1" />
<line x1="422" y1="80" x2="424" y2="80" fill="none" stroke="black" stroke-width="1" />
<line x1="477" y1="172" x2="477" y2="26" fill="none" stroke="black" stroke-width="1" />
<line x1="475" y1="172" x2="479" y2="172" fill="none" stroke="black" stroke-width="1" />
<line x1="475" y1="26" x2="479" y2="26" fill="none" stroke="black" stroke-width="1" />
<polyline points="422,82 424,82 424,80 426,80 " fill="none" stroke="black" stroke-width="1" />
</svg>
