<?xml version="1.0" encoding="UTF-8"?>
<!DOCTYPE svg PUBLIC "-//W3C//DTD SVG 1.1//EN"
          "http://www.w3.org/Graphics/SVG/1.1/DTD/svg11.dtd">
<svg xmlns="http://www.w3.org/2000/svg" version="1.1"
     width="280" height="190">
<rect x="0" y="0" width="280" height="190" fill="white" stroke="white" stroke-width="0"/>
<text x="10" y="28" fill="black">Cross-section B</text>
<rect x="10" y="140" width="5" height="5" fill="black" stroke-width="0" stroke="black" />
<rect x="15" y="140" width="5" height="5" fill="black" stroke-width="0" stroke="black" />
<rect x="20" y="170" width="5" height="5" fill="black" stroke-width="0" stroke="black" />
<rect x="20" y="165" width="5" height="5" fill="black" stroke-width="0" stroke="black" />
<rect x="20" y="160" width="5" height="5" fill="black" stroke-width="0" stroke="black" />
<rect x="20" y="155" width="5" height="5" fill="black" stroke-width="0" stroke="black" />
<rect x="20" y="150" width="5" height="5" fill="black" stroke-width="0" stroke="black" />
<rect x="20" y="145" width="5" height="5" fill="black" stroke-width="0" stroke="black" />
<rect x="20" y="140" width="5" height="5" fill="black" stroke-width="0" stroke="black" />
<rect x="25" y="170" width="5" height="5" fill="black" stroke-width="0" stroke="black" />
<rect x="25" y="165" width="5" height="5" fill="black" stroke-width="0" stroke="black" />
<rect x="25" y="160" width="5" height="5" fill="black" stroke-width="0" stroke="black" />
<rect x="25" y="155" width="5" height="5" fill="black" stroke-width="0" stroke="black" />
<rect x="25" y="150" width="5" height="5" fill="black" stroke-width="0" stroke="black" />
<rect x="25" y="145" width="5" height="5" fill="black" stroke-width="0" stroke="black" />
<rect x="25" y="140" width="5" height="5" fill="black" stroke-width="0" stroke="black" />
<rect x="25" y="110" width="5" height="5" fill="black" stroke-width="0" stroke="black" />
<rect x="25" y="105" width="5" height="5" fill="black" stroke-width="0" stroke="black" />
<rect x="30" y="170" width="5" height="5" fill="black" stroke-width="0" stroke="black" />
<rect x="30" y="165" width="5" height="5" fill="black" stroke-width="0" stroke="black" />
<rect x="30" y="155" width="5" height="5" fill="black" stroke-width="0" stroke="black" />
<rect x="30" y="150" width="5" height="5" fill="black" stroke-width="0" stroke="black" />
<rect x="30" y="145" width="5" height="5" fill="black" stroke-width="0" stroke="black" />
<rect x="30" y="140" width="5" height="5" fill="black" stroke-width="0" stroke="black" />
<rect x="30" y="110" width="5" height="5" fill="black" stroke-width="0" stroke="black" />
<rect x="30" y="105" width="5" height="5" fill="black" stroke-width="0" stroke="black" />
<rect x="30" y="100" width="5" height="5" fill="black" stroke-width="0" stroke="black" />
<rect x="35" y="170" width="5" height="5" fill="black" stroke-width="0" stroke="black" />
<rect x="35" y="105" width="5" height="5" fill="black" stroke-width="0" stroke="black" />
<rect x="35" y="100" width="5" height="5" fill="black" stroke-width="0" stroke="black" />
<rect x="40" y="170" width="5" height="5" fill="black" stroke-width="0" stroke="black" />
<rect x="40" y="105" width="5" height="5" fill="black" stroke-width="0" stroke="black" />
<rect x="40" y="100" width="5" height="5" fill="black" stroke-width="0" stroke="black" />
<rect x="45" y="170" width="5" height="5" fill="black" stroke-width="0" stroke="black" />
<rect x="45" y="100" width="5" height="5" fill="black" stroke-width="0" stroke="black" />
<rect x="45" y="95" width="5" height="5" fill="black" stroke-width="0" stroke="black" />
<rect x="50" y="175" width="5" height="5" fill="black" stroke-width="0" stroke="black" />
<rect x="50" y="170" width="5" height="5" fill="black" stroke-width="0" stroke="black" />
<rect x="50" y="100" width="5" height="5" fill="black" stroke-width="0" stroke="black" />
<rect x="50" y="95" width="5" height="5" fill="black" stroke-width="0" stroke="black" />
<rect x="50" y="90" width="5" height="5" fill="black" stroke-width="0" stroke="black" />
<rect x="55" y="175" width="5" height="5" fill="black" stroke-width="0" stroke="black" />
<rect x="55" y="170" width="5" height="5" fill="black" stroke-width="0" stroke="black" />
<rect x="55" y="95" width="5" height="5" fill="black" stroke-width="0" stroke="black" />
<rect x="55" y="90" width="5" height="5" fill="black" stroke-width="0" stroke="black" />
<rect x="55" y="85" width="5" height="5" fill="black" stroke-width="0" stroke="black" />
<rect x="60" y="175" width="5" height="5" fill="black" stroke-width="0" stroke="black" />
<rect x="60" y="170" width="5" height="5" fill="black" stroke-width="0" stroke="black" />
<rect x="60" y="90" width="5" height="5" fill="black" stroke-width="0" stroke="black" />
<rect x="60" y="85" width="5" height="5" fill="black" stroke-width="0" stroke="black" />
<rect x="65" y="175" width="5" height="5" fill="black" stroke-width="0" stroke="black" />
<rect x="65" y="90" width="5" height="5" fill="black" stroke-width="0" stroke="black" />
<rect x="65" y="85" width="5" height="5" fill="black" stroke-width="0" stroke="black" />
<rect x="70" y="175" width="5" height="5" fill="black" stroke-width="0" stroke="black" />
<rect x="70" y="90" width="5" height="5" fill="black" stroke-width="0" stroke="black" />
<rect x="70" y="85" width="5" height="5" fill="black" stroke-width="0" stroke="black" />
<rect x="70" y="80" width="5" height="5" fill="black" stroke-width="0" stroke="black" />
<rect x="70" y="75" width="5" height="5" fill="black" stroke-width="0" stroke="black" />
<rect x="75" y="175" width="5" height="5" fill="black" stroke-width="0" stroke="black" />
<rect x="75" y="85" width="5" height="5" fill="black" stroke-width="0" stroke="black" />
<rect x="75" y="80" width="5" height="5" fill="black" stroke-width="0" stroke="black" />
<rect x="75" y="75" width="5" height="5" fill="black" stroke-width="0" stroke="black" />
<rect x="80" y="175" width="5" height="5" fill="black" stroke-width="0" stroke="black" />
<rect x="80" y="85" width="5" height="5" fill="black" stroke-width="0" stroke="black" />
<rect x="80" y="80" width="5" height="5" fill="black" stroke-width="0" stroke="black" />
<rect x="80" y="75" width="5" height="5" fill="black" stroke-width="0" stroke="black" />
<rect x="85" y="175" width="5" height="5" fill="black" stroke-width="0" stroke="black" />
<rect x="85" y="70" width="5" height="5" fill="black" stroke-width="0" stroke="black" />
<rect x="85" y="65" width="5" height="5" fill="black" stroke-width="0" stroke="black" />
<rect x="90" y="175" width="5" height="5" fill="black" stroke-width="0" stroke="black" />
<rect x="90" y="70" width="5" height="5" fill="black" stroke-width="0" stroke="black" />
<rect x="90" y="65" width="5" height="5" fill="black" stroke-width="0" stroke="black" />
<rect x="90" y="60" width="5" height="5" fill="black" stroke-width="0" stroke="black" />
<rect x="90" y="55" width="5" height="5" fill="black" stroke-width="0" stroke="black" />
<rect x="95" y="175" width="5" height="5" fill="black" stroke-width="0" stroke="black" />
<rect x="95" y="55" width="5" height="5" fill="black" stroke-width="0" stroke="black" />
<rect x="95" y="50" width="5" height="5" fill="black" stroke-width="0" stroke="black" />
<rect x="100" y="175" width="5" height="5" fill="black" stroke-width="0" stroke="black" />
<rect x="100" y="45" width="5" height="5" fill="black" stroke-width="0" stroke="black" />
<rect x="105" y="175" width="5" height="5" fill="black" stroke-width="0" stroke="black" />
<rect x="105" y="45" width="5" height="5" fill="black" stroke-width="0" stroke="black" />
<rect x="110" y="45" width="5" height="5" fill="black" stroke-width="0" stroke="black" />
<rect x="110" y="40" width="5" height="5" fill="black" stroke-width="0" stroke="black" />
<rect x="115" y="175" width="5" height="5" fill="black" stroke-width="0" stroke="black" />
<rect x="115" y="45" width="5" height="5" fill="black" stroke-width="0" stroke="black" />
<rect x="115" y="40" width="5" height="5" fill="black" stroke-width="0" stroke="black" />
<rect x="115" y="35" width="5" height="5" fill="black" stroke-width="0" stroke="black" />
<rect x="120" y="175" width="5" height="5" fill="black" stroke-width="0" stroke="black" />
<rect x="120" y="40" width="5" height="5" fill="black" stroke-width="0" stroke="black" />
<rect x="120" y="35" width="5" height="5" fill="black" stroke-width="0" stroke="black" />
<rect x="125" y="35" width="5" height="5" fill="black" stroke-width="0" stroke="black" />
<rect x="130" y="35" width="5" height="5" fill="black" stroke-width="0" stroke="black" />
<rect x="135" y="35" width="5" height="5" fill="black" stroke-width="0" stroke="black" />
<rect x="140" y="40" width="5" height="5" fill="black" stroke-width="0" stroke="black" />
<rect x="140" y="35" width="5" height="5" fill="black" stroke-width="0" stroke="black" />
<rect x="145" y="175" width="5" height="5" fill="black" stroke-width="0" stroke="black" />
<rect x="145" y="170" width="5" height="5" fill="black" stroke-width="0" stroke="black" />
<rect x="145" y="40" width="5" height="5" fill="black" stroke-width="0" stroke="black" />
<rect x="145" y="35" width="5" height="5" fill="black" stroke-width="0" stroke="black" />
<rect x="150" y="175" width="5" height="5" fill="black" stroke-width="0" stroke="black" />
<rect x="150" y="170" width="5" height="5" fill="black" stroke-width="0" stroke="black" />
<rect x="150" y="40" width="5" height="5" fill="black" stroke-width="0" stroke="black" />
<rect x="150" y="35" width="5" height="5" fill="black" stroke-width="0" stroke="black" />
<rect x="155" y="170" width="5" height="5" fill="black" stroke-width="0" stroke="black" />
<rect x="155" y="165" width="5" height="5" fill="black" stroke-width="0" stroke="black" />
<rect x="155" y="35" width="5" height="5" fill="black" stroke-width="0" stroke="black" />
<rect x="160" y="170" width="5" height="5" fill="black" stroke-width="0" stroke="black" />
<rect x="160" y="165" width="5" height="5" fill="black" stroke-width="0" stroke="black" />
<rect x="160" y="40" width="5" height="5" fill="black" stroke-width="0" stroke="black" />
<rect x="160" y="35" width="5" height="5" fill="black" stroke-width="0" stroke="black" />
<rect x="165" y="170" width="5" height="5" fill="black" stroke-width="0" stroke="black" />
<rect x="165" y="165" width="5" height="5" fill="black" stroke-width="0" stroke="black" />
<rect x="165" y="40" width="5" height="5" fill="black" stroke-width="0" stroke="black" />
<rect x="165" y="35" width="5" height="5" fill="black" stroke-width="0" stroke="black" />
<rect x="170" y="170" width="5" height="5" fill="black" stroke-width="0" stroke="black" />
<rect x="170" y="165" width="5" height="5" fill="black" stroke-width="0" stroke="black" />
<rect x="175" y="170" width="5" height="5" fill="black" stroke-width="0" stroke="black" />
<rect x="175" y="165" width="5" height="5" fill="black" stroke-width="0" stroke="black" />
<rect x="175" y="160" width="5" height="5" fill="black" stroke-width="0" stroke="black" />
<rect x="175" y="155" width="5" height="5" fill="black" stroke-width="0" stroke="black" />
<rect x="175" y="40" width="5" height="5" fill="black" stroke-width="0" stroke="black" />
<rect x="180" y="170" width="5" height="5" fill="black" stroke-width="0" stroke="black" />
<rect x="180" y="165" width="5" height="5" fill="black" stroke-width="0" stroke="black" />
<rect x="180" y="160" width="5" height="5" fill="black" stroke-width="0" stroke="black" />
<rect x="180" y="155" width="5" height="5" fill="black" stroke-width="0" stroke="black" />
<rect x="180" y="40" width="5" height="5" fill="black" stroke-width="0" stroke="black" />
<rect x="185" y="155" width="5" height="5" fill="black" stroke-width="0" stroke="black" />
<rect x="185" y="40" width="5" height="5" fill="black" stroke-width="0" stroke="black" />
<rect x="190" y="155" width="5" height="5" fill="black" stroke-width="0" stroke="black" />
<rect x="190" y="150" width="5" height="5" fill="black" stroke-width="0" stroke="black" />
<rect x="190" y="145" width="5" height="5" fill="black" stroke-width="0" stroke="black" />
<rect x="190" y="40" width="5" height="5" fill="black" stroke-width="0" stroke="black" />
<rect x="195" y="155" width="5" height="5" fill="black" stroke-width="0" stroke="black" />
<rect x="195" y="150" width="5" height="5" fill="black" stroke-width="0" stroke="black" />
<rect x="195" y="145" width="5" height="5" fill="black" stroke-width="0" stroke="black" />
<rect x="195" y="40" width="5" height="5" fill="black" stroke-width="0" stroke="black" />
<rect x="200" y="155" width="5" height="5" fill="black" stroke-width="0" stroke="black" />
<rect x="200" y="150" width="5" height="5" fill="black" stroke-width="0" stroke="black" />
<rect x="200" y="145" width="5" height="5" fill="black" stroke-width="0" stroke="black" />
<rect x="200" y="40" width="5" height="5" fill="black" stroke-width="0" stroke="black" />
<rect x="205" y="145" width="5" height="5" fill="black" stroke-width="0" stroke="black" />
<rect x="205" y="45" width="5" height="5" fill="black" stroke-width="0" stroke="black" />
<rect x="205" y="40" width="5" height="5" fill="black" stroke-width="0" stroke="black" />
<rect x="210" y="145" width="5" height="5" fill="black" stroke-width="0" stroke="black" />
<rect x="210" y="140" width="5" height="5" fill="black" stroke-width="0" stroke="black" />
<rect x="210" y="50" width="5" height="5" fill="black" stroke-width="0" stroke="black" />
<rect x="210" y="45" width="5" height="5" fill="black" stroke-width="0" stroke="black" />
<rect x="210" y="40" width="5" height="5" fill="black" stroke-width="0" stroke="black" />
<rect x="215" y="145" width="5" height="5" fill="black" stroke-width="0" stroke="black" />
<rect x="215" y="140" width="5" height="5" fill="black" stroke-width="0" stroke="black" />
<rect x="215" y="50" width="5" height="5" fill="black" stroke-width="0" stroke="black" />
<rect x="215" y="45" width="5" height="5" fill="black" stroke-width="0" stroke="black" />
<rect x="220" y="145" width="5" height="5" fill="black" stroke-width="0" stroke="black" />
<rect x="220" y="140" width="5" height="5" fill="black" stroke-width="0" stroke="black" />
<rect x="220" y="50" width="5" height="5" fill="black" stroke-width="0" stroke="black" />
<rect x="220" y="45" width="5" height="5" fill="black" stroke-width="0" stroke="black" />
<rect x="225" y="145" width="5" height="5" fill="black" stroke-width="0" stroke="black" />
<rect x="225" y="140" width="5" height="5" fill="black" stroke-width="0" stroke="black" />
<rect x="225" y="135" width="5" height="5" fill="black" stroke-width="0" stroke="black" />
<rect x="225" y="130" width="5" height="5" fill="black" stroke-width="0" stroke="black" />
<rect x="225" y="55" width="5" height="5" fill="black" stroke-width="0" stroke="black" />
<rect x="225" y="50" width="5" height="5" fill="black" stroke-width="0" stroke="black" />
<rect x="230" y="140" width="5" height="5" fill="black" stroke-width="0" stroke="black" />
<rect x="230" y="135" width="5" height="5" fill="black" stroke-width="0" stroke="black" />
<rect x="230" y="130" width="5" height="5" fill="black" stroke-width="0" stroke="black" />
<rect x="230" y="55" width="5" height="5" fill="black" stroke-width="0" stroke="black" />
<rect x="230" y="50" width="5" height="5" fill="black" stroke-width="0" stroke="black" />
<rect x="235" y="140" width="5" height="5" fill="black" stroke-width="0" stroke="black" />
<rect x="235" y="135" width="5" height="5" fill="black" stroke-width="0" stroke="black" />
<rect x="235" y="130" width="5" height="5" fill="black" stroke-width="0" stroke="black" />
<rect x="235" y="125" width="5" height="5" fill="black" stroke-width="0" stroke="black" />
<rect x="235" y="120" width="5" height="5" fill="black" stroke-width="0" stroke="black" />
<rect x="235" y="55" width="5" height="5" fill="black" stroke-width="0" stroke="black" />
<rect x="235" y="50" width="5" height="5" fill="black" stroke-width="0" stroke="black" />
<rect x="240" y="130" width="5" height="5" fill="black" stroke-width="0" stroke="black" />
<rect x="240" y="125" width="5" height="5" fill="black" stroke-width="0" stroke="black" />
<rect x="240" y="120" width="5" height="5" fill="black" stroke-width="0" stroke="black" />
<rect x="240" y="60" width="5" height="5" fill="black" stroke-width="0" stroke="black" />
<rect x="240" y="55" width="5" height="5" fill="black" stroke-width="0" stroke="black" />
<rect x="240" y="50" width="5" height="5" fill="black" stroke-width="0" stroke="black" />
<rect x="245" y="120" width="5" height="5" fill="black" stroke-width="0" stroke="black" />
<rect x="245" y="115" width="5" height="5" fill="black" stroke-width="0" stroke="black" />
<rect x="245" y="60" width="5" height="5" fill="black" stroke-width="0" stroke="black" />
<rect x="245" y="55" width="5" height="5" fill="black" stroke-width="0" stroke="black" />
<rect x="250" y="115" width="5" height="5" fill="black" stroke-width="0" stroke="black" />
<rect x="250" y="110" width="5" height="5" fill="black" stroke-width="0" stroke="black" />
<rect x="250" y="60" width="5" height="5" fill="black" stroke-width="0" stroke="black" />
<rect x="250" y="55" width="5" height="5" fill="black" stroke-width="0" stroke="black" />
<rect x="255" y="115" width="5" height="5" fill="black" stroke-width="0" stroke="black" />
<rect x="255" y="110" width="5" height="5" fill="black" stroke-width="0" stroke="black" />
<rect x="255" y="105" width="5" height="5" fill="black" stroke-width="0" stroke="black" />
<rect x="255" y="100" width="5" height="5" fill="black" stroke-width="0" stroke="black" />
<rect x="255" y="95" width="5" height="5" fill="black" stroke-width="0" stroke="black" />
<rect x="255" y="65" width="5" height="5" fill="black" stroke-width="0" stroke="black" />
<rect x="255" y="60" width="5" height="5" fill="black" stroke-width="0" stroke="black" />
<rect x="260" y="105" width="5" height="5" fill="black" stroke-width="0" stroke="black" />
<rect x="260" y="100" width="5" height="5" fill="black" stroke-width="0" stroke="black" />
<rect x="260" y="95" width="5" height="5" fill="black" stroke-width="0" stroke="black" />
<rect x="260" y="65" width="5" height="5" fill="black" stroke-width="0" stroke="black" />
<rect x="260" y="60" width="5" height="5" fill="black" stroke-width="0" stroke="black" />
<rect x="265" y="95" width="5" height="5" fill="black" stroke-width="0" stroke="black" />
<rect x="265" y="90" width="5" height="5" fill="black" stroke-width="0" stroke="black" />
<rect x="265" y="80" width="5" height="5" fill="black" stroke-width="0" stroke="black" />
<rect x="265" y="75" width="5" height="5" fill="black" stroke-width="0" stroke="black" />
<rect x="265" y="70" width="5" height="5" fill="black" stroke-width="0" stroke="black" />
</svg>
