<?xml version="1.0" encoding="UTF-8"?>
<!DOCTYPE svg PUBLIC "-//W3C//DTD SVG 1.1//EN" "http://www.w3.org/Graphics/SVG/1.1/DTD/svg11.dtd">
<svg xmlns="http://www.w3.org/2000/svg" version="1.1" width="166" height="90">
<rect x="0" y="0" width="166" height="90" fill="white" stroke="white" stroke-width="0"/>
<text x="4" y="17" fill="black">Cross-section A</text>
<rect x="4" y="48" width="2" height="2" fill="black" stroke-width="0" stroke="black" />
<rect x="4" y="46" width="2" height="2" fill="black" stroke-width="0" stroke="black" />
<rect x="4" y="44" width="2" height="2" fill="black" stroke-width="0" stroke="black" />
<rect x="4" y="40" width="2" height="2" fill="black" stroke-width="0" stroke="black" />
<rect x="4" y="38" width="2" height="2" fill="black" stroke-width="0" stroke="black" />
<rect x="6" y="48" width="2" height="2" fill="black" stroke-width="0" stroke="black" />
<rect x="6" y="46" width="2" height="2" fill="black" stroke-width="0" stroke="black" />
<rect x="6" y="44" width="2" height="2" fill="black" stroke-width="0" stroke="black" />
<rect x="6" y="40" width="2" height="2" fill="black" stroke-width="0" stroke="black" />
<rect x="6" y="38" width="2" height="2" fill="black" stroke-width="0" stroke="black" />
<rect x="8" y="48" width="2" height="2" fill="black" stroke-width="0" stroke="black" />
<rect x="8" y="46" width="2" height="2" fill="black" stroke-width="0" stroke="black" />
<rect x="8" y="44" width="2" height="2" fill="black" stroke-width="0" stroke="black" />
<rect x="8" y="40" width="2" height="2" fill="black" stroke-width="0" stroke="black" />
<rect x="8" y="38" width="2" height="2" fill="black" stroke-width="0" stroke="black" />
<rect x="10" y="46" width="2" height="2" fill="black" stroke-width="0" stroke="black" />
<rect x="10" y="44" width="2" height="2" fill="black" stroke-width="0" stroke="black" />
<rect x="10" y="42" width="2" height="2" fill="black" stroke-width="0" stroke="black" />
<rect x="10" y="40" width="2" height="2" fill="black" stroke-width="0" stroke="black" />
<rect x="10" y="38" width="2" height="2" fill="black" stroke-width="0" stroke="black" />
<rect x="12" y="44" width="2" height="2" fill="black" stroke-width="0" stroke="black" />
<rect x="12" y="42" width="2" height="2" fill="black" stroke-width="0" stroke="black" />
<rect x="12" y="40" width="2" height="2" fill="black" stroke-width="0" stroke="black" />
<rect x="12" y="38" width="2" height="2" fill="black" stroke-width="0" stroke="black" />
<rect x="14" y="52" width="2" height="2" fill="black" stroke-width="0" stroke="black" />
<rect x="14" y="50" width="2" height="2" fill="black" stroke-width="0" stroke="black" />
<rect x="14" y="48" width="2" height="2" fill="black" stroke-width="0" stroke="black" />
<rect x="14" y="46" width="2" height="2" fill="black" stroke-width="0" stroke="black" />
<rect x="14" y="44" width="2" height="2" fill="black" stroke-width="0" stroke="black" />
<rect x="14" y="42" width="2" height="2" fill="black" stroke-width="0" stroke="black" />
<rect x="14" y="40" width="2" height="2" fill="black" stroke-width="0" stroke="black" />
<rect x="14" y="38" width="2" height="2" fill="black" stroke-width="0" stroke="black" />
<rect x="16" y="54" width="2" height="2" fill="black" stroke-width="0" stroke="black" />
<rect x="16" y="52" width="2" height="2" fill="black" stroke-width="0" stroke="black" />
<rect x="16" y="50" width="2" height="2" fill="black" stroke-width="0" stroke="black" />
<rect x="16" y="48" width="2" height="2" fill="black" stroke-width="0" stroke="black" />
<rect x="16" y="46" width="2" height="2" fill="black" stroke-width="0" stroke="black" />
<rect x="16" y="44" width="2" height="2" fill="black" stroke-width="0" stroke="black" />
<rect x="16" y="42" width="2" height="2" fill="black" stroke-width="0" stroke="black" />
<rect x="16" y="40" width="2" height="2" fill="black" stroke-width="0" stroke="black" />
<rect x="16" y="38" width="2" height="2" fill="black" stroke-width="0" stroke="black" />
<rect x="18" y="54" width="2" height="2" fill="black" stroke-width="0" stroke="black" />
<rect x="18" y="52" width="2" height="2" fill="black" stroke-width="0" stroke="black" />
<rect x="18" y="50" width="2" height="2" fill="black" stroke-width="0" stroke="black" />
<rect x="18" y="46" width="2" height="2" fill="black" stroke-width="0" stroke="black" />
<rect x="18" y="44" width="2" height="2" fill="black" stroke-width="0" stroke="black" />
<rect x="18" y="42" width="2" height="2" fill="black" stroke-width="0" stroke="black" />
<rect x="18" y="40" width="2" height="2" fill="black" stroke-width="0" stroke="black" />
<rect x="20" y="56" width="2" height="2" fill="black" stroke-width="0" stroke="black" />
<rect x="20" y="54" width="2" height="2" fill="black" stroke-width="0" stroke="black" />
<rect x="20" y="52" width="2" height="2" fill="black" stroke-width="0" stroke="black" />
<rect x="20" y="50" width="2" height="2" fill="black" stroke-width="0" stroke="black" />
<rect x="20" y="44" width="2" height="2" fill="black" stroke-width="0" stroke="black" />
<rect x="20" y="42" width="2" height="2" fill="black" stroke-width="0" stroke="black" />
<rect x="22" y="58" width="2" height="2" fill="black" stroke-width="0" stroke="black" />
<rect x="22" y="56" width="2" height="2" fill="black" stroke-width="0" stroke="black" />
<rect x="22" y="54" width="2" height="2" fill="black" stroke-width="0" stroke="black" />
<rect x="22" y="52" width="2" height="2" fill="black" stroke-width="0" stroke="black" />
<rect x="22" y="44" width="2" height="2" fill="black" stroke-width="0" stroke="black" />
<rect x="22" y="42" width="2" height="2" fill="black" stroke-width="0" stroke="black" />
<rect x="24" y="58" width="2" height="2" fill="black" stroke-width="0" stroke="black" />
<rect x="24" y="56" width="2" height="2" fill="black" stroke-width="0" stroke="black" />
<rect x="24" y="54" width="2" height="2" fill="black" stroke-width="0" stroke="black" />
<rect x="24" y="52" width="2" height="2" fill="black" stroke-width="0" stroke="black" />
<rect x="24" y="44" width="2" height="2" fill="black" stroke-width="0" stroke="black" />
<rect x="24" y="42" width="2" height="2" fill="black" stroke-width="0" stroke="black" />
<rect x="26" y="58" width="2" height="2" fill="black" stroke-width="0" stroke="black" />
<rect x="26" y="56" width="2" height="2" fill="black" stroke-width="0" stroke="black" />
<rect x="26" y="54" width="2" height="2" fill="black" stroke-width="0" stroke="black" />
<rect x="26" y="52" width="2" height="2" fill="black" stroke-width="0" stroke="black" />
<rect x="26" y="44" width="2" height="2" fill="black" stroke-width="0" stroke="black" />
<rect x="26" y="42" width="2" height="2" fill="black" stroke-width="0" stroke="black" />
<rect x="28" y="54" width="2" height="2" fill="black" stroke-width="0" stroke="black" />
<rect x="28" y="52" width="2" height="2" fill="black" stroke-width="0" stroke="black" />
<rect x="28" y="44" width="2" height="2" fill="black" stroke-width="0" stroke="black" />
<rect x="28" y="42" width="2" height="2" fill="black" stroke-width="0" stroke="black" />
<rect x="30" y="54" width="2" height="2" fill="black" stroke-width="0" stroke="black" />
<rect x="30" y="52" width="2" height="2" fill="black" stroke-width="0" stroke="black" />
<rect x="30" y="44" width="2" height="2" fill="black" stroke-width="0" stroke="black" />
<rect x="30" y="42" width="2" height="2" fill="black" stroke-width="0" stroke="black" />
<rect x="32" y="56" width="2" height="2" fill="black" stroke-width="0" stroke="black" />
<rect x="32" y="54" width="2" height="2" fill="black" stroke-width="0" stroke="black" />
<rect x="32" y="42" width="2" height="2" fill="black" stroke-width="0" stroke="black" />
<rect x="32" y="40" width="2" height="2" fill="black" stroke-width="0" stroke="black" />
<rect x="32" y="36" width="2" height="2" fill="black" stroke-width="0" stroke="black" />
<rect x="32" y="34" width="2" height="2" fill="black" stroke-width="0" stroke="black" />
<rect x="34" y="56" width="2" height="2" fill="black" stroke-width="0" stroke="black" />
<rect x="34" y="54" width="2" height="2" fill="black" stroke-width="0" stroke="black" />
<rect x="34" y="42" width="2" height="2" fill="black" stroke-width="0" stroke="black" />
<rect x="34" y="40" width="2" height="2" fill="black" stroke-width="0" stroke="black" />
<rect x="34" y="36" width="2" height="2" fill="black" stroke-width="0" stroke="black" />
<rect x="34" y="34" width="2" height="2" fill="black" stroke-width="0" stroke="black" />
<rect x="36" y="56" width="2" height="2" fill="black" stroke-width="0" stroke="black" />
<rect x="36" y="54" width="2" height="2" fill="black" stroke-width="0" stroke="black" />
<rect x="36" y="42" width="2" height="2" fill="black" stroke-width="0" stroke="black" />
<rect x="36" y="40" width="2" height="2" fill="black" stroke-width="0" stroke="black" />
<rect x="36" y="36" width="2" height="2" fill="black" stroke-width="0" stroke="black" />
<rect x="36" y="34" width="2" height="2" fill="black" stroke-width="0" stroke="black" />
<rect x="38" y="58" width="2" height="2" fill="black" stroke-width="0" stroke="black" />
<rect x="38" y="56" width="2" height="2" fill="black" stroke-width="0" stroke="black" />
<rect x="38" y="40" width="2" height="2" fill="black" stroke-width="0" stroke="black" />
<rect x="38" y="38" width="2" height="2" fill="black" stroke-width="0" stroke="black" />
<rect x="38" y="36" width="2" height="2" fill="black" stroke-width="0" stroke="black" />
<rect x="38" y="34" width="2" height="2" fill="black" stroke-width="0" stroke="black" />
<rect x="40" y="58" width="2" height="2" fill="black" stroke-width="0" stroke="black" />
<rect x="40" y="56" width="2" height="2" fill="black" stroke-width="0" stroke="black" />
<rect x="40" y="40" width="2" height="2" fill="black" stroke-width="0" stroke="black" />
<rect x="40" y="38" width="2" height="2" fill="black" stroke-width="0" stroke="black" />
<rect x="40" y="36" width="2" height="2" fill="black" stroke-width="0" stroke="black" />
<rect x="40" y="34" width="2" height="2" fill="black" stroke-width="0" stroke="black" />
<rect x="42" y="58" width="2" height="2" fill="black" stroke-width="0" stroke="black" />
<rect x="42" y="56" width="2" height="2" fill="black" stroke-width="0" stroke="black" />
<rect x="42" y="40" width="2" height="2" fill="black" stroke-width="0" stroke="black" />
<rect x="42" y="38" width="2" height="2" fill="black" stroke-width="0" stroke="black" />
<rect x="42" y="36" width="2" height="2" fill="black" stroke-width="0" stroke="black" />
<rect x="42" y="34" width="2" height="2" fill="black" stroke-width="0" stroke="black" />
<rect x="44" y="60" width="2" height="2" fill="black" stroke-width="0" stroke="black" />
<rect x="44" y="58" width="2" height="2" fill="black" stroke-width="0" stroke="black" />
<rect x="44" y="56" width="2" height="2" fill="black" stroke-width="0" stroke="black" />
<rect x="44" y="40" width="2" height="2" fill="black" stroke-width="0" stroke="black" />
<rect x="44" y="38" width="2" height="2" fill="black" stroke-width="0" stroke="black" />
<rect x="44" y="36" width="2" height="2" fill="black" stroke-width="0" stroke="black" />
<rect x="46" y="60" width="2" height="2" fill="black" stroke-width="0" stroke="black" />
<rect x="46" y="58" width="2" height="2" fill="black" stroke-width="0" stroke="black" />
<rect x="46" y="56" width="2" height="2" fill="black" stroke-width="0" stroke="black" />
<rect x="46" y="38" width="2" height="2" fill="black" stroke-width="0" stroke="black" />
<rect x="46" y="36" width="2" height="2" fill="black" stroke-width="0" stroke="black" />
<rect x="46" y="34" width="2" height="2" fill="black" stroke-width="0" stroke="black" />
<rect x="48" y="62" width="2" height="2" fill="black" stroke-width="0" stroke="black" />
<rect x="48" y="60" width="2" height="2" fill="black" stroke-width="0" stroke="black" />
<rect x="48" y="58" width="2" height="2" fill="black" stroke-width="0" stroke="black" />
<rect x="48" y="56" width="2" height="2" fill="black" stroke-width="0" stroke="black" />
<rect x="48" y="38" width="2" height="2" fill="black" stroke-width="0" stroke="black" />
<rect x="48" y="36" width="2" height="2" fill="black" stroke-width="0" stroke="black" />
<rect x="48" y="34" width="2" height="2" fill="black" stroke-width="0" stroke="black" />
<rect x="50" y="60" width="2" height="2" fill="black" stroke-width="0" stroke="black" />
<rect x="50" y="58" width="2" height="2" fill="black" stroke-width="0" stroke="black" />
<rect x="50" y="36" width="2" height="2" fill="black" stroke-width="0" stroke="black" />
<rect x="50" y="34" width="2" height="2" fill="black" stroke-width="0" stroke="black" />
<rect x="50" y="32" width="2" height="2" fill="black" stroke-width="0" stroke="black" />
<rect x="52" y="60" width="2" height="2" fill="black" stroke-width="0" stroke="black" />
<rect x="52" y="58" width="2" height="2" fill="black" stroke-width="0" stroke="black" />
<rect x="52" y="36" width="2" height="2" fill="black" stroke-width="0" stroke="black" />
<rect x="52" y="34" width="2" height="2" fill="black" stroke-width="0" stroke="black" />
<rect x="52" y="32" width="2" height="2" fill="black" stroke-width="0" stroke="black" />
<rect x="54" y="60" width="2" height="2" fill="black" stroke-width="0" stroke="black" />
<rect x="54" y="58" width="2" height="2" fill="black" stroke-width="0" stroke="black" />
<rect x="54" y="36" width="2" height="2" fill="black" stroke-width="0" stroke="black" />
<rect x="54" y="34" width="2" height="2" fill="black" stroke-width="0" stroke="black" />
<rect x="54" y="32" width="2" height="2" fill="black" stroke-width="0" stroke="black" />
<rect x="56" y="64" width="2" height="2" fill="black" stroke-width="0" stroke="black" />
<rect x="56" y="62" width="2" height="2" fill="black" stroke-width="0" stroke="black" />
<rect x="56" y="60" width="2" height="2" fill="black" stroke-width="0" stroke="black" />
<rect x="56" y="32" width="2" height="2" fill="black" stroke-width="0" stroke="black" />
<rect x="56" y="30" width="2" height="2" fill="black" stroke-width="0" stroke="black" />
<rect x="56" y="28" width="2" height="2" fill="black" stroke-width="0" stroke="black" />
<rect x="58" y="64" width="2" height="2" fill="black" stroke-width="0" stroke="black" />
<rect x="58" y="62" width="2" height="2" fill="black" stroke-width="0" stroke="black" />
<rect x="58" y="32" width="2" height="2" fill="black" stroke-width="0" stroke="black" />
<rect x="58" y="30" width="2" height="2" fill="black" stroke-width="0" stroke="black" />
<rect x="58" y="28" width="2" height="2" fill="black" stroke-width="0" stroke="black" />
<rect x="60" y="66" width="2" height="2" fill="black" stroke-width="0" stroke="black" />
<rect x="60" y="64" width="2" height="2" fill="black" stroke-width="0" stroke="black" />
<rect x="60" y="62" width="2" height="2" fill="black" stroke-width="0" stroke="black" />
<rect x="60" y="32" width="2" height="2" fill="black" stroke-width="0" stroke="black" />
<rect x="60" y="30" width="2" height="2" fill="black" stroke-width="0" stroke="black" />
<rect x="60" y="28" width="2" height="2" fill="black" stroke-width="0" stroke="black" />
<rect x="62" y="66" width="2" height="2" fill="black" stroke-width="0" stroke="black" />
<rect x="62" y="64" width="2" height="2" fill="black" stroke-width="0" stroke="black" />
<rect x="62" y="30" width="2" height="2" fill="black" stroke-width="0" stroke="black" />
<rect x="62" y="28" width="2" height="2" fill="black" stroke-width="0" stroke="black" />
<rect x="62" y="26" width="2" height="2" fill="black" stroke-width="0" stroke="black" />
<rect x="64" y="66" width="2" height="2" fill="black" stroke-width="0" stroke="black" />
<rect x="64" y="64" width="2" height="2" fill="black" stroke-width="0" stroke="black" />
<rect x="64" y="30" width="2" height="2" fill="black" stroke-width="0" stroke="black" />
<rect x="64" y="28" width="2" height="2" fill="black" stroke-width="0" stroke="black" />
<rect x="64" y="26" width="2" height="2" fill="black" stroke-width="0" stroke="black" />
<rect x="66" y="66" width="2" height="2" fill="black" stroke-width="0" stroke="black" />
<rect x="66" y="64" width="2" height="2" fill="black" stroke-width="0" stroke="black" />
<rect x="66" y="28" width="2" height="2" fill="black" stroke-width="0" stroke="black" />
<rect x="66" y="26" width="2" height="2" fill="black" stroke-width="0" stroke="black" />
<rect x="68" y="66" width="2" height="2" fill="black" stroke-width="0" stroke="black" />
<rect x="68" y="26" width="2" height="2" fill="black" stroke-width="0" stroke="black" />
<rect x="70" y="66" width="2" height="2" fill="black" stroke-width="0" stroke="black" />
<rect x="70" y="26" width="2" height="2" fill="black" stroke-width="0" stroke="black" />
<rect x="72" y="66" width="2" height="2" fill="black" stroke-width="0" stroke="black" />
<rect x="72" y="26" width="2" height="2" fill="black" stroke-width="0" stroke="black" />
<rect x="74" y="66" width="2" height="2" fill="black" stroke-width="0" stroke="black" />
<rect x="74" y="26" width="2" height="2" fill="black" stroke-width="0" stroke="black" />
<rect x="74" y="24" width="2" height="2" fill="black" stroke-width="0" stroke="black" />
<rect x="76" y="66" width="2" height="2" fill="black" stroke-width="0" stroke="black" />
<rect x="76" y="26" width="2" height="2" fill="black" stroke-width="0" stroke="black" />
<rect x="76" y="24" width="2" height="2" fill="black" stroke-width="0" stroke="black" />
<rect x="78" y="66" width="2" height="2" fill="black" stroke-width="0" stroke="black" />
<rect x="78" y="26" width="2" height="2" fill="black" stroke-width="0" stroke="black" />
<rect x="78" y="24" width="2" height="2" fill="black" stroke-width="0" stroke="black" />
<rect x="80" y="66" width="2" height="2" fill="black" stroke-width="0" stroke="black" />
<rect x="80" y="24" width="2" height="2" fill="black" stroke-width="0" stroke="black" />
<rect x="82" y="66" width="2" height="2" fill="black" stroke-width="0" stroke="black" />
<rect x="82" y="64" width="2" height="2" fill="black" stroke-width="0" stroke="black" />
<rect x="82" y="24" width="2" height="2" fill="black" stroke-width="0" stroke="black" />
<rect x="82" y="22" width="2" height="2" fill="black" stroke-width="0" stroke="black" />
<rect x="84" y="66" width="2" height="2" fill="black" stroke-width="0" stroke="black" />
<rect x="84" y="64" width="2" height="2" fill="black" stroke-width="0" stroke="black" />
<rect x="84" y="24" width="2" height="2" fill="black" stroke-width="0" stroke="black" />
<rect x="84" y="22" width="2" height="2" fill="black" stroke-width="0" stroke="black" />
<rect x="86" y="66" width="2" height="2" fill="black" stroke-width="0" stroke="black" />
<rect x="86" y="64" width="2" height="2" fill="black" stroke-width="0" stroke="black" />
<rect x="86" y="24" width="2" height="2" fill="black" stroke-width="0" stroke="black" />
<rect x="86" y="22" width="2" height="2" fill="black" stroke-width="0" stroke="black" />
<rect x="88" y="64" width="2" height="2" fill="black" stroke-width="0" stroke="black" />
<rect x="88" y="24" width="2" height="2" fill="black" stroke-width="0" stroke="black" />
<rect x="88" y="22" width="2" height="2" fill="black" stroke-width="0" stroke="black" />
<rect x="90" y="64" width="2" height="2" fill="black" stroke-width="0" stroke="black" />
<rect x="90" y="62" width="2" height="2" fill="black" stroke-width="0" stroke="black" />
<rect x="90" y="24" width="2" height="2" fill="black" stroke-width="0" stroke="black" />
<rect x="90" y="22" width="2" height="2" fill="black" stroke-width="0" stroke="black" />
<rect x="92" y="64" width="2" height="2" fill="black" stroke-width="0" stroke="black" />
<rect x="92" y="62" width="2" height="2" fill="black" stroke-width="0" stroke="black" />
<rect x="92" y="24" width="2" height="2" fill="black" stroke-width="0" stroke="black" />
<rect x="92" y="22" width="2" height="2" fill="black" stroke-width="0" stroke="black" />
<rect x="94" y="64" width="2" height="2" fill="black" stroke-width="0" stroke="black" />
<rect x="94" y="62" width="2" height="2" fill="black" stroke-width="0" stroke="black" />
<rect x="94" y="60" width="2" height="2" fill="black" stroke-width="0" stroke="black" />
<rect x="94" y="22" width="2" height="2" fill="black" stroke-width="0" stroke="black" />
<rect x="96" y="64" width="2" height="2" fill="black" stroke-width="0" stroke="black" />
<rect x="96" y="62" width="2" height="2" fill="black" stroke-width="0" stroke="black" />
<rect x="96" y="60" width="2" height="2" fill="black" stroke-width="0" stroke="black" />
<rect x="96" y="22" width="2" height="2" fill="black" stroke-width="0" stroke="black" />
<rect x="96" y="20" width="2" height="2" fill="black" stroke-width="0" stroke="black" />
<rect x="98" y="62" width="2" height="2" fill="black" stroke-width="0" stroke="black" />
<rect x="98" y="60" width="2" height="2" fill="black" stroke-width="0" stroke="black" />
<rect x="98" y="22" width="2" height="2" fill="black" stroke-width="0" stroke="black" />
<rect x="98" y="20" width="2" height="2" fill="black" stroke-width="0" stroke="black" />
<rect x="100" y="60" width="2" height="2" fill="black" stroke-width="0" stroke="black" />
<rect x="100" y="58" width="2" height="2" fill="black" stroke-width="0" stroke="black" />
<rect x="100" y="22" width="2" height="2" fill="black" stroke-width="0" stroke="black" />
<rect x="100" y="20" width="2" height="2" fill="black" stroke-width="0" stroke="black" />
<rect x="102" y="60" width="2" height="2" fill="black" stroke-width="0" stroke="black" />
<rect x="102" y="58" width="2" height="2" fill="black" stroke-width="0" stroke="black" />
<rect x="102" y="22" width="2" height="2" fill="black" stroke-width="0" stroke="black" />
<rect x="102" y="20" width="2" height="2" fill="black" stroke-width="0" stroke="black" />
<rect x="104" y="60" width="2" height="2" fill="black" stroke-width="0" stroke="black" />
<rect x="104" y="58" width="2" height="2" fill="black" stroke-width="0" stroke="black" />
<rect x="104" y="22" width="2" height="2" fill="black" stroke-width="0" stroke="black" />
<rect x="104" y="20" width="2" height="2" fill="black" stroke-width="0" stroke="black" />
<rect x="106" y="60" width="2" height="2" fill="black" stroke-width="0" stroke="black" />
<rect x="106" y="58" width="2" height="2" fill="black" stroke-width="0" stroke="black" />
<rect x="106" y="56" width="2" height="2" fill="black" stroke-width="0" stroke="black" />
<rect x="106" y="22" width="2" height="2" fill="black" stroke-width="0" stroke="black" />
<rect x="106" y="20" width="2" height="2" fill="black" stroke-width="0" stroke="black" />
<rect x="108" y="60" width="2" height="2" fill="black" stroke-width="0" stroke="black" />
<rect x="108" y="58" width="2" height="2" fill="black" stroke-width="0" stroke="black" />
<rect x="108" y="56" width="2" height="2" fill="black" stroke-width="0" stroke="black" />
<rect x="108" y="22" width="2" height="2" fill="black" stroke-width="0" stroke="black" />
<rect x="108" y="20" width="2" height="2" fill="black" stroke-width="0" stroke="black" />
<rect x="110" y="58" width="2" height="2" fill="black" stroke-width="0" stroke="black" />
<rect x="110" y="56" width="2" height="2" fill="black" stroke-width="0" stroke="black" />
<rect x="110" y="22" width="2" height="2" fill="black" stroke-width="0" stroke="black" />
<rect x="110" y="20" width="2" height="2" fill="black" stroke-width="0" stroke="black" />
<rect x="112" y="56" width="2" height="2" fill="black" stroke-width="0" stroke="black" />
<rect x="112" y="54" width="2" height="2" fill="black" stroke-width="0" stroke="black" />
<rect x="112" y="52" width="2" height="2" fill="black" stroke-width="0" stroke="black" />
<rect x="112" y="50" width="2" height="2" fill="black" stroke-width="0" stroke="black" />
<rect x="112" y="26" width="2" height="2" fill="black" stroke-width="0" stroke="black" />
<rect x="112" y="24" width="2" height="2" fill="black" stroke-width="0" stroke="black" />
<rect x="112" y="22" width="2" height="2" fill="black" stroke-width="0" stroke="black" />
<rect x="112" y="20" width="2" height="2" fill="black" stroke-width="0" stroke="black" />
<rect x="114" y="56" width="2" height="2" fill="black" stroke-width="0" stroke="black" />
<rect x="114" y="54" width="2" height="2" fill="black" stroke-width="0" stroke="black" />
<rect x="114" y="52" width="2" height="2" fill="black" stroke-width="0" stroke="black" />
<rect x="114" y="50" width="2" height="2" fill="black" stroke-width="0" stroke="black" />
<rect x="114" y="26" width="2" height="2" fill="black" stroke-width="0" stroke="black" />
<rect x="114" y="24" width="2" height="2" fill="black" stroke-width="0" stroke="black" />
<rect x="114" y="22" width="2" height="2" fill="black" stroke-width="0" stroke="black" />
<rect x="116" y="54" width="2" height="2" fill="black" stroke-width="0" stroke="black" />
<rect x="116" y="52" width="2" height="2" fill="black" stroke-width="0" stroke="black" />
<rect x="116" y="50" width="2" height="2" fill="black" stroke-width="0" stroke="black" />
<rect x="116" y="26" width="2" height="2" fill="black" stroke-width="0" stroke="black" />
<rect x="116" y="24" width="2" height="2" fill="black" stroke-width="0" stroke="black" />
<rect x="116" y="22" width="2" height="2" fill="black" stroke-width="0" stroke="black" />
<rect x="118" y="54" width="2" height="2" fill="black" stroke-width="0" stroke="black" />
<rect x="118" y="52" width="2" height="2" fill="black" stroke-width="0" stroke="black" />
<rect x="118" y="50" width="2" height="2" fill="black" stroke-width="0" stroke="black" />
<rect x="118" y="26" width="2" height="2" fill="black" stroke-width="0" stroke="black" />
<rect x="118" y="24" width="2" height="2" fill="black" stroke-width="0" stroke="black" />
<rect x="118" y="22" width="2" height="2" fill="black" stroke-width="0" stroke="black" />
<rect x="120" y="54" width="2" height="2" fill="black" stroke-width="0" stroke="black" />
<rect x="120" y="52" width="2" height="2" fill="black" stroke-width="0" stroke="black" />
<rect x="120" y="50" width="2" height="2" fill="black" stroke-width="0" stroke="black" />
<rect x="120" y="48" width="2" height="2" fill="black" stroke-width="0" stroke="black" />
<rect x="120" y="26" width="2" height="2" fill="black" stroke-width="0" stroke="black" />
<rect x="120" y="24" width="2" height="2" fill="black" stroke-width="0" stroke="black" />
<rect x="120" y="22" width="2" height="2" fill="black" stroke-width="0" stroke="black" />
<rect x="122" y="52" width="2" height="2" fill="black" stroke-width="0" stroke="black" />
<rect x="122" y="50" width="2" height="2" fill="black" stroke-width="0" stroke="black" />
<rect x="122" y="48" width="2" height="2" fill="black" stroke-width="0" stroke="black" />
<rect x="122" y="26" width="2" height="2" fill="black" stroke-width="0" stroke="black" />
<rect x="122" y="24" width="2" height="2" fill="black" stroke-width="0" stroke="black" />
<rect x="124" y="52" width="2" height="2" fill="black" stroke-width="0" stroke="black" />
<rect x="124" y="50" width="2" height="2" fill="black" stroke-width="0" stroke="black" />
<rect x="124" y="48" width="2" height="2" fill="black" stroke-width="0" stroke="black" />
<rect x="124" y="46" width="2" height="2" fill="black" stroke-width="0" stroke="black" />
<rect x="124" y="44" width="2" height="2" fill="black" stroke-width="0" stroke="black" />
<rect x="124" y="42" width="2" height="2" fill="black" stroke-width="0" stroke="black" />
<rect x="124" y="40" width="2" height="2" fill="black" stroke-width="0" stroke="black" />
<rect x="124" y="26" width="2" height="2" fill="black" stroke-width="0" stroke="black" />
<rect x="124" y="24" width="2" height="2" fill="black" stroke-width="0" stroke="black" />
<rect x="126" y="50" width="2" height="2" fill="black" stroke-width="0" stroke="black" />
<rect x="126" y="48" width="2" height="2" fill="black" stroke-width="0" stroke="black" />
<rect x="126" y="46" width="2" height="2" fill="black" stroke-width="0" stroke="black" />
<rect x="126" y="44" width="2" height="2" fill="black" stroke-width="0" stroke="black" />
<rect x="126" y="42" width="2" height="2" fill="black" stroke-width="0" stroke="black" />
<rect x="126" y="40" width="2" height="2" fill="black" stroke-width="0" stroke="black" />
<rect x="126" y="28" width="2" height="2" fill="black" stroke-width="0" stroke="black" />
<rect x="126" y="26" width="2" height="2" fill="black" stroke-width="0" stroke="black" />
<rect x="128" y="48" width="2" height="2" fill="black" stroke-width="0" stroke="black" />
<rect x="128" y="46" width="2" height="2" fill="black" stroke-width="0" stroke="black" />
<rect x="128" y="44" width="2" height="2" fill="black" stroke-width="0" stroke="black" />
<rect x="128" y="42" width="2" height="2" fill="black" stroke-width="0" stroke="black" />
<rect x="128" y="40" width="2" height="2" fill="black" stroke-width="0" stroke="black" />
<rect x="128" y="38" width="2" height="2" fill="black" stroke-width="0" stroke="black" />
<rect x="128" y="28" width="2" height="2" fill="black" stroke-width="0" stroke="black" />
<rect x="128" y="26" width="2" height="2" fill="black" stroke-width="0" stroke="black" />
<rect x="130" y="46" width="2" height="2" fill="black" stroke-width="0" stroke="black" />
<rect x="130" y="44" width="2" height="2" fill="black" stroke-width="0" stroke="black" />
<rect x="130" y="42" width="2" height="2" fill="black" stroke-width="0" stroke="black" />
<rect x="130" y="40" width="2" height="2" fill="black" stroke-width="0" stroke="black" />
<rect x="130" y="38" width="2" height="2" fill="black" stroke-width="0" stroke="black" />
<rect x="130" y="36" width="2" height="2" fill="black" stroke-width="0" stroke="black" />
<rect x="130" y="30" width="2" height="2" fill="black" stroke-width="0" stroke="black" />
<rect x="130" y="28" width="2" height="2" fill="black" stroke-width="0" stroke="black" />
<rect x="130" y="26" width="2" height="2" fill="black" stroke-width="0" stroke="black" />
<rect x="132" y="46" width="2" height="2" fill="black" stroke-width="0" stroke="black" />
<rect x="132" y="44" width="2" height="2" fill="black" stroke-width="0" stroke="black" />
<rect x="132" y="42" width="2" height="2" fill="black" stroke-width="0" stroke="black" />
<rect x="132" y="40" width="2" height="2" fill="black" stroke-width="0" stroke="black" />
<rect x="132" y="38" width="2" height="2" fill="black" stroke-width="0" stroke="black" />
<rect x="132" y="36" width="2" height="2" fill="black" stroke-width="0" stroke="black" />
<rect x="132" y="34" width="2" height="2" fill="black" stroke-width="0" stroke="black" />
<rect x="132" y="32" width="2" height="2" fill="black" stroke-width="0" stroke="black" />
<rect x="132" y="30" width="2" height="2" fill="black" stroke-width="0" stroke="black" />
<rect x="132" y="28" width="2" height="2" fill="black" stroke-width="0" stroke="black" />
<rect x="132" y="26" width="2" height="2" fill="black" stroke-width="0" stroke="black" />
<rect x="134" y="46" width="2" height="2" fill="black" stroke-width="0" stroke="black" />
<rect x="134" y="44" width="2" height="2" fill="black" stroke-width="0" stroke="black" />
<rect x="134" y="42" width="2" height="2" fill="black" stroke-width="0" stroke="black" />
<rect x="134" y="40" width="2" height="2" fill="black" stroke-width="0" stroke="black" />
<rect x="134" y="38" width="2" height="2" fill="black" stroke-width="0" stroke="black" />
<rect x="134" y="36" width="2" height="2" fill="black" stroke-width="0" stroke="black" />
<rect x="134" y="34" width="2" height="2" fill="black" stroke-width="0" stroke="black" />
<rect x="134" y="32" width="2" height="2" fill="black" stroke-width="0" stroke="black" />
<rect x="134" y="30" width="2" height="2" fill="black" stroke-width="0" stroke="black" />
<rect x="134" y="28" width="2" height="2" fill="black" stroke-width="0" stroke="black" />
<rect x="136" y="40" width="2" height="2" fill="black" stroke-width="0" stroke="black" />
<rect x="136" y="38" width="2" height="2" fill="black" stroke-width="0" stroke="black" />
<rect x="136" y="36" width="2" height="2" fill="black" stroke-width="0" stroke="black" />
<rect x="136" y="34" width="2" height="2" fill="black" stroke-width="0" stroke="black" />
<rect x="136" y="32" width="2" height="2" fill="black" stroke-width="0" stroke="black" />
<rect x="136" y="30" width="2" height="2" fill="black" stroke-width="0" stroke="black" />
<rect x="138" y="40" width="2" height="2" fill="black" stroke-width="0" stroke="black" />
<rect x="138" y="38" width="2" height="2" fill="black" stroke-width="0" stroke="black" />
<rect x="138" y="36" width="2" height="2" fill="black" stroke-width="0" stroke="black" />
<rect x="138" y="34" width="2" height="2" fill="black" stroke-width="0" stroke="black" />
<rect x="138" y="32" width="2" height="2" fill="black" stroke-width="0" stroke="black" />
<rect x="138" y="30" width="2" height="2" fill="black" stroke-width="0" stroke="black" />
<rect x="140" y="38" width="2" height="2" fill="black" stroke-width="0" stroke="black" />
<rect x="140" y="36" width="2" height="2" fill="black" stroke-width="0" stroke="black" />
<rect x="140" y="34" width="2" height="2" fill="black" stroke-width="0" stroke="black" />
<text x="62" y="88" fill="black" font-size="9px">3.46m</text>
<text x="0" y="0" fill="black" font-size="9px" transform="translate(158,31) rotate(90)">1.16m</text>
<line x1="4" y1="78" x2="144" y2="78" fill="none" stroke="black" stroke-width="1" />
<line x1="4" y1="76" x2="4" y2="80" fill="none" stroke="black" stroke-width="1" />
<line x1="144" y1="76" x2="144" y2="80" fill="none" stroke="black" stroke-width="1" />
<line x1="154" y1="68" x2="154" y2="19" fill="none" stroke="black" stroke-width="1" />
<line x1="152" y1="68" x2="156" y2="68" fill="none" stroke="black" stroke-width="1" />
<line x1="152" y1="19" x2="156" y2="19" fill="none" stroke="black" stroke-width="1" />
</svg>
