<?xml version="1.0" encoding="UTF-8"?>
<!DOCTYPE svg PUBLIC "-//W3C//DTD SVG 1.1//EN"
          "http://www.w3.org/Graphics/SVG/1.1/DTD/svg11.dtd">
<svg xmlns="http://www.w3.org/2000/svg" version="1.1"
     width="1175" height="440">
<rect x="0" y="0" width="1175" height="440" fill="white" stroke="white" stroke-width="0"/>
<text x="191" y="32" fill="black">A</text>
<text x="582" y="40" fill="black">B</text>
<text x="973" y="124" fill="black">C</text>
<polyline points="60,70 65,70 65,65 " fill="none" stroke="black" stroke-width="1" />
<polyline points="15,215 15,210 15,205 15,200 15,195 15,190 15,190 10,190 10,185 5,185 5,180 5,175 5,170 5,165 5,160 10,160 15,160 15,155 15,150 15,145 15,140 20,140 25,140 30,140 30,135 35,135 35,130 35,125 35,125 30,125 30,120 30,115 30,115 25,115 25,110 20,110 20,105 20,100 25,100 25,95 30,95 30,90 30,85 35,85 40,85 40,80 45,80 45,75 50,75 50,70 55,70 60,70 60,65 65,65 " fill="none" stroke="black" stroke-width="1" />
<polyline points="65,70 70,70 75,70 80,70 85,70 85,65 90,65 95,65 100,65 105,65 110,65 115,65 120,65 125,65 130,65 135,65 135,60 140,60 145,60 150,60 150,55 155,55 160,55 160,50 165,50 170,50 175,50 180,50 180,55 185,55 190,55 190,60 195,60 195,65 200,65 200,70 205,70 205,75 210,75 210,80 215,80 220,80 220,85 225,85 225,90 230,90 230,95 235,95 240,95 245,95 250,95 250,90 255,90 255,85 260,85 265,85 265,80 270,80 " fill="none" stroke="black" stroke-width="1" />
<polyline points="10,215 15,215 15,220 20,220 25,220 25,225 30,225 " fill="none" stroke="black" stroke-width="1" />
<line x1="195" y1="430" x2="195" y2="33" fill="none" stroke="black"  stroke-dasharray="1 1" stroke-width="1" />
<polyline points="50,280 50,275 50,270 50,270 45,270 40,270 40,265 35,265 35,260 30,260 30,255 30,250 30,245 30,240 30,235 30,230 30,225 " fill="none" stroke="black" stroke-width="1" />
<polyline points="50,285 45,285 45,280 50,280 50,285 55,285 " fill="none" stroke="black" stroke-width="1" />
<polyline points="55,295 55,290 55,285 " fill="none" stroke="black" stroke-width="1" />
<polyline points="265,85 270,85 270,80 " fill="none" stroke="black" stroke-width="1" />
<polyline points="270,85 275,85 280,85 285,85 290,85 295,85 300,85 305,85 305,80 310,80 315,80 315,75 320,75 320,70 325,70 325,65 330,65 330,60 335,60 " fill="none" stroke="black" stroke-width="1" />
<polyline points="55,300 50,300 50,295 55,295 55,300 60,300 " fill="none" stroke="black" stroke-width="1" />
<polyline points="60,310 60,305 60,300 " fill="none" stroke="black" stroke-width="1" />
<polyline points="60,305 65,305 70,305 " fill="none" stroke="black" stroke-width="1" />
<polyline points="75,335 80,330 80,325 80,320 80,320 75,320 70,320 70,315 70,310 70,305 " fill="none" stroke="black" stroke-width="1" />
<polyline points="330,65 335,65 335,60 " fill="none" stroke="black" stroke-width="1" />
<polyline points="335,65 340,65 345,65 350,65 355,65 360,65 365,65 370,65 370,60 375,60 " fill="none" stroke="black" stroke-width="1" />
<line x1="80" y1="330" x2="85" y2="330" fill="none" stroke="black" stroke-width="1" />
<polyline points="70,340 75,340 75,345 80,345 80,340 85,340 " fill="none" stroke="black" stroke-width="1" />
<polyline points="80,345 85,345 85,340 85,335 85,330 " fill="none" stroke="black" stroke-width="1" />
<polyline points="70,345 75,345 75,350 75,350 70,350 70,345 70,340 70,335 75,335 75,340 80,340 " fill="none" stroke="black" stroke-width="1" />
<polyline points="65,350 70,350 70,355 " fill="none" stroke="black" stroke-width="1" />
<polyline points="85,345 90,345 95,345 100,345 105,345 105,350 110,350 110,345 115,345 120,345 125,345 130,345 135,345 135,350 140,350 140,355 145,355 145,360 150,360 150,365 155,365 " fill="none" stroke="black" stroke-width="1" />
<polyline points="370,65 375,65 375,60 " fill="none" stroke="black" stroke-width="1" />
<polyline points="375,65 380,65 385,65 390,65 390,70 395,70 400,70 405,70 410,70 415,70 415,75 420,75 425,75 425,80 430,80 435,80 435,85 440,85 445,85 445,80 450,80 455,80 455,75 460,75 465,75 470,75 470,70 470,65 470,60 475,60 475,55 480,55 485,55 490,55 495,55 495,60 500,60 505,60 510,60 510,65 515,65 520,65 525,65 530,65 535,65 540,65 545,65 550,65 555,65 560,65 560,70 565,70 570,70 575,70 580,70 585,70 590,70 595,70 600,70 605,70 610,70 615,70 620,70 625,70 630,70 630,75 635,75 640,75 645,75 650,75 650,80 655,80 660,80 665,80 670,80 670,85 675,85 680,85 680,90 685,90 685,95 690,95 690,100 695,100 700,100 700,105 705,105 710,105 710,110 715,110 720,110 720,115 725,115 730,115 730,120 735,120 740,120 740,125 745,125 750,125 755,125 760,125 765,125 765,130 770,130 775,130 780,130 785,130 790,130 795,130 800,130 805,130 805,135 810,135 815,135 820,135 825,135 830,135 835,135 840,135 840,130 845,130 850,130 855,130 860,130 865,130 870,130 870,135 875,135 875,140 880,140 885,140 890,140 895,140 895,145 900,145 905,145 910,145 910,150 915,150 920,150 " fill="none" stroke="black" stroke-width="1" />
<line x1="105" y1="345" x2="110" y2="345" fill="none" stroke="black" stroke-width="1" />
<polyline points="975,330 980,330 980,335 980,335 975,335 975,330 970,330 965,330 960,330 955,330 950,330 945,330 940,330 935,330 935,335 930,335 930,340 925,340 920,340 920,345 915,345 915,350 910,350 910,355 905,355 900,355 895,355 895,360 890,360 885,360 880,360 875,360 870,360 865,360 860,360 855,360 850,360 845,360 840,360 835,360 830,360 825,360 820,360 815,360 810,360 805,360 800,360 795,360 790,360 790,355 785,355 785,350 780,350 775,350 775,345 770,345 765,345 760,345 755,345 750,345 745,345 740,345 735,345 730,345 730,340 725,340 720,340 715,340 710,340 705,340 700,340 695,340 690,340 685,340 680,340 680,335 675,335 670,335 670,330 665,330 660,330 655,330 650,330 645,330 640,330 635,330 630,330 625,330 620,330 615,330 610,330 605,330 600,330 595,330 590,330 585,330 585,335 580,335 580,340 575,340 570,340 565,340 560,340 560,335 555,335 550,335 545,335 540,335 540,340 535,340 530,340 525,340 525,345 520,345 515,345 510,345 505,345 500,345 500,350 495,350 490,350 490,355 485,355 485,360 480,360 475,360 470,360 465,360 460,360 455,360 455,365 450,365 450,370 445,370 440,370 435,370 430,370 425,370 420,370 415,370 415,365 410,365 405,365 400,365 400,370 395,370 390,370 385,370 380,370 380,375 375,375 370,375 365,375 360,375 355,375 350,375 345,375 340,375 340,380 335,380 335,385 330,385 325,385 320,385 315,385 310,385 305,385 300,385 295,385 290,385 285,385 285,380 280,380 275,380 270,380 265,380 260,380 255,380 250,380 250,385 250,390 250,395 250,400 245,400 240,400 235,400 235,405 230,405 225,405 220,405 215,405 210,405 205,405 200,405 195,405 190,405 185,405 180,405 175,405 170,405 165,405 165,400 160,400 155,400 155,395 150,395 150,390 150,385 150,380 155,380 155,375 155,370 155,365 " fill="none" stroke="black" stroke-width="1" />
<line x1="586" y1="356" x2="586" y2="41" fill="none" stroke="black"  stroke-dasharray="1 1" stroke-width="1" />
<line x1="250" y1="400" x2="255" y2="400" fill="none" stroke="black" stroke-width="1" />
<polyline points="980,330 985,330 990,330 995,330 995,335 1000,335 1005,335 1010,335 1015,335 1015,330 1020,330 1020,325 1025,325 1030,325 1035,325 1040,325 1045,325 1050,325 1055,325 1060,325 1065,325 1065,320 1070,320 1070,315 1075,315 1080,315 1085,315 1090,315 1095,315 1100,315 1105,315 1110,315 1115,315 1120,315 1125,315 1130,315 1135,315 1135,310 1140,310 1145,310 1145,305 1150,305 1155,305 1160,305 1160,300 1160,295 1160,290 1165,290 1165,285 1165,280 1165,275 1165,275 1160,275 1160,270 1160,265 1160,260 1160,260 1155,260 1155,255 1150,255 1150,250 1150,245 1150,245 1145,245 1145,240 1145,235 1145,235 1140,235 1140,230 1135,230 1135,225 1130,225 1125,225 1125,220 1120,220 1115,220 1115,215 1110,215 1105,215 1100,215 1095,215 1090,215 1085,215 1085,210 1080,210 1075,210 1075,205 1070,205 1065,205 1060,205 1055,205 1055,200 1050,200 1045,200 1045,195 1045,190 1050,190 1050,185 1055,185 1055,180 1055,175 1055,175 1050,175 1050,170 1045,170 1045,165 1045,160 1045,160 1040,160 1035,160 1030,160 1025,160 1020,160 1015,160 1010,160 1005,160 1000,160 995,160 995,155 990,155 985,155 980,155 975,155 970,155 965,155 960,155 955,155 950,155 945,155 940,155 935,155 930,155 930,160 925,160 920,160 920,155 920,150 " fill="none" stroke="black" stroke-width="1" />
<line x1="977" y1="359" x2="977" y2="125" fill="none" stroke="black"  stroke-dasharray="1 1" stroke-width="1" />
<line x1="1055" y1="180" x2="1060" y2="180" fill="none" stroke="black" stroke-width="1" />
<polyline points="1055,185 1060,185 1060,180 1065,180 " fill="none" stroke="black" stroke-width="1" />
</svg>
