<?xml version="1.0" encoding="UTF-8"?>
<!DOCTYPE svg PUBLIC "-//W3C//DTD SVG 1.1//EN"
          "http://www.w3.org/Graphics/SVG/1.1/DTD/svg11.dtd">
<svg xmlns="http://www.w3.org/2000/svg" version="1.1"
     width="1048" height="328">
<rect x="0" y="0" width="1048" height="328" fill="white" stroke="white" stroke-width="0"/>
<text x="476" y="324" fill="black" font-size="9px">11.63m</text>
<text x="0" y="0" fill="black" font-size="9px" transform="translate(1040,136) rotate(90)">3.58m</text>
<text x="953" y="151" fill="black">A</text>
<polyline points="68,22 72,22 72,18 " fill="none" stroke="black" stroke-width="1" />
<polyline points="32,126 32,122 32,118 32,118 28,118 28,114 24,114 24,110 24,106 24,102 24,98 24,94 28,94 32,94 32,90 32,86 32,82 32,78 36,78 40,78 44,78 44,74 48,74 48,70 48,66 48,66 44,66 44,62 44,58 44,58 40,58 40,54 36,54 36,50 36,46 40,46 40,42 44,42 44,38 44,34 48,34 52,34 52,30 56,30 56,26 60,26 60,22 64,22 68,22 68,18 72,18 " fill="none" stroke="black" stroke-width="1" />
<polyline points="72,22 76,22 80,22 84,22 88,22 88,18 92,18 96,18 100,18 104,18 108,18 112,18 116,18 120,18 124,18 128,18 128,14 132,14 136,14 140,14 140,10 144,10 148,10 148,6 152,6 156,6 160,6 164,6 164,10 168,10 172,10 172,14 176,14 176,18 180,18 180,22 184,22 184,26 188,26 188,30 192,30 " fill="none" stroke="black" stroke-width="1" />
<polyline points="32,122 36,122 40,122 40,126 " fill="none" stroke="black" stroke-width="1" />
<line x1="11" y1="146" x2="952" y2="146" fill="none" stroke="black"  stroke-dasharray="1 1" stroke-width="1" />
<polyline points="40,122 40,118 44,118 48,118 48,122 52,122 52,126 " fill="none" stroke="black" stroke-width="1" />
<line x1="88" y1="182" x2="85" y2="175" fill="none" stroke="black" stroke-width="1" />
<line x1="86" y1="178" x2="90" y2="176" fill="none" stroke="black" stroke-width="1" />
<line x1="82" y1="171" x2="79" y2="167" fill="none" stroke="black" stroke-width="1" />
<line x1="80" y1="169" x2="84" y2="166" fill="none" stroke="black" stroke-width="1" />
<line x1="76" y1="163" x2="73" y2="159" fill="none" stroke="black" stroke-width="1" />
<line x1="74" y1="161" x2="78" y2="158" fill="none" stroke="black" stroke-width="1" />
<line x1="70" y1="155" x2="68" y2="152" fill="none" stroke="black" stroke-width="1" />
<line x1="69" y1="153" x2="73" y2="151" fill="none" stroke="black" stroke-width="1" />
<line x1="65" y1="149" x2="62" y2="145" fill="none" stroke="black" stroke-width="1" />
<line x1="63" y1="147" x2="67" y2="144" fill="none" stroke="black" stroke-width="1" />
<line x1="60" y1="141" x2="58" y2="137" fill="none" stroke="black" stroke-width="1" />
<line x1="59" y1="139" x2="63" y2="137" fill="none" stroke="black" stroke-width="1" />
<line x1="56" y1="133" x2="54" y2="129" fill="none" stroke="black" stroke-width="1" />
<line x1="55" y1="131" x2="59" y2="129" fill="none" stroke="black" stroke-width="1" />
<polyline points="208,42 208,46 204,46 200,46 196,46 196,42 192,42 192,38 192,34 192,30 196,30 200,34 204,38 208,42 212,42 216,42 220,42 220,38 224,38 224,34 228,34 232,34 232,30 236,30 " fill="none" stroke="black" stroke-width="1" />
<polyline points="232,34 236,34 236,30 " fill="none" stroke="black" stroke-width="1" />
<line x1="84" y1="182" x2="88" y2="182" fill="none" stroke="black" stroke-width="1" />
<polyline points="236,34 240,34 244,34 248,34 252,34 256,34 260,34 264,34 264,30 268,30 272,30 272,26 276,26 276,22 280,22 280,18 284,18 284,14 288,14 " fill="none" stroke="black" stroke-width="1" />
<polyline points="80,206 84,206 88,206 88,202 92,202 92,198 92,194 92,190 92,190 88,190 88,186 88,182 " fill="none" stroke="black" stroke-width="1" />
<polyline points="80,234 84,230 84,226 84,222 84,222 80,222 76,222 76,218 76,214 80,214 80,210 80,206 80,202 " fill="none" stroke="black" stroke-width="1" />
<polyline points="284,18 288,18 288,14 " fill="none" stroke="black" stroke-width="1" />
<polyline points="288,18 292,18 296,18 300,18 304,18 308,18 312,18 316,18 316,14 320,14 " fill="none" stroke="black" stroke-width="1" />
<line x1="84" y1="230" x2="88" y2="230" fill="none" stroke="black" stroke-width="1" />
<polyline points="76,238 80,238 80,242 84,242 84,238 88,238 " fill="none" stroke="black" stroke-width="1" />
<polyline points="84,242 88,242 88,238 88,234 88,230 " fill="none" stroke="black" stroke-width="1" />
<polyline points="76,242 80,242 80,246 80,246 76,246 76,242 76,238 76,234 80,234 80,238 84,238 " fill="none" stroke="black" stroke-width="1" />
<polyline points="72,246 76,246 76,250 " fill="none" stroke="black" stroke-width="1" />
<polyline points="88,242 92,242 96,242 100,242 104,242 104,246 108,246 108,242 112,242 116,242 120,242 124,242 128,242 128,246 132,246 132,250 136,250 136,254 140,254 140,258 144,258 " fill="none" stroke="black" stroke-width="1" />
<line x1="24" y1="310" x2="958" y2="310" fill="none" stroke="black" stroke-width="1" />
<line x1="24" y1="307" x2="24" y2="313" fill="none" stroke="black" stroke-width="1" />
<line x1="958" y1="307" x2="958" y2="313" fill="none" stroke="black" stroke-width="1" />
<polyline points="316,18 320,18 320,14 " fill="none" stroke="black" stroke-width="1" />
<polyline points="320,18 324,18 328,18 332,18 332,22 336,22 340,22 344,22 348,22 352,22 352,26 356,26 360,26 360,30 364,30 368,30 368,34 372,34 376,34 376,30 380,30 384,30 384,26 388,26 392,26 396,26 396,22 396,18 396,14 400,14 400,10 404,10 408,10 412,10 416,10 416,14 420,14 424,14 428,14 428,18 432,18 436,18 440,18 444,18 448,18 452,18 456,18 460,18 464,18 468,18 468,22 472,22 476,22 480,22 484,22 488,22 492,22 496,22 500,22 504,22 508,22 512,22 516,22 520,22 524,22 524,26 528,26 532,26 536,26 540,26 540,30 544,30 548,30 552,30 556,30 556,34 560,34 564,34 564,38 568,38 568,42 572,42 572,46 576,46 580,46 580,50 584,50 588,50 588,54 592,54 596,54 596,58 600,58 604,58 604,62 608,62 612,62 612,66 616,66 620,66 624,66 628,66 632,66 632,70 636,70 640,70 644,70 648,70 652,70 656,70 660,70 664,70 664,74 668,74 672,74 676,74 680,74 684,74 688,74 692,74 692,70 696,70 700,70 704,70 708,70 712,70 716,70 716,74 720,74 720,78 724,78 728,78 732,78 736,78 736,82 740,82 744,82 748,82 748,86 752,86 756,86 " fill="none" stroke="black" stroke-width="1" />
<line x1="104" y1="242" x2="108" y2="242" fill="none" stroke="black" stroke-width="1" />
<polyline points="800,230 804,230 804,234 804,234 800,234 800,230 796,230 792,230 788,230 784,230 780,230 776,230 772,230 768,230 768,234 764,234 764,238 760,238 756,238 756,242 752,242 752,246 748,246 748,250 744,250 740,250 736,250 736,254 732,254 728,254 724,254 720,254 716,254 712,254 708,254 704,254 700,254 696,254 692,254 688,254 684,254 680,254 676,254 672,254 668,254 664,254 660,254 656,254 652,254 652,250 648,250 648,246 644,246 640,246 640,242 636,242 632,242 628,242 624,242 620,242 616,242 612,242 608,242 604,242 604,238 600,238 596,238 592,238 588,238 584,238 580,238 576,238 572,238 568,238 564,238 564,234 560,234 556,234 556,230 552,230 548,230 544,230 540,230 536,230 532,230 528,230 524,230 520,230 516,230 512,230 508,230 504,230 500,230 496,230 492,230 488,230 488,234 484,234 484,238 480,238 476,238 472,238 468,238 468,234 464,234 460,234 456,234 452,234 452,238 448,238 444,238 440,238 440,242 436,242 432,242 428,242 424,242 420,242 420,246 416,246 412,246 412,250 408,250 408,254 404,254 400,254 396,254 392,254 388,254 384,254 384,258 380,258 380,262 376,262 372,262 368,262 364,262 360,262 356,262 352,262 352,258 348,258 344,258 340,258 340,262 336,262 332,262 328,262 324,262 324,266 320,266 316,266 312,266 308,266 304,266 300,266 296,266 292,266 292,270 288,270 288,274 284,274 280,274 276,274 272,274 268,274 264,274 260,274 256,274 252,274 248,274 248,270 244,270 240,270 236,270 232,270 228,270 224,270 220,270 220,274 220,278 220,282 220,286 216,286 212,286 208,286 208,290 204,290 200,290 196,290 192,290 188,290 184,290 180,290 176,290 172,290 168,290 164,290 160,290 156,290 152,290 152,286 148,286 144,286 144,282 140,282 140,278 140,274 140,270 144,270 144,266 144,262 144,258 " fill="none" stroke="black" stroke-width="1" />
<line x1="220" y1="286" x2="224" y2="286" fill="none" stroke="black" stroke-width="1" />
<polyline points="804,230 808,230 812,230 816,230 816,234 820,234 824,234 828,234 832,234 832,230 836,230 836,226 840,226 844,226 848,226 852,226 856,226 860,226 864,226 868,226 872,226 872,222 876,222 876,218 880,218 884,218 888,218 892,218 896,218 900,218 904,218 908,218 912,218 916,218 920,218 924,218 928,218 928,214 932,214 936,214 936,210 940,210 944,210 948,210 948,206 948,202 948,198 952,198 952,194 952,190 952,186 952,186 948,186 948,182 948,178 948,174 948,174 944,174 944,170 940,170 940,166 940,162 940,162 936,162 936,158 936,154 936,154 932,154 932,150 928,150 928,146 924,146 920,146 920,142 916,142 912,142 912,138 908,138 904,138 900,138 896,138 892,138 888,138 888,134 884,134 880,134 880,130 876,130 872,130 868,130 864,130 864,126 860,126 856,126 856,122 856,118 860,118 860,114 864,114 864,110 864,106 864,106 860,106 860,102 856,102 856,98 856,94 856,94 852,94 848,94 844,94 840,94 836,94 832,94 828,94 824,94 820,94 816,94 816,90 812,90 808,90 804,90 800,90 796,90 792,90 788,90 784,90 780,90 776,90 772,90 768,90 764,90 764,94 760,94 756,94 756,90 756,86 " fill="none" stroke="black" stroke-width="1" />
<line x1="864" y1="110" x2="868" y2="110" fill="none" stroke="black" stroke-width="1" />
<polyline points="864,114 868,114 868,110 872,110 " fill="none" stroke="black" stroke-width="1" />
<line x1="1032" y1="294" x2="1032" y2="3" fill="none" stroke="black" stroke-width="1" />
<line x1="1029" y1="294" x2="1035" y2="294" fill="none" stroke="black" stroke-width="1" />
<line x1="1029" y1="3" x2="1035" y2="3" fill="none" stroke="black" stroke-width="1" />
</svg>
