<?xml version="1.0" encoding="UTF-8"?>
<!DOCTYPE svg PUBLIC "-//W3C//DTD SVG 1.1//EN"
          "http://www.w3.org/Graphics/SVG/1.1/DTD/svg11.dtd">
<svg xmlns="http://www.w3.org/2000/svg" version="1.1"
     width="556" height="580">
<rect x="0" y="0" width="556" height="580" fill="white" stroke="white" stroke-width="0"/>
<text x="250" y="576" fill="black" font-size="9px">6.44m</text>
<text x="0" y="0" fill="black" font-size="9px" transform="translate(547,270) rotate(90)">6.02m</text>
<text x="257" y="20" fill="black">A</text>
<line x1="261" y1="408" x2="261" y2="21" fill="none" stroke="black"  stroke-dasharray="1 1" stroke-width="1" />
<polyline points="68,450 68,454 68,458 68,462 64,462 64,466 60,466 56,466 56,470 56,474 52,474 52,478 48,478 48,482 48,486 44,486 44,490 40,490 40,494 36,494 32,494 32,498 32,502 32,506 28,506 28,510 28,514 24,514 24,518 20,518 20,522 16,522 12,522 8,522 8,518 8,514 8,514 4,514 4,510 4,506 4,502 4,498 4,494 4,490 4,486 8,486 8,482 8,478 12,478 12,474 16,474 20,474 20,470 20,466 20,462 20,458 20,454 24,454 28,454 28,450 32,450 32,446 32,442 32,442 28,442 28,438 24,438 20,438 20,434 16,434 16,430 16,426 16,422 20,422 20,418 20,414 20,410 20,406 20,402 20,398 20,394 20,390 20,386 20,382 20,378 20,374 20,370 24,370 " fill="none" stroke="black" stroke-width="1" />
<polyline points="20,374 24,374 24,370 " fill="none" stroke="black" stroke-width="1" />
<polyline points="24,374 28,374 32,374 32,370 36,370 36,366 40,366 44,366 44,362 48,362 52,362 56,362 56,358 60,358 64,358 68,358 72,358 76,358 80,358 84,358 88,358 92,358 96,358 96,362 100,362 104,362 108,362 108,358 108,354 112,354 112,350 116,350 116,346 116,342 116,338 120,338 120,334 124,334 124,330 124,326 128,326 128,322 128,318 132,318 132,314 132,310 132,306 136,306 136,302 136,298 136,294 136,290 136,286 136,282 136,278 136,278 132,278 132,274 132,270 132,266 132,262 132,258 132,254 132,250 132,246 132,246 128,246 128,242 128,238 128,238 124,238 124,234 124,230 128,230 128,226 128,222 128,218 132,218 132,214 136,214 140,214 140,210 144,210 144,206 148,206 148,202 152,202 152,198 152,194 156,194 160,194 160,190 160,186 164,186 168,186 168,182 168,178 172,178 172,174 176,174 176,170 180,170 180,166 180,162 184,162 184,158 188,158 192,158 192,154 196,154 200,154 204,154 208,154 212,154 212,150 212,146 212,142 212,138 212,134 212,134 208,134 208,130 208,126 208,122 208,118 208,114 208,114 204,114 204,110 204,106 204,102 204,98 204,94 208,94 208,90 208,86 212,86 212,82 216,82 216,78 220,78 220,74 224,74 224,70 228,70 228,66 232,66 232,62 236,62 240,62 240,58 244,58 248,58 248,54 252,54 256,54 256,50 260,50 264,50 264,46 268,46 272,46 272,42 276,42 280,42 284,42 288,42 292,42 296,42 296,46 300,46 304,46 308,46 312,46 312,50 316,50 320,50 324,50 328,50 328,54 332,54 336,54 336,58 340,58 344,58 344,62 348,62 348,66 352,66 352,70 356,70 " fill="none" stroke="black" stroke-width="1" />
<polyline points="504,250 508,250 508,246 508,246 504,246 504,250 500,250 496,250 492,250 492,246 488,246 484,246 484,250 480,250 476,250 476,254 472,254 468,254 468,258 464,258 460,258 460,262 456,262 452,262 452,258 448,258 448,254 444,254 440,254 436,254 432,254 428,254 428,250 428,246 428,242 428,238 428,234 428,230 428,226 428,222 428,218 428,214 428,214 424,214 424,210 424,206 424,202 424,198 424,194 424,190 424,186 424,182 424,182 420,182 420,178 416,178 416,174 416,170 416,170 412,170 412,166 412,162 412,162 408,162 408,158 408,154 408,154 404,154 404,150 404,146 404,146 400,146 400,142 400,138 400,138 396,138 392,138 392,134 388,134 388,130 384,130 384,126 380,126 380,122 376,122 376,118 372,118 372,114 372,110 372,106 372,106 368,106 368,102 368,98 368,98 364,98 364,94 364,90 364,90 360,90 360,86 360,82 360,78 360,78 356,78 356,74 356,70 " fill="none" stroke="black" stroke-width="1" />
<line x1="68" y1="450" x2="72" y2="446" fill="none" stroke="black" stroke-width="1" />
<line x1="70" y1="448" x2="73" y2="445" fill="none" stroke="black" stroke-width="1" />
<line x1="76" y1="442" x2="82" y2="440" fill="none" stroke="black" stroke-width="1" />
<line x1="79" y1="441" x2="80" y2="438" fill="none" stroke="black" stroke-width="1" />
<polyline points="132,394 136,394 136,390 140,390 140,386 144,386 148,386 148,390 152,394 " fill="none" stroke="black" stroke-width="1" />
<polyline points="88,438 92,438 92,434 96,434 96,430 96,426 100,426 100,422 104,422 108,422 108,418 112,418 112,414 116,414 116,410 116,406 116,402 116,398 116,394 120,394 124,394 128,394 132,394 132,398 " fill="none" stroke="black" stroke-width="1" />
<line x1="152" y1="378" x2="158" y2="378" fill="none" stroke="black" stroke-width="1" />
<line x1="155" y1="378" x2="155" y2="373" fill="none" stroke="black" stroke-width="1" />
<line x1="164" y1="380" x2="169" y2="382" fill="none" stroke="black" stroke-width="1" />
<line x1="166" y1="381" x2="167" y2="377" fill="none" stroke="black" stroke-width="1" />
<line x1="174" y1="384" x2="179" y2="386" fill="none" stroke="black" stroke-width="1" />
<line x1="176" y1="385" x2="177" y2="381" fill="none" stroke="black" stroke-width="1" />
<line x1="184" y1="388" x2="190" y2="390" fill="none" stroke="black" stroke-width="1" />
<line x1="187" y1="389" x2="188" y2="386" fill="none" stroke="black" stroke-width="1" />
<line x1="196" y1="393" x2="204" y2="396" fill="none" stroke="black" stroke-width="1" />
<line x1="200" y1="394" x2="201" y2="390" fill="none" stroke="black" stroke-width="1" />
<polyline points="148,386 148,382 148,378 152,378 " fill="none" stroke="black" stroke-width="1" />
<polyline points="156,402 156,398 152,398 152,394 " fill="none" stroke="black" stroke-width="1" />
<line x1="4" y1="562" x2="523" y2="562" fill="none" stroke="black" stroke-width="1" />
<line x1="4" y1="559" x2="4" y2="565" fill="none" stroke="black" stroke-width="1" />
<line x1="523" y1="559" x2="523" y2="565" fill="none" stroke="black" stroke-width="1" />
<line x1="539" y1="526" x2="539" y2="40" fill="none" stroke="black" stroke-width="1" />
<line x1="536" y1="526" x2="542" y2="526" fill="none" stroke="black" stroke-width="1" />
<line x1="536" y1="40" x2="542" y2="40" fill="none" stroke="black" stroke-width="1" />
<line x1="208" y1="398" x2="212" y2="398" fill="none" stroke="black" stroke-width="1" />
<polyline points="232,406 232,410 232,414 228,414 228,418 224,418 220,418 216,418 212,418 212,414 212,410 212,406 212,402 212,398 " fill="none" stroke="black" stroke-width="1" />
<polyline points="232,406 232,402 228,402 224,402 224,398 224,394 228,394 228,390 232,390 236,390 240,390 240,386 244,386 248,386 248,382 252,382 256,382 260,382 260,378 264,378 268,378 272,378 276,378 276,374 280,374 " fill="none" stroke="black" stroke-width="1" />
<line x1="232" y1="410" x2="236" y2="410" fill="none" stroke="black" stroke-width="1" />
<polyline points="232,414 236,414 236,410 240,410 " fill="none" stroke="black" stroke-width="1" />
<line x1="280" y1="374" x2="285" y2="375" fill="none" stroke="black" stroke-width="1" />
<line x1="282" y1="374" x2="282" y2="370" fill="none" stroke="black" stroke-width="1" />
<line x1="288" y1="374" x2="291" y2="370" fill="none" stroke="black" stroke-width="1" />
<line x1="289" y1="372" x2="293" y2="369" fill="none" stroke="black" stroke-width="1" />
<line x1="300" y1="370" x2="303" y2="366" fill="none" stroke="black" stroke-width="1" />
<line x1="301" y1="368" x2="305" y2="365" fill="none" stroke="black" stroke-width="1" />
<line x1="312" y1="366" x2="315" y2="361" fill="none" stroke="black" stroke-width="1" />
<line x1="313" y1="363" x2="317" y2="361" fill="none" stroke="black" stroke-width="1" />
<line x1="319" y1="358" x2="325" y2="359" fill="none" stroke="black" stroke-width="1" />
<line x1="322" y1="358" x2="322" y2="354" fill="none" stroke="black" stroke-width="1" />
<polyline points="332,354 336,354 340,354 344,354 344,358 348,358 348,354 352,354 356,354 360,354 364,354 368,354 372,354 372,350 376,350 376,346 376,342 376,338 " fill="none" stroke="black" stroke-width="1" />
<line x1="328" y1="358" x2="332" y2="354" fill="none" stroke="black" stroke-width="1" />
<line x1="330" y1="356" x2="333" y2="353" fill="none" stroke="black" stroke-width="1" />
<line x1="344" y1="354" x2="348" y2="354" fill="none" stroke="black" stroke-width="1" />
<line x1="376" y1="338" x2="380" y2="334" fill="none" stroke="black" stroke-width="1" />
<line x1="378" y1="336" x2="381" y2="333" fill="none" stroke="black" stroke-width="1" />
<line x1="386" y1="332" x2="392" y2="330" fill="none" stroke="black" stroke-width="1" />
<line x1="389" y1="331" x2="390" y2="328" fill="none" stroke="black" stroke-width="1" />
<polyline points="396,330 400,330 404,330 404,334 408,334 408,338 412,338 412,334 " fill="none" stroke="black" stroke-width="1" />
<polyline points="420,318 424,318 428,318 " fill="none" stroke="black" stroke-width="1" />
<line x1="412" y1="334" x2="412" y2="326" fill="none" stroke="black" stroke-width="1" />
<line x1="412" y1="330" x2="418" y2="330" fill="none" stroke="black" stroke-width="1" />
<line x1="415" y1="321" x2="420" y2="318" fill="none" stroke="black" stroke-width="1" />
<line x1="417" y1="319" x2="419" y2="316" fill="none" stroke="black" stroke-width="1" />
<line x1="408" y1="334" x2="412" y2="334" fill="none" stroke="black" stroke-width="1" />
<polyline points="436,326 440,326 440,330 440,330 436,330 436,326 432,326 428,326 428,322 428,318 " fill="none" stroke="black" stroke-width="1" />
<line x1="412" y1="338" x2="416" y2="338" fill="none" stroke="black" stroke-width="1" />
<polyline points="508,250 512,250 512,254 516,254 " fill="none" stroke="black" stroke-width="1" />
<polyline points="440,326 444,326 444,322 448,322 452,322 456,322 460,322 464,322 468,322 468,318 472,318 476,318 480,318 484,318 484,314 484,310 488,310 492,310 496,310 500,310 504,310 508,310 508,306 508,302 508,302 504,302 500,302 500,298 496,298 496,294 496,290 496,286 500,286 504,286 504,282 508,282 508,278 512,278 512,274 516,274 516,270 516,266 516,262 516,258 516,254 " fill="none" stroke="black" stroke-width="1" />
<line x1="508" y1="306" x2="512" y2="306" fill="none" stroke="black" stroke-width="1" />
<polyline points="508,310 512,310 512,306 " fill="none" stroke="black" stroke-width="1" />
</svg>
