<?xml version="1.0" encoding="UTF-8"?>
<!DOCTYPE svg PUBLIC "-//W3C//DTD SVG 1.1//EN"
          "http://www.w3.org/Graphics/SVG/1.1/DTD/svg11.dtd">
<svg xmlns="http://www.w3.org/2000/svg" version="1.1"
     width="1265" height="370">
<rect x="0" y="0" width="1265" height="370" fill="white" stroke="white" stroke-width="0"/>
<text x="1191" y="185" fill="black">A</text>
<polyline points="85,25 90,25 90,20 " fill="none" stroke="black" stroke-width="1" />
<polyline points="40,170 40,165 40,160 40,155 40,150 40,145 40,145 35,145 35,140 30,140 30,135 30,130 30,125 30,120 30,115 35,115 40,115 40,110 40,105 40,100 40,95 45,95 50,95 55,95 55,90 60,90 60,85 60,80 60,80 55,80 55,75 55,70 55,70 50,70 50,65 45,65 45,60 45,55 50,55 50,50 55,50 55,45 55,40 60,40 65,40 65,35 70,35 70,30 75,30 75,25 80,25 85,25 85,20 90,20 " fill="none" stroke="black" stroke-width="1" />
<polyline points="90,25 95,25 100,25 105,25 110,25 110,20 115,20 120,20 125,20 130,20 135,20 140,20 145,20 150,20 155,20 160,20 160,15 165,15 170,15 175,15 175,10 180,10 185,10 185,5 190,5 195,5 200,5 205,5 205,10 210,10 215,10 215,15 220,15 220,20 225,20 225,25 230,25 230,30 235,30 235,35 240,35 245,35 245,40 250,40 250,45 255,45 255,50 260,50 265,50 270,50 275,50 275,45 280,45 280,40 285,40 290,40 290,35 295,35 " fill="none" stroke="black" stroke-width="1" />
<polyline points="35,170 40,170 40,175 45,175 50,175 50,180 55,180 " fill="none" stroke="black" stroke-width="1" />
<line x1="25" y1="181" x2="1190" y2="181" fill="none" stroke="black"  stroke-dasharray="1 1" stroke-width="1" />
<polyline points="75,235 75,230 75,225 75,225 70,225 65,225 65,220 60,220 60,215 55,215 55,210 55,205 55,200 55,195 55,190 55,185 55,180 " fill="none" stroke="black" stroke-width="1" />
<polyline points="75,240 70,240 70,235 75,235 75,240 80,240 " fill="none" stroke="black" stroke-width="1" />
<polyline points="80,250 80,245 80,240 " fill="none" stroke="black" stroke-width="1" />
<polyline points="290,40 295,40 295,35 " fill="none" stroke="black" stroke-width="1" />
<polyline points="295,40 300,40 305,40 310,40 315,40 320,40 325,40 330,40 330,35 335,35 340,35 340,30 345,30 345,25 350,25 350,20 355,20 355,15 360,15 " fill="none" stroke="black" stroke-width="1" />
<polyline points="80,255 75,255 75,250 80,250 80,255 85,255 " fill="none" stroke="black" stroke-width="1" />
<polyline points="85,265 85,260 85,255 " fill="none" stroke="black" stroke-width="1" />
<polyline points="85,260 90,260 95,260 " fill="none" stroke="black" stroke-width="1" />
<polyline points="100,290 105,285 105,280 105,275 105,275 100,275 95,275 95,270 95,265 95,260 " fill="none" stroke="black" stroke-width="1" />
<polyline points="355,20 360,20 360,15 " fill="none" stroke="black" stroke-width="1" />
<polyline points="360,20 365,20 370,20 375,20 380,20 385,20 390,20 395,20 395,15 400,15 " fill="none" stroke="black" stroke-width="1" />
<line x1="105" y1="285" x2="110" y2="285" fill="none" stroke="black" stroke-width="1" />
<polyline points="95,295 100,295 100,300 105,300 105,295 110,295 " fill="none" stroke="black" stroke-width="1" />
<polyline points="105,300 110,300 110,295 110,290 110,285 " fill="none" stroke="black" stroke-width="1" />
<polyline points="95,300 100,300 100,305 100,305 95,305 95,300 95,295 95,290 100,290 100,295 105,295 " fill="none" stroke="black" stroke-width="1" />
<polyline points="90,305 95,305 95,310 " fill="none" stroke="black" stroke-width="1" />
<polyline points="110,300 115,300 120,300 125,300 130,300 130,305 135,305 135,300 140,300 145,300 150,300 155,300 160,300 160,305 165,305 165,310 170,310 170,315 175,315 175,320 180,320 " fill="none" stroke="black" stroke-width="1" />
<polyline points="395,20 400,20 400,15 " fill="none" stroke="black" stroke-width="1" />
<polyline points="400,20 405,20 410,20 415,20 415,25 420,25 425,25 430,25 435,25 440,25 440,30 445,30 450,30 450,35 455,35 460,35 460,40 465,40 470,40 470,35 475,35 480,35 480,30 485,30 490,30 495,30 495,25 495,20 495,15 500,15 500,10 505,10 510,10 515,10 520,10 520,15 525,15 530,15 535,15 535,20 540,20 545,20 550,20 555,20 560,20 565,20 570,20 575,20 580,20 585,20 585,25 590,25 595,25 600,25 605,25 610,25 615,25 620,25 625,25 630,25 635,25 640,25 645,25 650,25 655,25 655,30 660,30 665,30 670,30 675,30 675,35 680,35 685,35 690,35 695,35 695,40 700,40 705,40 705,45 710,45 710,50 715,50 715,55 720,55 725,55 725,60 730,60 735,60 735,65 740,65 745,65 745,70 750,70 755,70 755,75 760,75 765,75 765,80 770,80 775,80 780,80 785,80 790,80 790,85 795,85 800,85 805,85 810,85 815,85 820,85 825,85 830,85 830,90 835,90 840,90 845,90 850,90 855,90 860,90 865,90 865,85 870,85 875,85 880,85 885,85 890,85 895,85 895,90 900,90 900,95 905,95 910,95 915,95 920,95 920,100 925,100 930,100 935,100 935,105 940,105 945,105 " fill="none" stroke="black" stroke-width="1" />
<line x1="130" y1="300" x2="135" y2="300" fill="none" stroke="black" stroke-width="1" />
<polyline points="1000,285 1005,285 1005,290 1005,290 1000,290 1000,285 995,285 990,285 985,285 980,285 975,285 970,285 965,285 960,285 960,290 955,290 955,295 950,295 945,295 945,300 940,300 940,305 935,305 935,310 930,310 925,310 920,310 920,315 915,315 910,315 905,315 900,315 895,315 890,315 885,315 880,315 875,315 870,315 865,315 860,315 855,315 850,315 845,315 840,315 835,315 830,315 825,315 820,315 815,315 815,310 810,310 810,305 805,305 800,305 800,300 795,300 790,300 785,300 780,300 775,300 770,300 765,300 760,300 755,300 755,295 750,295 745,295 740,295 735,295 730,295 725,295 720,295 715,295 710,295 705,295 705,290 700,290 695,290 695,285 690,285 685,285 680,285 675,285 670,285 665,285 660,285 655,285 650,285 645,285 640,285 635,285 630,285 625,285 620,285 615,285 610,285 610,290 605,290 605,295 600,295 595,295 590,295 585,295 585,290 580,290 575,290 570,290 565,290 565,295 560,295 555,295 550,295 550,300 545,300 540,300 535,300 530,300 525,300 525,305 520,305 515,305 515,310 510,310 510,315 505,315 500,315 495,315 490,315 485,315 480,315 480,320 475,320 475,325 470,325 465,325 460,325 455,325 450,325 445,325 440,325 440,320 435,320 430,320 425,320 425,325 420,325 415,325 410,325 405,325 405,330 400,330 395,330 390,330 385,330 380,330 375,330 370,330 365,330 365,335 360,335 360,340 355,340 350,340 345,340 340,340 335,340 330,340 325,340 320,340 315,340 310,340 310,335 305,335 300,335 295,335 290,335 285,335 280,335 275,335 275,340 275,345 275,350 275,355 270,355 265,355 260,355 260,360 255,360 250,360 245,360 240,360 235,360 230,360 225,360 220,360 215,360 210,360 205,360 200,360 195,360 190,360 190,355 185,355 180,355 180,350 175,350 175,345 175,340 175,335 180,335 180,330 180,325 180,320 " fill="none" stroke="black" stroke-width="1" />
<line x1="275" y1="355" x2="280" y2="355" fill="none" stroke="black" stroke-width="1" />
<polyline points="1005,285 1010,285 1015,285 1020,285 1020,290 1025,290 1030,290 1035,290 1040,290 1040,285 1045,285 1045,280 1050,280 1055,280 1060,280 1065,280 1070,280 1075,280 1080,280 1085,280 1090,280 1090,275 1095,275 1095,270 1100,270 1105,270 1110,270 1115,270 1120,270 1125,270 1130,270 1135,270 1140,270 1145,270 1150,270 1155,270 1160,270 1160,265 1165,265 1170,265 1170,260 1175,260 1180,260 1185,260 1185,255 1185,250 1185,245 1190,245 1190,240 1190,235 1190,230 1190,230 1185,230 1185,225 1185,220 1185,215 1185,215 1180,215 1180,210 1175,210 1175,205 1175,200 1175,200 1170,200 1170,195 1170,190 1170,190 1165,190 1165,185 1160,185 1160,180 1155,180 1150,180 1150,175 1145,175 1140,175 1140,170 1135,170 1130,170 1125,170 1120,170 1115,170 1110,170 1110,165 1105,165 1100,165 1100,160 1095,160 1090,160 1085,160 1080,160 1080,155 1075,155 1070,155 1070,150 1070,145 1075,145 1075,140 1080,140 1080,135 1080,130 1080,130 1075,130 1075,125 1070,125 1070,120 1070,115 1070,115 1065,115 1060,115 1055,115 1050,115 1045,115 1040,115 1035,115 1030,115 1025,115 1020,115 1020,110 1015,110 1010,110 1005,110 1000,110 995,110 990,110 985,110 980,110 975,110 970,110 965,110 960,110 955,110 955,115 950,115 945,115 945,110 945,105 " fill="none" stroke="black" stroke-width="1" />
<line x1="1080" y1="135" x2="1085" y2="135" fill="none" stroke="black" stroke-width="1" />
<polyline points="1080,140 1085,140 1085,135 1090,135 " fill="none" stroke="black" stroke-width="1" />
</svg>
