<?xml version="1.0" encoding="UTF-8"?>
<!DOCTYPE svg PUBLIC "-//W3C//DTD SVG 1.1//EN" "http://www.w3.org/Graphics/SVG/1.1/DTD/svg11.dtd">
<svg xmlns="http://www.w3.org/2000/svg" version="1.1" width="132" height="102">
<rect x="0" y="0" width="132" height="102" fill="white" stroke="white" stroke-width="0"/>
<text x="4" y="16" fill="black">Cross-section B</text>
<rect x="4" y="64" width="2" height="2" fill="black" stroke-width="0" stroke="black" />
<rect x="4" y="62" width="2" height="2" fill="black" stroke-width="0" stroke="black" />
<rect x="4" y="60" width="2" height="2" fill="black" stroke-width="0" stroke="black" />
<rect x="4" y="58" width="2" height="2" fill="black" stroke-width="0" stroke="black" />
<rect x="4" y="56" width="2" height="2" fill="black" stroke-width="0" stroke="black" />
<rect x="6" y="64" width="2" height="2" fill="black" stroke-width="0" stroke="black" />
<rect x="6" y="62" width="2" height="2" fill="black" stroke-width="0" stroke="black" />
<rect x="6" y="60" width="2" height="2" fill="black" stroke-width="0" stroke="black" />
<rect x="6" y="58" width="2" height="2" fill="black" stroke-width="0" stroke="black" />
<rect x="6" y="56" width="2" height="2" fill="black" stroke-width="0" stroke="black" />
<rect x="6" y="54" width="2" height="2" fill="black" stroke-width="0" stroke="black" />
<rect x="8" y="64" width="2" height="2" fill="black" stroke-width="0" stroke="black" />
<rect x="8" y="56" width="2" height="2" fill="black" stroke-width="0" stroke="black" />
<rect x="8" y="54" width="2" height="2" fill="black" stroke-width="0" stroke="black" />
<rect x="10" y="76" width="2" height="2" fill="black" stroke-width="0" stroke="black" />
<rect x="10" y="74" width="2" height="2" fill="black" stroke-width="0" stroke="black" />
<rect x="10" y="72" width="2" height="2" fill="black" stroke-width="0" stroke="black" />
<rect x="10" y="70" width="2" height="2" fill="black" stroke-width="0" stroke="black" />
<rect x="10" y="68" width="2" height="2" fill="black" stroke-width="0" stroke="black" />
<rect x="10" y="66" width="2" height="2" fill="black" stroke-width="0" stroke="black" />
<rect x="10" y="64" width="2" height="2" fill="black" stroke-width="0" stroke="black" />
<rect x="10" y="56" width="2" height="2" fill="black" stroke-width="0" stroke="black" />
<rect x="10" y="54" width="2" height="2" fill="black" stroke-width="0" stroke="black" />
<rect x="10" y="52" width="2" height="2" fill="black" stroke-width="0" stroke="black" />
<rect x="12" y="76" width="2" height="2" fill="black" stroke-width="0" stroke="black" />
<rect x="12" y="74" width="2" height="2" fill="black" stroke-width="0" stroke="black" />
<rect x="12" y="72" width="2" height="2" fill="black" stroke-width="0" stroke="black" />
<rect x="12" y="70" width="2" height="2" fill="black" stroke-width="0" stroke="black" />
<rect x="12" y="68" width="2" height="2" fill="black" stroke-width="0" stroke="black" />
<rect x="12" y="66" width="2" height="2" fill="black" stroke-width="0" stroke="black" />
<rect x="12" y="64" width="2" height="2" fill="black" stroke-width="0" stroke="black" />
<rect x="12" y="54" width="2" height="2" fill="black" stroke-width="0" stroke="black" />
<rect x="12" y="52" width="2" height="2" fill="black" stroke-width="0" stroke="black" />
<rect x="12" y="50" width="2" height="2" fill="black" stroke-width="0" stroke="black" />
<rect x="14" y="76" width="2" height="2" fill="black" stroke-width="0" stroke="black" />
<rect x="14" y="74" width="2" height="2" fill="black" stroke-width="0" stroke="black" />
<rect x="14" y="70" width="2" height="2" fill="black" stroke-width="0" stroke="black" />
<rect x="14" y="68" width="2" height="2" fill="black" stroke-width="0" stroke="black" />
<rect x="14" y="66" width="2" height="2" fill="black" stroke-width="0" stroke="black" />
<rect x="14" y="64" width="2" height="2" fill="black" stroke-width="0" stroke="black" />
<rect x="14" y="54" width="2" height="2" fill="black" stroke-width="0" stroke="black" />
<rect x="14" y="52" width="2" height="2" fill="black" stroke-width="0" stroke="black" />
<rect x="14" y="50" width="2" height="2" fill="black" stroke-width="0" stroke="black" />
<rect x="14" y="48" width="2" height="2" fill="black" stroke-width="0" stroke="black" />
<rect x="16" y="76" width="2" height="2" fill="black" stroke-width="0" stroke="black" />
<rect x="16" y="50" width="2" height="2" fill="black" stroke-width="0" stroke="black" />
<rect x="16" y="48" width="2" height="2" fill="black" stroke-width="0" stroke="black" />
<rect x="18" y="78" width="2" height="2" fill="black" stroke-width="0" stroke="black" />
<rect x="18" y="76" width="2" height="2" fill="black" stroke-width="0" stroke="black" />
<rect x="18" y="50" width="2" height="2" fill="black" stroke-width="0" stroke="black" />
<rect x="18" y="48" width="2" height="2" fill="black" stroke-width="0" stroke="black" />
<rect x="18" y="46" width="2" height="2" fill="black" stroke-width="0" stroke="black" />
<rect x="20" y="78" width="2" height="2" fill="black" stroke-width="0" stroke="black" />
<rect x="20" y="76" width="2" height="2" fill="black" stroke-width="0" stroke="black" />
<rect x="20" y="50" width="2" height="2" fill="black" stroke-width="0" stroke="black" />
<rect x="20" y="48" width="2" height="2" fill="black" stroke-width="0" stroke="black" />
<rect x="20" y="46" width="2" height="2" fill="black" stroke-width="0" stroke="black" />
<rect x="22" y="78" width="2" height="2" fill="black" stroke-width="0" stroke="black" />
<rect x="22" y="76" width="2" height="2" fill="black" stroke-width="0" stroke="black" />
<rect x="22" y="48" width="2" height="2" fill="black" stroke-width="0" stroke="black" />
<rect x="22" y="46" width="2" height="2" fill="black" stroke-width="0" stroke="black" />
<rect x="22" y="44" width="2" height="2" fill="black" stroke-width="0" stroke="black" />
<rect x="24" y="78" width="2" height="2" fill="black" stroke-width="0" stroke="black" />
<rect x="24" y="76" width="2" height="2" fill="black" stroke-width="0" stroke="black" />
<rect x="24" y="46" width="2" height="2" fill="black" stroke-width="0" stroke="black" />
<rect x="24" y="44" width="2" height="2" fill="black" stroke-width="0" stroke="black" />
<rect x="24" y="42" width="2" height="2" fill="black" stroke-width="0" stroke="black" />
<rect x="26" y="78" width="2" height="2" fill="black" stroke-width="0" stroke="black" />
<rect x="26" y="76" width="2" height="2" fill="black" stroke-width="0" stroke="black" />
<rect x="26" y="44" width="2" height="2" fill="black" stroke-width="0" stroke="black" />
<rect x="26" y="42" width="2" height="2" fill="black" stroke-width="0" stroke="black" />
<rect x="28" y="78" width="2" height="2" fill="black" stroke-width="0" stroke="black" />
<rect x="28" y="76" width="2" height="2" fill="black" stroke-width="0" stroke="black" />
<rect x="28" y="44" width="2" height="2" fill="black" stroke-width="0" stroke="black" />
<rect x="28" y="42" width="2" height="2" fill="black" stroke-width="0" stroke="black" />
<rect x="30" y="78" width="2" height="2" fill="black" stroke-width="0" stroke="black" />
<rect x="30" y="44" width="2" height="2" fill="black" stroke-width="0" stroke="black" />
<rect x="30" y="42" width="2" height="2" fill="black" stroke-width="0" stroke="black" />
<rect x="30" y="40" width="2" height="2" fill="black" stroke-width="0" stroke="black" />
<rect x="30" y="38" width="2" height="2" fill="black" stroke-width="0" stroke="black" />
<rect x="32" y="78" width="2" height="2" fill="black" stroke-width="0" stroke="black" />
<rect x="32" y="42" width="2" height="2" fill="black" stroke-width="0" stroke="black" />
<rect x="32" y="40" width="2" height="2" fill="black" stroke-width="0" stroke="black" />
<rect x="32" y="38" width="2" height="2" fill="black" stroke-width="0" stroke="black" />
<rect x="34" y="78" width="2" height="2" fill="black" stroke-width="0" stroke="black" />
<rect x="34" y="42" width="2" height="2" fill="black" stroke-width="0" stroke="black" />
<rect x="34" y="40" width="2" height="2" fill="black" stroke-width="0" stroke="black" />
<rect x="34" y="38" width="2" height="2" fill="black" stroke-width="0" stroke="black" />
<rect x="36" y="78" width="2" height="2" fill="black" stroke-width="0" stroke="black" />
<rect x="36" y="38" width="2" height="2" fill="black" stroke-width="0" stroke="black" />
<rect x="36" y="36" width="2" height="2" fill="black" stroke-width="0" stroke="black" />
<rect x="36" y="34" width="2" height="2" fill="black" stroke-width="0" stroke="black" />
<rect x="38" y="78" width="2" height="2" fill="black" stroke-width="0" stroke="black" />
<rect x="38" y="36" width="2" height="2" fill="black" stroke-width="0" stroke="black" />
<rect x="38" y="34" width="2" height="2" fill="black" stroke-width="0" stroke="black" />
<rect x="38" y="32" width="2" height="2" fill="black" stroke-width="0" stroke="black" />
<rect x="38" y="30" width="2" height="2" fill="black" stroke-width="0" stroke="black" />
<rect x="38" y="28" width="2" height="2" fill="black" stroke-width="0" stroke="black" />
<rect x="40" y="78" width="2" height="2" fill="black" stroke-width="0" stroke="black" />
<rect x="40" y="30" width="2" height="2" fill="black" stroke-width="0" stroke="black" />
<rect x="40" y="28" width="2" height="2" fill="black" stroke-width="0" stroke="black" />
<rect x="40" y="26" width="2" height="2" fill="black" stroke-width="0" stroke="black" />
<rect x="42" y="78" width="2" height="2" fill="black" stroke-width="0" stroke="black" />
<rect x="42" y="28" width="2" height="2" fill="black" stroke-width="0" stroke="black" />
<rect x="42" y="26" width="2" height="2" fill="black" stroke-width="0" stroke="black" />
<rect x="44" y="78" width="2" height="2" fill="black" stroke-width="0" stroke="black" />
<rect x="44" y="28" width="2" height="2" fill="black" stroke-width="0" stroke="black" />
<rect x="44" y="26" width="2" height="2" fill="black" stroke-width="0" stroke="black" />
<rect x="46" y="78" width="2" height="2" fill="black" stroke-width="0" stroke="black" />
<rect x="46" y="26" width="2" height="2" fill="black" stroke-width="0" stroke="black" />
<rect x="46" y="24" width="2" height="2" fill="black" stroke-width="0" stroke="black" />
<rect x="48" y="78" width="2" height="2" fill="black" stroke-width="0" stroke="black" />
<rect x="48" y="26" width="2" height="2" fill="black" stroke-width="0" stroke="black" />
<rect x="48" y="24" width="2" height="2" fill="black" stroke-width="0" stroke="black" />
<rect x="48" y="22" width="2" height="2" fill="black" stroke-width="0" stroke="black" />
<rect x="50" y="78" width="2" height="2" fill="black" stroke-width="0" stroke="black" />
<rect x="50" y="24" width="2" height="2" fill="black" stroke-width="0" stroke="black" />
<rect x="50" y="22" width="2" height="2" fill="black" stroke-width="0" stroke="black" />
<rect x="52" y="78" width="2" height="2" fill="black" stroke-width="0" stroke="black" />
<rect x="52" y="24" width="2" height="2" fill="black" stroke-width="0" stroke="black" />
<rect x="52" y="22" width="2" height="2" fill="black" stroke-width="0" stroke="black" />
<rect x="54" y="78" width="2" height="2" fill="black" stroke-width="0" stroke="black" />
<rect x="54" y="22" width="2" height="2" fill="black" stroke-width="0" stroke="black" />
<rect x="54" y="20" width="2" height="2" fill="black" stroke-width="0" stroke="black" />
<rect x="56" y="78" width="2" height="2" fill="black" stroke-width="0" stroke="black" />
<rect x="56" y="76" width="2" height="2" fill="black" stroke-width="0" stroke="black" />
<rect x="56" y="22" width="2" height="2" fill="black" stroke-width="0" stroke="black" />
<rect x="56" y="20" width="2" height="2" fill="black" stroke-width="0" stroke="black" />
<rect x="58" y="78" width="2" height="2" fill="black" stroke-width="0" stroke="black" />
<rect x="58" y="76" width="2" height="2" fill="black" stroke-width="0" stroke="black" />
<rect x="58" y="24" width="2" height="2" fill="black" stroke-width="0" stroke="black" />
<rect x="58" y="22" width="2" height="2" fill="black" stroke-width="0" stroke="black" />
<rect x="58" y="20" width="2" height="2" fill="black" stroke-width="0" stroke="black" />
<rect x="60" y="78" width="2" height="2" fill="black" stroke-width="0" stroke="black" />
<rect x="60" y="76" width="2" height="2" fill="black" stroke-width="0" stroke="black" />
<rect x="60" y="24" width="2" height="2" fill="black" stroke-width="0" stroke="black" />
<rect x="60" y="22" width="2" height="2" fill="black" stroke-width="0" stroke="black" />
<rect x="62" y="78" width="2" height="2" fill="black" stroke-width="0" stroke="black" />
<rect x="62" y="76" width="2" height="2" fill="black" stroke-width="0" stroke="black" />
<rect x="62" y="74" width="2" height="2" fill="black" stroke-width="0" stroke="black" />
<rect x="62" y="24" width="2" height="2" fill="black" stroke-width="0" stroke="black" />
<rect x="62" y="22" width="2" height="2" fill="black" stroke-width="0" stroke="black" />
<rect x="64" y="78" width="2" height="2" fill="black" stroke-width="0" stroke="black" />
<rect x="64" y="76" width="2" height="2" fill="black" stroke-width="0" stroke="black" />
<rect x="64" y="74" width="2" height="2" fill="black" stroke-width="0" stroke="black" />
<rect x="64" y="24" width="2" height="2" fill="black" stroke-width="0" stroke="black" />
<rect x="64" y="22" width="2" height="2" fill="black" stroke-width="0" stroke="black" />
<rect x="66" y="76" width="2" height="2" fill="black" stroke-width="0" stroke="black" />
<rect x="66" y="74" width="2" height="2" fill="black" stroke-width="0" stroke="black" />
<rect x="66" y="72" width="2" height="2" fill="black" stroke-width="0" stroke="black" />
<rect x="66" y="24" width="2" height="2" fill="black" stroke-width="0" stroke="black" />
<rect x="66" y="22" width="2" height="2" fill="black" stroke-width="0" stroke="black" />
<rect x="68" y="76" width="2" height="2" fill="black" stroke-width="0" stroke="black" />
<rect x="68" y="74" width="2" height="2" fill="black" stroke-width="0" stroke="black" />
<rect x="68" y="72" width="2" height="2" fill="black" stroke-width="0" stroke="black" />
<rect x="68" y="24" width="2" height="2" fill="black" stroke-width="0" stroke="black" />
<rect x="68" y="22" width="2" height="2" fill="black" stroke-width="0" stroke="black" />
<rect x="70" y="76" width="2" height="2" fill="black" stroke-width="0" stroke="black" />
<rect x="70" y="74" width="2" height="2" fill="black" stroke-width="0" stroke="black" />
<rect x="70" y="72" width="2" height="2" fill="black" stroke-width="0" stroke="black" />
<rect x="70" y="24" width="2" height="2" fill="black" stroke-width="0" stroke="black" />
<rect x="72" y="76" width="2" height="2" fill="black" stroke-width="0" stroke="black" />
<rect x="72" y="74" width="2" height="2" fill="black" stroke-width="0" stroke="black" />
<rect x="72" y="72" width="2" height="2" fill="black" stroke-width="0" stroke="black" />
<rect x="72" y="70" width="2" height="2" fill="black" stroke-width="0" stroke="black" />
<rect x="72" y="24" width="2" height="2" fill="black" stroke-width="0" stroke="black" />
<rect x="74" y="76" width="2" height="2" fill="black" stroke-width="0" stroke="black" />
<rect x="74" y="74" width="2" height="2" fill="black" stroke-width="0" stroke="black" />
<rect x="74" y="72" width="2" height="2" fill="black" stroke-width="0" stroke="black" />
<rect x="74" y="70" width="2" height="2" fill="black" stroke-width="0" stroke="black" />
<rect x="74" y="68" width="2" height="2" fill="black" stroke-width="0" stroke="black" />
<rect x="74" y="24" width="2" height="2" fill="black" stroke-width="0" stroke="black" />
<rect x="76" y="70" width="2" height="2" fill="black" stroke-width="0" stroke="black" />
<rect x="76" y="68" width="2" height="2" fill="black" stroke-width="0" stroke="black" />
<rect x="76" y="24" width="2" height="2" fill="black" stroke-width="0" stroke="black" />
<rect x="78" y="70" width="2" height="2" fill="black" stroke-width="0" stroke="black" />
<rect x="78" y="68" width="2" height="2" fill="black" stroke-width="0" stroke="black" />
<rect x="78" y="66" width="2" height="2" fill="black" stroke-width="0" stroke="black" />
<rect x="78" y="24" width="2" height="2" fill="black" stroke-width="0" stroke="black" />
<rect x="80" y="70" width="2" height="2" fill="black" stroke-width="0" stroke="black" />
<rect x="80" y="68" width="2" height="2" fill="black" stroke-width="0" stroke="black" />
<rect x="80" y="66" width="2" height="2" fill="black" stroke-width="0" stroke="black" />
<rect x="80" y="24" width="2" height="2" fill="black" stroke-width="0" stroke="black" />
<rect x="82" y="70" width="2" height="2" fill="black" stroke-width="0" stroke="black" />
<rect x="82" y="68" width="2" height="2" fill="black" stroke-width="0" stroke="black" />
<rect x="82" y="66" width="2" height="2" fill="black" stroke-width="0" stroke="black" />
<rect x="82" y="26" width="2" height="2" fill="black" stroke-width="0" stroke="black" />
<rect x="82" y="24" width="2" height="2" fill="black" stroke-width="0" stroke="black" />
<rect x="84" y="66" width="2" height="2" fill="black" stroke-width="0" stroke="black" />
<rect x="84" y="28" width="2" height="2" fill="black" stroke-width="0" stroke="black" />
<rect x="84" y="26" width="2" height="2" fill="black" stroke-width="0" stroke="black" />
<rect x="84" y="24" width="2" height="2" fill="black" stroke-width="0" stroke="black" />
<rect x="86" y="66" width="2" height="2" fill="black" stroke-width="0" stroke="black" />
<rect x="86" y="64" width="2" height="2" fill="black" stroke-width="0" stroke="black" />
<rect x="86" y="28" width="2" height="2" fill="black" stroke-width="0" stroke="black" />
<rect x="86" y="26" width="2" height="2" fill="black" stroke-width="0" stroke="black" />
<rect x="86" y="24" width="2" height="2" fill="black" stroke-width="0" stroke="black" />
<rect x="88" y="66" width="2" height="2" fill="black" stroke-width="0" stroke="black" />
<rect x="88" y="64" width="2" height="2" fill="black" stroke-width="0" stroke="black" />
<rect x="88" y="28" width="2" height="2" fill="black" stroke-width="0" stroke="black" />
<rect x="88" y="26" width="2" height="2" fill="black" stroke-width="0" stroke="black" />
<rect x="90" y="66" width="2" height="2" fill="black" stroke-width="0" stroke="black" />
<rect x="90" y="64" width="2" height="2" fill="black" stroke-width="0" stroke="black" />
<rect x="90" y="62" width="2" height="2" fill="black" stroke-width="0" stroke="black" />
<rect x="90" y="28" width="2" height="2" fill="black" stroke-width="0" stroke="black" />
<rect x="90" y="26" width="2" height="2" fill="black" stroke-width="0" stroke="black" />
<rect x="92" y="66" width="2" height="2" fill="black" stroke-width="0" stroke="black" />
<rect x="92" y="64" width="2" height="2" fill="black" stroke-width="0" stroke="black" />
<rect x="92" y="62" width="2" height="2" fill="black" stroke-width="0" stroke="black" />
<rect x="92" y="60" width="2" height="2" fill="black" stroke-width="0" stroke="black" />
<rect x="92" y="58" width="2" height="2" fill="black" stroke-width="0" stroke="black" />
<rect x="92" y="30" width="2" height="2" fill="black" stroke-width="0" stroke="black" />
<rect x="92" y="28" width="2" height="2" fill="black" stroke-width="0" stroke="black" />
<rect x="94" y="64" width="2" height="2" fill="black" stroke-width="0" stroke="black" />
<rect x="94" y="62" width="2" height="2" fill="black" stroke-width="0" stroke="black" />
<rect x="94" y="60" width="2" height="2" fill="black" stroke-width="0" stroke="black" />
<rect x="94" y="58" width="2" height="2" fill="black" stroke-width="0" stroke="black" />
<rect x="94" y="30" width="2" height="2" fill="black" stroke-width="0" stroke="black" />
<rect x="94" y="28" width="2" height="2" fill="black" stroke-width="0" stroke="black" />
<rect x="96" y="64" width="2" height="2" fill="black" stroke-width="0" stroke="black" />
<rect x="96" y="62" width="2" height="2" fill="black" stroke-width="0" stroke="black" />
<rect x="96" y="60" width="2" height="2" fill="black" stroke-width="0" stroke="black" />
<rect x="96" y="58" width="2" height="2" fill="black" stroke-width="0" stroke="black" />
<rect x="96" y="56" width="2" height="2" fill="black" stroke-width="0" stroke="black" />
<rect x="96" y="54" width="2" height="2" fill="black" stroke-width="0" stroke="black" />
<rect x="96" y="30" width="2" height="2" fill="black" stroke-width="0" stroke="black" />
<rect x="96" y="28" width="2" height="2" fill="black" stroke-width="0" stroke="black" />
<rect x="98" y="60" width="2" height="2" fill="black" stroke-width="0" stroke="black" />
<rect x="98" y="58" width="2" height="2" fill="black" stroke-width="0" stroke="black" />
<rect x="98" y="56" width="2" height="2" fill="black" stroke-width="0" stroke="black" />
<rect x="98" y="54" width="2" height="2" fill="black" stroke-width="0" stroke="black" />
<rect x="98" y="52" width="2" height="2" fill="black" stroke-width="0" stroke="black" />
<rect x="98" y="32" width="2" height="2" fill="black" stroke-width="0" stroke="black" />
<rect x="98" y="30" width="2" height="2" fill="black" stroke-width="0" stroke="black" />
<rect x="98" y="28" width="2" height="2" fill="black" stroke-width="0" stroke="black" />
<rect x="100" y="56" width="2" height="2" fill="black" stroke-width="0" stroke="black" />
<rect x="100" y="54" width="2" height="2" fill="black" stroke-width="0" stroke="black" />
<rect x="100" y="52" width="2" height="2" fill="black" stroke-width="0" stroke="black" />
<rect x="100" y="32" width="2" height="2" fill="black" stroke-width="0" stroke="black" />
<rect x="100" y="30" width="2" height="2" fill="black" stroke-width="0" stroke="black" />
<rect x="102" y="56" width="2" height="2" fill="black" stroke-width="0" stroke="black" />
<rect x="102" y="54" width="2" height="2" fill="black" stroke-width="0" stroke="black" />
<rect x="102" y="52" width="2" height="2" fill="black" stroke-width="0" stroke="black" />
<rect x="102" y="32" width="2" height="2" fill="black" stroke-width="0" stroke="black" />
<rect x="102" y="30" width="2" height="2" fill="black" stroke-width="0" stroke="black" />
<rect x="104" y="54" width="2" height="2" fill="black" stroke-width="0" stroke="black" />
<rect x="104" y="52" width="2" height="2" fill="black" stroke-width="0" stroke="black" />
<rect x="104" y="50" width="2" height="2" fill="black" stroke-width="0" stroke="black" />
<rect x="104" y="48" width="2" height="2" fill="black" stroke-width="0" stroke="black" />
<rect x="104" y="46" width="2" height="2" fill="black" stroke-width="0" stroke="black" />
<rect x="104" y="34" width="2" height="2" fill="black" stroke-width="0" stroke="black" />
<rect x="104" y="32" width="2" height="2" fill="black" stroke-width="0" stroke="black" />
<rect x="104" y="30" width="2" height="2" fill="black" stroke-width="0" stroke="black" />
<rect x="106" y="50" width="2" height="2" fill="black" stroke-width="0" stroke="black" />
<rect x="106" y="48" width="2" height="2" fill="black" stroke-width="0" stroke="black" />
<rect x="106" y="46" width="2" height="2" fill="black" stroke-width="0" stroke="black" />
<rect x="106" y="34" width="2" height="2" fill="black" stroke-width="0" stroke="black" />
<rect x="106" y="32" width="2" height="2" fill="black" stroke-width="0" stroke="black" />
<rect x="106" y="30" width="2" height="2" fill="black" stroke-width="0" stroke="black" />
<rect x="108" y="46" width="2" height="2" fill="black" stroke-width="0" stroke="black" />
<rect x="108" y="44" width="2" height="2" fill="black" stroke-width="0" stroke="black" />
<rect x="108" y="42" width="2" height="2" fill="black" stroke-width="0" stroke="black" />
<rect x="108" y="40" width="2" height="2" fill="black" stroke-width="0" stroke="black" />
<rect x="108" y="38" width="2" height="2" fill="black" stroke-width="0" stroke="black" />
<rect x="108" y="36" width="2" height="2" fill="black" stroke-width="0" stroke="black" />
<rect x="108" y="34" width="2" height="2" fill="black" stroke-width="0" stroke="black" />
<rect x="108" y="32" width="2" height="2" fill="black" stroke-width="0" stroke="black" />
<text x="46" y="100" fill="black" font-size="9px">2.65m</text>
<text x="0" y="0" fill="black" font-size="9px" transform="translate(125,37) rotate(90)">1.49m</text>
<line x1="4" y1="90" x2="111" y2="90" fill="none" stroke="black" stroke-width="1" />
<line x1="4" y1="88" x2="4" y2="92" fill="none" stroke="black" stroke-width="1" />
<line x1="111" y1="88" x2="111" y2="92" fill="none" stroke="black" stroke-width="1" />
<line x1="121" y1="80" x2="121" y2="18" fill="none" stroke="black" stroke-width="1" />
<line x1="119" y1="80" x2="123" y2="80" fill="none" stroke="black" stroke-width="1" />
<line x1="119" y1="18" x2="123" y2="18" fill="none" stroke="black" stroke-width="1" />
</svg>
