<?xml version="1.0" encoding="UTF-8"?>
<!DOCTYPE svg PUBLIC "-//W3C//DTD SVG 1.1//EN" "http://www.w3.org/Graphics/SVG/1.1/DTD/svg11.dtd">
<svg xmlns="http://www.w3.org/2000/svg" version="1.1" width="260" height="188">
<rect x="0" y="0" width="260" height="188" fill="white" stroke="white" stroke-width="0"/>
<text x="8" y="25" fill="black">Cross-section B</text>
<rect x="8" y="118" width="4" height="4" fill="black" stroke-width="0" stroke="black" />
<rect x="8" y="114" width="4" height="4" fill="black" stroke-width="0" stroke="black" />
<rect x="8" y="110" width="4" height="4" fill="black" stroke-width="0" stroke="black" />
<rect x="8" y="106" width="4" height="4" fill="black" stroke-width="0" stroke="black" />
<rect x="8" y="102" width="4" height="4" fill="black" stroke-width="0" stroke="black" />
<rect x="12" y="118" width="4" height="4" fill="black" stroke-width="0" stroke="black" />
<rect x="12" y="114" width="4" height="4" fill="black" stroke-width="0" stroke="black" />
<rect x="12" y="110" width="4" height="4" fill="black" stroke-width="0" stroke="black" />
<rect x="12" y="106" width="4" height="4" fill="black" stroke-width="0" stroke="black" />
<rect x="12" y="102" width="4" height="4" fill="black" stroke-width="0" stroke="black" />
<rect x="12" y="98" width="4" height="4" fill="black" stroke-width="0" stroke="black" />
<rect x="16" y="118" width="4" height="4" fill="black" stroke-width="0" stroke="black" />
<rect x="16" y="102" width="4" height="4" fill="black" stroke-width="0" stroke="black" />
<rect x="16" y="98" width="4" height="4" fill="black" stroke-width="0" stroke="black" />
<rect x="20" y="142" width="4" height="4" fill="black" stroke-width="0" stroke="black" />
<rect x="20" y="138" width="4" height="4" fill="black" stroke-width="0" stroke="black" />
<rect x="20" y="134" width="4" height="4" fill="black" stroke-width="0" stroke="black" />
<rect x="20" y="130" width="4" height="4" fill="black" stroke-width="0" stroke="black" />
<rect x="20" y="126" width="4" height="4" fill="black" stroke-width="0" stroke="black" />
<rect x="20" y="122" width="4" height="4" fill="black" stroke-width="0" stroke="black" />
<rect x="20" y="118" width="4" height="4" fill="black" stroke-width="0" stroke="black" />
<rect x="20" y="102" width="4" height="4" fill="black" stroke-width="0" stroke="black" />
<rect x="20" y="98" width="4" height="4" fill="black" stroke-width="0" stroke="black" />
<rect x="20" y="94" width="4" height="4" fill="black" stroke-width="0" stroke="black" />
<rect x="24" y="142" width="4" height="4" fill="black" stroke-width="0" stroke="black" />
<rect x="24" y="138" width="4" height="4" fill="black" stroke-width="0" stroke="black" />
<rect x="24" y="134" width="4" height="4" fill="black" stroke-width="0" stroke="black" />
<rect x="24" y="130" width="4" height="4" fill="black" stroke-width="0" stroke="black" />
<rect x="24" y="126" width="4" height="4" fill="black" stroke-width="0" stroke="black" />
<rect x="24" y="122" width="4" height="4" fill="black" stroke-width="0" stroke="black" />
<rect x="24" y="118" width="4" height="4" fill="black" stroke-width="0" stroke="black" />
<rect x="24" y="98" width="4" height="4" fill="black" stroke-width="0" stroke="black" />
<rect x="24" y="94" width="4" height="4" fill="black" stroke-width="0" stroke="black" />
<rect x="24" y="90" width="4" height="4" fill="black" stroke-width="0" stroke="black" />
<rect x="28" y="142" width="4" height="4" fill="black" stroke-width="0" stroke="black" />
<rect x="28" y="138" width="4" height="4" fill="black" stroke-width="0" stroke="black" />
<rect x="28" y="130" width="4" height="4" fill="black" stroke-width="0" stroke="black" />
<rect x="28" y="126" width="4" height="4" fill="black" stroke-width="0" stroke="black" />
<rect x="28" y="122" width="4" height="4" fill="black" stroke-width="0" stroke="black" />
<rect x="28" y="118" width="4" height="4" fill="black" stroke-width="0" stroke="black" />
<rect x="28" y="98" width="4" height="4" fill="black" stroke-width="0" stroke="black" />
<rect x="28" y="94" width="4" height="4" fill="black" stroke-width="0" stroke="black" />
<rect x="28" y="90" width="4" height="4" fill="black" stroke-width="0" stroke="black" />
<rect x="28" y="86" width="4" height="4" fill="black" stroke-width="0" stroke="black" />
<rect x="32" y="142" width="4" height="4" fill="black" stroke-width="0" stroke="black" />
<rect x="32" y="90" width="4" height="4" fill="black" stroke-width="0" stroke="black" />
<rect x="32" y="86" width="4" height="4" fill="black" stroke-width="0" stroke="black" />
<rect x="36" y="146" width="4" height="4" fill="black" stroke-width="0" stroke="black" />
<rect x="36" y="142" width="4" height="4" fill="black" stroke-width="0" stroke="black" />
<rect x="36" y="90" width="4" height="4" fill="black" stroke-width="0" stroke="black" />
<rect x="36" y="86" width="4" height="4" fill="black" stroke-width="0" stroke="black" />
<rect x="36" y="82" width="4" height="4" fill="black" stroke-width="0" stroke="black" />
<rect x="40" y="146" width="4" height="4" fill="black" stroke-width="0" stroke="black" />
<rect x="40" y="142" width="4" height="4" fill="black" stroke-width="0" stroke="black" />
<rect x="40" y="90" width="4" height="4" fill="black" stroke-width="0" stroke="black" />
<rect x="40" y="86" width="4" height="4" fill="black" stroke-width="0" stroke="black" />
<rect x="40" y="82" width="4" height="4" fill="black" stroke-width="0" stroke="black" />
<rect x="44" y="146" width="4" height="4" fill="black" stroke-width="0" stroke="black" />
<rect x="44" y="142" width="4" height="4" fill="black" stroke-width="0" stroke="black" />
<rect x="44" y="86" width="4" height="4" fill="black" stroke-width="0" stroke="black" />
<rect x="44" y="82" width="4" height="4" fill="black" stroke-width="0" stroke="black" />
<rect x="44" y="78" width="4" height="4" fill="black" stroke-width="0" stroke="black" />
<rect x="48" y="146" width="4" height="4" fill="black" stroke-width="0" stroke="black" />
<rect x="48" y="142" width="4" height="4" fill="black" stroke-width="0" stroke="black" />
<rect x="48" y="82" width="4" height="4" fill="black" stroke-width="0" stroke="black" />
<rect x="48" y="78" width="4" height="4" fill="black" stroke-width="0" stroke="black" />
<rect x="48" y="74" width="4" height="4" fill="black" stroke-width="0" stroke="black" />
<rect x="52" y="146" width="4" height="4" fill="black" stroke-width="0" stroke="black" />
<rect x="52" y="142" width="4" height="4" fill="black" stroke-width="0" stroke="black" />
<rect x="52" y="78" width="4" height="4" fill="black" stroke-width="0" stroke="black" />
<rect x="52" y="74" width="4" height="4" fill="black" stroke-width="0" stroke="black" />
<rect x="56" y="146" width="4" height="4" fill="black" stroke-width="0" stroke="black" />
<rect x="56" y="142" width="4" height="4" fill="black" stroke-width="0" stroke="black" />
<rect x="56" y="78" width="4" height="4" fill="black" stroke-width="0" stroke="black" />
<rect x="56" y="74" width="4" height="4" fill="black" stroke-width="0" stroke="black" />
<rect x="60" y="146" width="4" height="4" fill="black" stroke-width="0" stroke="black" />
<rect x="60" y="78" width="4" height="4" fill="black" stroke-width="0" stroke="black" />
<rect x="60" y="74" width="4" height="4" fill="black" stroke-width="0" stroke="black" />
<rect x="60" y="70" width="4" height="4" fill="black" stroke-width="0" stroke="black" />
<rect x="60" y="66" width="4" height="4" fill="black" stroke-width="0" stroke="black" />
<rect x="64" y="146" width="4" height="4" fill="black" stroke-width="0" stroke="black" />
<rect x="64" y="74" width="4" height="4" fill="black" stroke-width="0" stroke="black" />
<rect x="64" y="70" width="4" height="4" fill="black" stroke-width="0" stroke="black" />
<rect x="64" y="66" width="4" height="4" fill="black" stroke-width="0" stroke="black" />
<rect x="68" y="146" width="4" height="4" fill="black" stroke-width="0" stroke="black" />
<rect x="68" y="74" width="4" height="4" fill="black" stroke-width="0" stroke="black" />
<rect x="68" y="70" width="4" height="4" fill="black" stroke-width="0" stroke="black" />
<rect x="68" y="66" width="4" height="4" fill="black" stroke-width="0" stroke="black" />
<rect x="72" y="146" width="4" height="4" fill="black" stroke-width="0" stroke="black" />
<rect x="72" y="66" width="4" height="4" fill="black" stroke-width="0" stroke="black" />
<rect x="72" y="62" width="4" height="4" fill="black" stroke-width="0" stroke="black" />
<rect x="72" y="58" width="4" height="4" fill="black" stroke-width="0" stroke="black" />
<rect x="76" y="146" width="4" height="4" fill="black" stroke-width="0" stroke="black" />
<rect x="76" y="62" width="4" height="4" fill="black" stroke-width="0" stroke="black" />
<rect x="76" y="58" width="4" height="4" fill="black" stroke-width="0" stroke="black" />
<rect x="76" y="54" width="4" height="4" fill="black" stroke-width="0" stroke="black" />
<rect x="76" y="50" width="4" height="4" fill="black" stroke-width="0" stroke="black" />
<rect x="76" y="46" width="4" height="4" fill="black" stroke-width="0" stroke="black" />
<rect x="80" y="146" width="4" height="4" fill="black" stroke-width="0" stroke="black" />
<rect x="80" y="50" width="4" height="4" fill="black" stroke-width="0" stroke="black" />
<rect x="80" y="46" width="4" height="4" fill="black" stroke-width="0" stroke="black" />
<rect x="80" y="42" width="4" height="4" fill="black" stroke-width="0" stroke="black" />
<rect x="84" y="146" width="4" height="4" fill="black" stroke-width="0" stroke="black" />
<rect x="84" y="46" width="4" height="4" fill="black" stroke-width="0" stroke="black" />
<rect x="84" y="42" width="4" height="4" fill="black" stroke-width="0" stroke="black" />
<rect x="88" y="146" width="4" height="4" fill="black" stroke-width="0" stroke="black" />
<rect x="88" y="46" width="4" height="4" fill="black" stroke-width="0" stroke="black" />
<rect x="88" y="42" width="4" height="4" fill="black" stroke-width="0" stroke="black" />
<rect x="92" y="146" width="4" height="4" fill="black" stroke-width="0" stroke="black" />
<rect x="92" y="42" width="4" height="4" fill="black" stroke-width="0" stroke="black" />
<rect x="92" y="38" width="4" height="4" fill="black" stroke-width="0" stroke="black" />
<rect x="96" y="146" width="4" height="4" fill="black" stroke-width="0" stroke="black" />
<rect x="96" y="42" width="4" height="4" fill="black" stroke-width="0" stroke="black" />
<rect x="96" y="38" width="4" height="4" fill="black" stroke-width="0" stroke="black" />
<rect x="96" y="34" width="4" height="4" fill="black" stroke-width="0" stroke="black" />
<rect x="100" y="146" width="4" height="4" fill="black" stroke-width="0" stroke="black" />
<rect x="100" y="38" width="4" height="4" fill="black" stroke-width="0" stroke="black" />
<rect x="100" y="34" width="4" height="4" fill="black" stroke-width="0" stroke="black" />
<rect x="104" y="146" width="4" height="4" fill="black" stroke-width="0" stroke="black" />
<rect x="104" y="38" width="4" height="4" fill="black" stroke-width="0" stroke="black" />
<rect x="104" y="34" width="4" height="4" fill="black" stroke-width="0" stroke="black" />
<rect x="108" y="146" width="4" height="4" fill="black" stroke-width="0" stroke="black" />
<rect x="108" y="34" width="4" height="4" fill="black" stroke-width="0" stroke="black" />
<rect x="108" y="30" width="4" height="4" fill="black" stroke-width="0" stroke="black" />
<rect x="112" y="146" width="4" height="4" fill="black" stroke-width="0" stroke="black" />
<rect x="112" y="142" width="4" height="4" fill="black" stroke-width="0" stroke="black" />
<rect x="112" y="34" width="4" height="4" fill="black" stroke-width="0" stroke="black" />
<rect x="112" y="30" width="4" height="4" fill="black" stroke-width="0" stroke="black" />
<rect x="116" y="146" width="4" height="4" fill="black" stroke-width="0" stroke="black" />
<rect x="116" y="142" width="4" height="4" fill="black" stroke-width="0" stroke="black" />
<rect x="116" y="38" width="4" height="4" fill="black" stroke-width="0" stroke="black" />
<rect x="116" y="34" width="4" height="4" fill="black" stroke-width="0" stroke="black" />
<rect x="116" y="30" width="4" height="4" fill="black" stroke-width="0" stroke="black" />
<rect x="120" y="146" width="4" height="4" fill="black" stroke-width="0" stroke="black" />
<rect x="120" y="142" width="4" height="4" fill="black" stroke-width="0" stroke="black" />
<rect x="120" y="38" width="4" height="4" fill="black" stroke-width="0" stroke="black" />
<rect x="120" y="34" width="4" height="4" fill="black" stroke-width="0" stroke="black" />
<rect x="124" y="146" width="4" height="4" fill="black" stroke-width="0" stroke="black" />
<rect x="124" y="142" width="4" height="4" fill="black" stroke-width="0" stroke="black" />
<rect x="124" y="138" width="4" height="4" fill="black" stroke-width="0" stroke="black" />
<rect x="124" y="38" width="4" height="4" fill="black" stroke-width="0" stroke="black" />
<rect x="124" y="34" width="4" height="4" fill="black" stroke-width="0" stroke="black" />
<rect x="128" y="146" width="4" height="4" fill="black" stroke-width="0" stroke="black" />
<rect x="128" y="142" width="4" height="4" fill="black" stroke-width="0" stroke="black" />
<rect x="128" y="138" width="4" height="4" fill="black" stroke-width="0" stroke="black" />
<rect x="128" y="38" width="4" height="4" fill="black" stroke-width="0" stroke="black" />
<rect x="128" y="34" width="4" height="4" fill="black" stroke-width="0" stroke="black" />
<rect x="132" y="142" width="4" height="4" fill="black" stroke-width="0" stroke="black" />
<rect x="132" y="138" width="4" height="4" fill="black" stroke-width="0" stroke="black" />
<rect x="132" y="134" width="4" height="4" fill="black" stroke-width="0" stroke="black" />
<rect x="132" y="38" width="4" height="4" fill="black" stroke-width="0" stroke="black" />
<rect x="132" y="34" width="4" height="4" fill="black" stroke-width="0" stroke="black" />
<rect x="136" y="142" width="4" height="4" fill="black" stroke-width="0" stroke="black" />
<rect x="136" y="138" width="4" height="4" fill="black" stroke-width="0" stroke="black" />
<rect x="136" y="134" width="4" height="4" fill="black" stroke-width="0" stroke="black" />
<rect x="136" y="38" width="4" height="4" fill="black" stroke-width="0" stroke="black" />
<rect x="136" y="34" width="4" height="4" fill="black" stroke-width="0" stroke="black" />
<rect x="140" y="142" width="4" height="4" fill="black" stroke-width="0" stroke="black" />
<rect x="140" y="138" width="4" height="4" fill="black" stroke-width="0" stroke="black" />
<rect x="140" y="134" width="4" height="4" fill="black" stroke-width="0" stroke="black" />
<rect x="140" y="38" width="4" height="4" fill="black" stroke-width="0" stroke="black" />
<rect x="144" y="142" width="4" height="4" fill="black" stroke-width="0" stroke="black" />
<rect x="144" y="138" width="4" height="4" fill="black" stroke-width="0" stroke="black" />
<rect x="144" y="134" width="4" height="4" fill="black" stroke-width="0" stroke="black" />
<rect x="144" y="130" width="4" height="4" fill="black" stroke-width="0" stroke="black" />
<rect x="144" y="38" width="4" height="4" fill="black" stroke-width="0" stroke="black" />
<rect x="148" y="142" width="4" height="4" fill="black" stroke-width="0" stroke="black" />
<rect x="148" y="138" width="4" height="4" fill="black" stroke-width="0" stroke="black" />
<rect x="148" y="134" width="4" height="4" fill="black" stroke-width="0" stroke="black" />
<rect x="148" y="130" width="4" height="4" fill="black" stroke-width="0" stroke="black" />
<rect x="148" y="126" width="4" height="4" fill="black" stroke-width="0" stroke="black" />
<rect x="148" y="38" width="4" height="4" fill="black" stroke-width="0" stroke="black" />
<rect x="152" y="130" width="4" height="4" fill="black" stroke-width="0" stroke="black" />
<rect x="152" y="126" width="4" height="4" fill="black" stroke-width="0" stroke="black" />
<rect x="152" y="38" width="4" height="4" fill="black" stroke-width="0" stroke="black" />
<rect x="156" y="130" width="4" height="4" fill="black" stroke-width="0" stroke="black" />
<rect x="156" y="126" width="4" height="4" fill="black" stroke-width="0" stroke="black" />
<rect x="156" y="122" width="4" height="4" fill="black" stroke-width="0" stroke="black" />
<rect x="156" y="38" width="4" height="4" fill="black" stroke-width="0" stroke="black" />
<rect x="160" y="130" width="4" height="4" fill="black" stroke-width="0" stroke="black" />
<rect x="160" y="126" width="4" height="4" fill="black" stroke-width="0" stroke="black" />
<rect x="160" y="122" width="4" height="4" fill="black" stroke-width="0" stroke="black" />
<rect x="160" y="38" width="4" height="4" fill="black" stroke-width="0" stroke="black" />
<rect x="164" y="130" width="4" height="4" fill="black" stroke-width="0" stroke="black" />
<rect x="164" y="126" width="4" height="4" fill="black" stroke-width="0" stroke="black" />
<rect x="164" y="122" width="4" height="4" fill="black" stroke-width="0" stroke="black" />
<rect x="164" y="42" width="4" height="4" fill="black" stroke-width="0" stroke="black" />
<rect x="164" y="38" width="4" height="4" fill="black" stroke-width="0" stroke="black" />
<rect x="168" y="122" width="4" height="4" fill="black" stroke-width="0" stroke="black" />
<rect x="168" y="46" width="4" height="4" fill="black" stroke-width="0" stroke="black" />
<rect x="168" y="42" width="4" height="4" fill="black" stroke-width="0" stroke="black" />
<rect x="168" y="38" width="4" height="4" fill="black" stroke-width="0" stroke="black" />
<rect x="172" y="122" width="4" height="4" fill="black" stroke-width="0" stroke="black" />
<rect x="172" y="118" width="4" height="4" fill="black" stroke-width="0" stroke="black" />
<rect x="172" y="46" width="4" height="4" fill="black" stroke-width="0" stroke="black" />
<rect x="172" y="42" width="4" height="4" fill="black" stroke-width="0" stroke="black" />
<rect x="172" y="38" width="4" height="4" fill="black" stroke-width="0" stroke="black" />
<rect x="176" y="122" width="4" height="4" fill="black" stroke-width="0" stroke="black" />
<rect x="176" y="118" width="4" height="4" fill="black" stroke-width="0" stroke="black" />
<rect x="176" y="46" width="4" height="4" fill="black" stroke-width="0" stroke="black" />
<rect x="176" y="42" width="4" height="4" fill="black" stroke-width="0" stroke="black" />
<rect x="180" y="122" width="4" height="4" fill="black" stroke-width="0" stroke="black" />
<rect x="180" y="118" width="4" height="4" fill="black" stroke-width="0" stroke="black" />
<rect x="180" y="114" width="4" height="4" fill="black" stroke-width="0" stroke="black" />
<rect x="180" y="46" width="4" height="4" fill="black" stroke-width="0" stroke="black" />
<rect x="180" y="42" width="4" height="4" fill="black" stroke-width="0" stroke="black" />
<rect x="184" y="122" width="4" height="4" fill="black" stroke-width="0" stroke="black" />
<rect x="184" y="118" width="4" height="4" fill="black" stroke-width="0" stroke="black" />
<rect x="184" y="114" width="4" height="4" fill="black" stroke-width="0" stroke="black" />
<rect x="184" y="110" width="4" height="4" fill="black" stroke-width="0" stroke="black" />
<rect x="184" y="106" width="4" height="4" fill="black" stroke-width="0" stroke="black" />
<rect x="184" y="50" width="4" height="4" fill="black" stroke-width="0" stroke="black" />
<rect x="184" y="46" width="4" height="4" fill="black" stroke-width="0" stroke="black" />
<rect x="188" y="118" width="4" height="4" fill="black" stroke-width="0" stroke="black" />
<rect x="188" y="114" width="4" height="4" fill="black" stroke-width="0" stroke="black" />
<rect x="188" y="110" width="4" height="4" fill="black" stroke-width="0" stroke="black" />
<rect x="188" y="106" width="4" height="4" fill="black" stroke-width="0" stroke="black" />
<rect x="188" y="50" width="4" height="4" fill="black" stroke-width="0" stroke="black" />
<rect x="188" y="46" width="4" height="4" fill="black" stroke-width="0" stroke="black" />
<rect x="192" y="118" width="4" height="4" fill="black" stroke-width="0" stroke="black" />
<rect x="192" y="114" width="4" height="4" fill="black" stroke-width="0" stroke="black" />
<rect x="192" y="110" width="4" height="4" fill="black" stroke-width="0" stroke="black" />
<rect x="192" y="106" width="4" height="4" fill="black" stroke-width="0" stroke="black" />
<rect x="192" y="102" width="4" height="4" fill="black" stroke-width="0" stroke="black" />
<rect x="192" y="98" width="4" height="4" fill="black" stroke-width="0" stroke="black" />
<rect x="192" y="50" width="4" height="4" fill="black" stroke-width="0" stroke="black" />
<rect x="192" y="46" width="4" height="4" fill="black" stroke-width="0" stroke="black" />
<rect x="196" y="110" width="4" height="4" fill="black" stroke-width="0" stroke="black" />
<rect x="196" y="106" width="4" height="4" fill="black" stroke-width="0" stroke="black" />
<rect x="196" y="102" width="4" height="4" fill="black" stroke-width="0" stroke="black" />
<rect x="196" y="98" width="4" height="4" fill="black" stroke-width="0" stroke="black" />
<rect x="196" y="94" width="4" height="4" fill="black" stroke-width="0" stroke="black" />
<rect x="196" y="54" width="4" height="4" fill="black" stroke-width="0" stroke="black" />
<rect x="196" y="50" width="4" height="4" fill="black" stroke-width="0" stroke="black" />
<rect x="196" y="46" width="4" height="4" fill="black" stroke-width="0" stroke="black" />
<rect x="200" y="102" width="4" height="4" fill="black" stroke-width="0" stroke="black" />
<rect x="200" y="98" width="4" height="4" fill="black" stroke-width="0" stroke="black" />
<rect x="200" y="94" width="4" height="4" fill="black" stroke-width="0" stroke="black" />
<rect x="200" y="54" width="4" height="4" fill="black" stroke-width="0" stroke="black" />
<rect x="200" y="50" width="4" height="4" fill="black" stroke-width="0" stroke="black" />
<rect x="204" y="102" width="4" height="4" fill="black" stroke-width="0" stroke="black" />
<rect x="204" y="98" width="4" height="4" fill="black" stroke-width="0" stroke="black" />
<rect x="204" y="94" width="4" height="4" fill="black" stroke-width="0" stroke="black" />
<rect x="204" y="54" width="4" height="4" fill="black" stroke-width="0" stroke="black" />
<rect x="204" y="50" width="4" height="4" fill="black" stroke-width="0" stroke="black" />
<rect x="208" y="98" width="4" height="4" fill="black" stroke-width="0" stroke="black" />
<rect x="208" y="94" width="4" height="4" fill="black" stroke-width="0" stroke="black" />
<rect x="208" y="90" width="4" height="4" fill="black" stroke-width="0" stroke="black" />
<rect x="208" y="86" width="4" height="4" fill="black" stroke-width="0" stroke="black" />
<rect x="208" y="82" width="4" height="4" fill="black" stroke-width="0" stroke="black" />
<rect x="208" y="58" width="4" height="4" fill="black" stroke-width="0" stroke="black" />
<rect x="208" y="54" width="4" height="4" fill="black" stroke-width="0" stroke="black" />
<rect x="208" y="50" width="4" height="4" fill="black" stroke-width="0" stroke="black" />
<rect x="212" y="90" width="4" height="4" fill="black" stroke-width="0" stroke="black" />
<rect x="212" y="86" width="4" height="4" fill="black" stroke-width="0" stroke="black" />
<rect x="212" y="82" width="4" height="4" fill="black" stroke-width="0" stroke="black" />
<rect x="212" y="58" width="4" height="4" fill="black" stroke-width="0" stroke="black" />
<rect x="212" y="54" width="4" height="4" fill="black" stroke-width="0" stroke="black" />
<rect x="212" y="50" width="4" height="4" fill="black" stroke-width="0" stroke="black" />
<rect x="216" y="82" width="4" height="4" fill="black" stroke-width="0" stroke="black" />
<rect x="216" y="78" width="4" height="4" fill="black" stroke-width="0" stroke="black" />
<rect x="216" y="74" width="4" height="4" fill="black" stroke-width="0" stroke="black" />
<rect x="216" y="70" width="4" height="4" fill="black" stroke-width="0" stroke="black" />
<rect x="216" y="66" width="4" height="4" fill="black" stroke-width="0" stroke="black" />
<rect x="216" y="62" width="4" height="4" fill="black" stroke-width="0" stroke="black" />
<rect x="216" y="58" width="4" height="4" fill="black" stroke-width="0" stroke="black" />
<rect x="216" y="54" width="4" height="4" fill="black" stroke-width="0" stroke="black" />
<text x="103" y="184" fill="black" font-size="9px">2.65m</text>
<text x="0" y="0" fill="black" font-size="9px" transform="translate(251,75) rotate(90)">1.49m</text>
<line x1="8" y1="170" x2="223" y2="170" fill="none" stroke="black" stroke-width="1" />
<line x1="8" y1="167" x2="8" y2="173" fill="none" stroke="black" stroke-width="1" />
<line x1="223" y1="167" x2="223" y2="173" fill="none" stroke="black" stroke-width="1" />
<line x1="243" y1="150" x2="243" y2="27" fill="none" stroke="black" stroke-width="1" />
<line x1="240" y1="150" x2="246" y2="150" fill="none" stroke="black" stroke-width="1" />
<line x1="240" y1="27" x2="246" y2="27" fill="none" stroke="black" stroke-width="1" />
</svg>
