<?xml version="1.0" encoding="UTF-8"?>
<!DOCTYPE svg PUBLIC "-//W3C//DTD SVG 1.1//EN"
          "http://www.w3.org/Graphics/SVG/1.1/DTD/svg11.dtd">
<svg xmlns="http://www.w3.org/2000/svg" version="1.1"
     width="1175" height="370">
<rect x="0" y="0" width="1175" height="370" fill="white" stroke="white" stroke-width="0"/>
<polyline points="60,25 65,25 65,20 " fill="none" stroke="black" stroke-width="1" />
<polyline points="15,165 15,160 15,155 15,150 15,145 15,145 10,145 10,140 5,140 5,135 5,130 5,125 5,120 5,115 10,115 15,115 15,110 15,105 15,100 15,95 20,95 25,95 30,95 30,90 35,90 35,85 35,80 35,80 30,80 30,75 30,70 30,70 25,70 25,65 20,65 20,60 20,55 25,55 25,50 30,50 30,45 30,40 35,40 40,40 40,35 45,35 45,30 50,30 50,25 55,25 60,25 60,20 65,20 " fill="none" stroke="black" stroke-width="1" />
<polyline points="65,25 70,25 75,25 80,25 85,25 85,20 90,20 95,20 100,20 105,20 110,20 115,20 120,20 125,20 130,20 135,20 135,15 140,15 145,15 150,15 150,10 155,10 160,10 160,5 165,5 170,5 175,5 180,5 180,10 185,10 190,10 190,15 195,15 195,20 200,20 200,25 205,25 205,30 210,30 210,35 215,35 220,35 220,40 225,40 225,45 230,45 230,50 235,50 240,50 245,50 250,50 250,45 255,45 255,40 260,40 265,40 265,35 270,35 " fill="none" stroke="black" stroke-width="1" />
<polyline points="15,155 20,155 25,155 " fill="none" stroke="black" stroke-width="1" />
<line x1="25" y1="155" x2="35" y2="155" fill="none" stroke="black" stroke-width="1" />
<line x1="30" y1="155" x2="30" y2="149" fill="none" stroke="black" stroke-width="1" />
<line x1="100" y1="260" x2="97" y2="250" fill="none" stroke="black" stroke-width="1" />
<line x1="98" y1="255" x2="103" y2="254" fill="none" stroke="black" stroke-width="1" />
<line x1="94" y1="244" x2="91" y2="240" fill="none" stroke="black" stroke-width="1" />
<line x1="92" y1="242" x2="97" y2="239" fill="none" stroke="black" stroke-width="1" />
<line x1="86" y1="236" x2="81" y2="233" fill="none" stroke="black" stroke-width="1" />
<line x1="83" y1="234" x2="85" y2="230" fill="none" stroke="black" stroke-width="1" />
<line x1="75" y1="230" x2="70" y2="226" fill="none" stroke="black" stroke-width="1" />
<line x1="72" y1="228" x2="75" y2="225" fill="none" stroke="black" stroke-width="1" />
<line x1="67" y1="220" x2="64" y2="214" fill="none" stroke="black" stroke-width="1" />
<line x1="65" y1="217" x2="71" y2="214" fill="none" stroke="black" stroke-width="1" />
<line x1="61" y1="210" x2="57" y2="206" fill="none" stroke="black" stroke-width="1" />
<line x1="59" y1="208" x2="62" y2="205" fill="none" stroke="black" stroke-width="1" />
<line x1="53" y1="201" x2="50" y2="196" fill="none" stroke="black" stroke-width="1" />
<line x1="51" y1="198" x2="56" y2="195" fill="none" stroke="black" stroke-width="1" />
<line x1="47" y1="190" x2="44" y2="184" fill="none" stroke="black" stroke-width="1" />
<line x1="45" y1="187" x2="51" y2="184" fill="none" stroke="black" stroke-width="1" />
<line x1="41" y1="179" x2="40" y2="171" fill="none" stroke="black" stroke-width="1" />
<line x1="40" y1="175" x2="46" y2="175" fill="none" stroke="black" stroke-width="1" />
<line x1="40" y1="163" x2="40" y2="155" fill="none" stroke="black" stroke-width="1" />
<line x1="40" y1="159" x2="47" y2="159" fill="none" stroke="black" stroke-width="1" />
<polyline points="265,40 270,40 270,35 " fill="none" stroke="black" stroke-width="1" />
<polyline points="270,40 275,40 280,40 285,40 290,40 295,40 300,40 305,40 305,35 310,35 315,35 315,30 320,30 320,25 325,25 325,20 330,20 330,15 335,15 " fill="none" stroke="black" stroke-width="1" />
<polyline points="330,20 335,20 335,15 " fill="none" stroke="black" stroke-width="1" />
<polyline points="335,20 340,20 345,20 350,20 355,20 360,20 365,20 370,20 370,15 375,15 " fill="none" stroke="black" stroke-width="1" />
<polyline points="80,300 85,300 85,295 85,290 85,285 85,280 90,280 90,275 90,270 90,265 90,260 95,260 100,260 " fill="none" stroke="black" stroke-width="1" />
<polyline points="75,290 80,285 80,280 85,280 " fill="none" stroke="black" stroke-width="1" />
<line x1="80" y1="285" x2="85" y2="285" fill="none" stroke="black" stroke-width="1" />
<polyline points="70,295 75,295 75,300 80,300 80,295 85,295 " fill="none" stroke="black" stroke-width="1" />
<polyline points="70,300 75,300 75,305 75,305 70,305 70,300 70,295 70,290 75,290 75,295 80,295 " fill="none" stroke="black" stroke-width="1" />
<polyline points="65,305 70,305 70,310 " fill="none" stroke="black" stroke-width="1" />
<polyline points="85,300 90,300 95,300 100,300 105,300 105,305 110,305 110,300 115,300 120,300 125,300 130,300 135,300 135,305 140,305 140,310 145,310 145,315 150,315 150,320 155,320 " fill="none" stroke="black" stroke-width="1" />
<polyline points="370,20 375,20 375,15 " fill="none" stroke="black" stroke-width="1" />
<polyline points="375,20 380,20 385,20 390,20 390,25 395,25 400,25 405,25 410,25 415,25 415,30 420,30 425,30 425,35 430,35 435,35 435,40 440,40 445,40 445,35 450,35 455,35 455,30 460,30 465,30 470,30 470,25 470,20 470,15 475,15 475,10 480,10 485,10 490,10 495,10 495,15 500,15 505,15 510,15 510,20 515,20 520,20 525,20 530,20 535,20 540,20 545,20 550,20 555,20 560,20 560,25 565,25 570,25 575,25 580,25 585,25 590,25 595,25 600,25 605,25 610,25 615,25 620,25 625,25 630,25 630,30 635,30 640,30 645,30 650,30 650,35 655,35 660,35 665,35 670,35 670,40 675,40 680,40 680,45 685,45 685,50 690,50 690,55 695,55 700,55 700,60 705,60 710,60 710,65 715,65 720,65 720,70 725,70 730,70 730,75 735,75 740,75 740,80 745,80 750,80 755,80 760,80 765,80 765,85 770,85 775,85 780,85 785,85 790,85 795,85 800,85 805,85 805,90 810,90 815,90 820,90 825,90 830,90 835,90 840,90 840,85 845,85 850,85 855,85 860,85 865,85 870,85 870,90 875,90 875,95 880,95 885,95 890,95 895,95 895,100 900,100 905,100 910,100 910,105 915,105 920,105 " fill="none" stroke="black" stroke-width="1" />
<line x1="105" y1="300" x2="110" y2="300" fill="none" stroke="black" stroke-width="1" />
<polyline points="975,285 980,285 980,290 980,290 975,290 975,285 970,285 965,285 960,285 955,285 950,285 945,285 940,285 935,285 935,290 930,290 930,295 925,295 920,295 920,300 915,300 915,305 910,305 910,310 905,310 900,310 895,310 895,315 890,315 885,315 880,315 875,315 870,315 865,315 860,315 855,315 850,315 845,315 840,315 835,315 830,315 825,315 820,315 815,315 810,315 805,315 800,315 795,315 790,315 790,310 785,310 785,305 780,305 775,305 775,300 770,300 765,300 760,300 755,300 750,300 745,300 740,300 735,300 730,300 730,295 725,295 720,295 715,295 710,295 705,295 700,295 695,295 690,295 685,295 680,295 680,290 675,290 670,290 670,285 665,285 660,285 655,285 650,285 645,285 640,285 635,285 630,285 625,285 620,285 615,285 610,285 605,285 600,285 595,285 590,285 585,285 585,290 580,290 580,295 575,295 570,295 565,295 560,295 560,290 555,290 550,290 545,290 540,290 540,295 535,295 530,295 525,295 525,300 520,300 515,300 510,300 505,300 500,300 500,305 495,305 490,305 490,310 485,310 485,315 480,315 475,315 470,315 465,315 460,315 455,315 455,320 450,320 450,325 445,325 440,325 435,325 430,325 425,325 420,325 415,325 415,320 410,320 405,320 400,320 400,325 395,325 390,325 385,325 380,325 380,330 375,330 370,330 365,330 360,330 355,330 350,330 345,330 340,330 340,335 335,335 335,340 330,340 325,340 320,340 315,340 310,340 305,340 300,340 295,340 290,340 285,340 285,335 280,335 275,335 270,335 265,335 260,335 255,335 250,335 250,340 250,345 250,350 250,355 245,355 240,355 235,355 235,360 230,360 225,360 220,360 215,360 210,360 205,360 200,360 195,360 190,360 185,360 180,360 175,360 170,360 165,360 165,355 160,355 155,355 155,350 150,350 150,345 150,340 150,335 155,335 155,330 155,325 155,320 " fill="none" stroke="black" stroke-width="1" />
<line x1="250" y1="355" x2="255" y2="355" fill="none" stroke="black" stroke-width="1" />
<polyline points="980,285 985,285 990,285 995,285 995,290 1000,290 1005,290 1010,290 1015,290 1015,285 1020,285 1020,280 1025,280 1030,280 1035,280 1040,280 1045,280 1050,280 1055,280 1060,280 1065,280 1065,275 1070,275 1070,270 1075,270 1080,270 1085,270 1090,270 1095,270 1100,270 1105,270 1110,270 1115,270 1120,270 1125,270 1130,270 1135,270 1135,265 1140,265 1145,265 1145,260 1150,260 1155,260 1160,260 1160,255 1160,250 1160,245 1165,245 1165,240 1165,235 1165,230 1165,230 1160,230 1160,225 1160,220 1160,215 1160,215 1155,215 1155,210 1150,210 1150,205 1150,200 1150,200 1145,200 1145,195 1145,190 1145,190 1140,190 1140,185 1135,185 1135,180 1130,180 1125,180 1125,175 1120,175 1115,175 1115,170 1110,170 1105,170 1100,170 1095,170 1090,170 1085,170 1085,165 1080,165 1075,165 1075,160 1070,160 1065,160 1060,160 1055,160 1055,155 1050,155 1045,155 1045,150 1045,145 1050,145 1050,140 1055,140 1055,135 1055,130 1055,130 1050,130 1050,125 1045,125 1045,120 1045,115 1045,115 1040,115 1035,115 1030,115 1025,115 1020,115 1015,115 1010,115 1005,115 1000,115 995,115 995,110 990,110 985,110 980,110 975,110 970,110 965,110 960,110 955,110 950,110 945,110 940,110 935,110 930,110 930,115 925,115 920,115 920,110 920,105 " fill="none" stroke="black" stroke-width="1" />
<line x1="1055" y1="135" x2="1060" y2="135" fill="none" stroke="black" stroke-width="1" />
<polyline points="1055,140 1060,140 1060,135 1065,135 " fill="none" stroke="black" stroke-width="1" />
</svg>
