<?xml version="1.0" encoding="UTF-8"?>
<!DOCTYPE svg PUBLIC "-//W3C//DTD SVG 1.1//EN"
          "http://www.w3.org/Graphics/SVG/1.1/DTD/svg11.dtd">
<svg xmlns="http://www.w3.org/2000/svg" version="1.1"
     width="972" height="388">
<rect x="0" y="0" width="972" height="388" fill="white" stroke="white" stroke-width="0"/>
<text x="456" y="384" fill="black" font-size="9px">11.63m</text>
<text x="0" y="0" fill="black" font-size="9px" transform="translate(962,176) rotate(90)">3.58m</text>
<text x="152" y="31" fill="black">A</text>
<text x="465" y="38" fill="black">B</text>
<text x="777" y="105" fill="black">C</text>
<polyline points="48,62 52,62 52,58 " fill="none" stroke="black" stroke-width="1" />
<polyline points="12,166 12,162 12,158 12,158 8,158 8,154 4,154 4,150 4,146 4,142 4,138 4,134 8,134 12,134 12,130 12,126 12,122 12,118 16,118 20,118 24,118 24,114 28,114 28,110 28,106 28,106 24,106 24,102 24,98 24,98 20,98 20,94 16,94 16,90 16,86 20,86 20,82 24,82 24,78 24,74 28,74 32,74 32,70 36,70 36,66 40,66 40,62 44,62 48,62 48,58 52,58 " fill="none" stroke="black" stroke-width="1" />
<polyline points="52,62 56,62 60,62 64,62 68,62 68,58 72,58 76,58 80,58 84,58 88,58 92,58 96,58 100,58 104,58 108,58 108,54 112,54 116,54 120,54 120,50 124,50 128,50 128,46 132,46 136,46 140,46 144,46 144,50 148,50 152,50 152,54 156,54 156,58 160,58 160,62 164,62 164,66 168,66 168,70 172,70 " fill="none" stroke="black" stroke-width="1" />
<polyline points="12,162 16,162 20,162 20,166 " fill="none" stroke="black" stroke-width="1" />
<polyline points="20,162 20,158 24,158 28,158 28,162 32,162 32,166 " fill="none" stroke="black" stroke-width="1" />
<line x1="156" y1="350" x2="156" y2="32" fill="none" stroke="black"  stroke-dasharray="1 1" stroke-width="1" />
<line x1="68" y1="222" x2="65" y2="215" fill="none" stroke="black" stroke-width="1" />
<line x1="66" y1="218" x2="70" y2="216" fill="none" stroke="black" stroke-width="1" />
<line x1="62" y1="211" x2="59" y2="207" fill="none" stroke="black" stroke-width="1" />
<line x1="60" y1="209" x2="64" y2="206" fill="none" stroke="black" stroke-width="1" />
<line x1="56" y1="203" x2="53" y2="199" fill="none" stroke="black" stroke-width="1" />
<line x1="54" y1="201" x2="58" y2="198" fill="none" stroke="black" stroke-width="1" />
<line x1="50" y1="195" x2="48" y2="192" fill="none" stroke="black" stroke-width="1" />
<line x1="49" y1="193" x2="53" y2="191" fill="none" stroke="black" stroke-width="1" />
<line x1="45" y1="189" x2="42" y2="185" fill="none" stroke="black" stroke-width="1" />
<line x1="43" y1="187" x2="47" y2="184" fill="none" stroke="black" stroke-width="1" />
<line x1="40" y1="181" x2="38" y2="177" fill="none" stroke="black" stroke-width="1" />
<line x1="39" y1="179" x2="43" y2="177" fill="none" stroke="black" stroke-width="1" />
<line x1="36" y1="173" x2="34" y2="169" fill="none" stroke="black" stroke-width="1" />
<line x1="35" y1="171" x2="39" y2="169" fill="none" stroke="black" stroke-width="1" />
<polyline points="188,82 188,86 184,86 180,86 176,86 176,82 172,82 172,78 172,74 172,70 176,70 180,74 184,78 188,82 192,82 196,82 200,82 200,78 204,78 204,74 208,74 212,74 212,70 216,70 " fill="none" stroke="black" stroke-width="1" />
<polyline points="212,74 216,74 216,70 " fill="none" stroke="black" stroke-width="1" />
<line x1="64" y1="222" x2="68" y2="222" fill="none" stroke="black" stroke-width="1" />
<polyline points="216,74 220,74 224,74 228,74 232,74 236,74 240,74 244,74 244,70 248,70 252,70 252,66 256,66 256,62 260,62 260,58 264,58 264,54 268,54 " fill="none" stroke="black" stroke-width="1" />
<polyline points="60,246 64,246 68,246 68,242 72,242 72,238 72,234 72,230 72,230 68,230 68,226 68,222 " fill="none" stroke="black" stroke-width="1" />
<polyline points="60,274 64,270 64,266 64,262 64,262 60,262 56,262 56,258 56,254 60,254 60,250 60,246 60,242 " fill="none" stroke="black" stroke-width="1" />
<polyline points="264,58 268,58 268,54 " fill="none" stroke="black" stroke-width="1" />
<polyline points="268,58 272,58 276,58 280,58 284,58 288,58 292,58 296,58 296,54 300,54 " fill="none" stroke="black" stroke-width="1" />
<line x1="64" y1="270" x2="68" y2="270" fill="none" stroke="black" stroke-width="1" />
<polyline points="56,278 60,278 60,282 64,282 64,278 68,278 " fill="none" stroke="black" stroke-width="1" />
<polyline points="64,282 68,282 68,278 68,274 68,270 " fill="none" stroke="black" stroke-width="1" />
<polyline points="56,282 60,282 60,286 60,286 56,286 56,282 56,278 56,274 60,274 60,278 64,278 " fill="none" stroke="black" stroke-width="1" />
<polyline points="52,286 56,286 56,290 " fill="none" stroke="black" stroke-width="1" />
<polyline points="68,282 72,282 76,282 80,282 84,282 84,286 88,286 88,282 92,282 96,282 100,282 104,282 108,282 108,286 112,286 112,290 116,290 116,294 120,294 120,298 124,298 " fill="none" stroke="black" stroke-width="1" />
<polyline points="296,58 300,58 300,54 " fill="none" stroke="black" stroke-width="1" />
<polyline points="300,58 304,58 308,58 312,58 312,62 316,62 320,62 324,62 328,62 332,62 332,66 336,66 340,66 340,70 344,70 348,70 348,74 352,74 356,74 356,70 360,70 364,70 364,66 368,66 372,66 376,66 376,62 376,58 376,54 380,54 380,50 384,50 388,50 392,50 396,50 396,54 400,54 404,54 408,54 408,58 412,58 416,58 420,58 424,58 428,58 432,58 436,58 440,58 444,58 448,58 448,62 452,62 456,62 460,62 464,62 468,62 472,62 476,62 480,62 484,62 488,62 492,62 496,62 500,62 504,62 504,66 508,66 512,66 516,66 520,66 520,70 524,70 528,70 532,70 536,70 536,74 540,74 544,74 544,78 548,78 548,82 552,82 552,86 556,86 560,86 560,90 564,90 568,90 568,94 572,94 576,94 576,98 580,98 584,98 584,102 588,102 592,102 592,106 596,106 600,106 604,106 608,106 612,106 612,110 616,110 620,110 624,110 628,110 632,110 636,110 640,110 644,110 644,114 648,114 652,114 656,114 660,114 664,114 668,114 672,114 672,110 676,110 680,110 684,110 688,110 692,110 696,110 696,114 700,114 700,118 704,118 708,118 712,118 716,118 716,122 720,122 724,122 728,122 728,126 732,126 736,126 " fill="none" stroke="black" stroke-width="1" />
<line x1="84" y1="282" x2="88" y2="282" fill="none" stroke="black" stroke-width="1" />
<line x1="4" y1="370" x2="938" y2="370" fill="none" stroke="black" stroke-width="1" />
<line x1="4" y1="367" x2="4" y2="373" fill="none" stroke="black" stroke-width="1" />
<line x1="938" y1="367" x2="938" y2="373" fill="none" stroke="black" stroke-width="1" />
<polyline points="780,270 784,270 784,274 784,274 780,274 780,270 776,270 772,270 768,270 764,270 760,270 756,270 752,270 748,270 748,274 744,274 744,278 740,278 736,278 736,282 732,282 732,286 728,286 728,290 724,290 720,290 716,290 716,294 712,294 708,294 704,294 700,294 696,294 692,294 688,294 684,294 680,294 676,294 672,294 668,294 664,294 660,294 656,294 652,294 648,294 644,294 640,294 636,294 632,294 632,290 628,290 628,286 624,286 620,286 620,282 616,282 612,282 608,282 604,282 600,282 596,282 592,282 588,282 584,282 584,278 580,278 576,278 572,278 568,278 564,278 560,278 556,278 552,278 548,278 544,278 544,274 540,274 536,274 536,270 532,270 528,270 524,270 520,270 516,270 512,270 508,270 504,270 500,270 496,270 492,270 488,270 484,270 480,270 476,270 472,270 468,270 468,274 464,274 464,278 460,278 456,278 452,278 448,278 448,274 444,274 440,274 436,274 432,274 432,278 428,278 424,278 420,278 420,282 416,282 412,282 408,282 404,282 400,282 400,286 396,286 392,286 392,290 388,290 388,294 384,294 380,294 376,294 372,294 368,294 364,294 364,298 360,298 360,302 356,302 352,302 348,302 344,302 340,302 336,302 332,302 332,298 328,298 324,298 320,298 320,302 316,302 312,302 308,302 304,302 304,306 300,306 296,306 292,306 288,306 284,306 280,306 276,306 272,306 272,310 268,310 268,314 264,314 260,314 256,314 252,314 248,314 244,314 240,314 236,314 232,314 228,314 228,310 224,310 220,310 216,310 212,310 208,310 204,310 200,310 200,314 200,318 200,322 200,326 196,326 192,326 188,326 188,330 184,330 180,330 176,330 172,330 168,330 164,330 160,330 156,330 152,330 148,330 144,330 140,330 136,330 132,330 132,326 128,326 124,326 124,322 120,322 120,318 120,314 120,310 124,310 124,306 124,302 124,298 " fill="none" stroke="black" stroke-width="1" />
<line x1="469" y1="291" x2="469" y2="39" fill="none" stroke="black"  stroke-dasharray="1 1" stroke-width="1" />
<line x1="200" y1="326" x2="204" y2="326" fill="none" stroke="black" stroke-width="1" />
<polyline points="784,270 788,270 792,270 796,270 796,274 800,274 804,274 808,274 812,274 812,270 816,270 816,266 820,266 824,266 828,266 832,266 836,266 840,266 844,266 848,266 852,266 852,262 856,262 856,258 860,258 864,258 868,258 872,258 876,258 880,258 884,258 888,258 892,258 896,258 900,258 904,258 908,258 908,254 912,254 916,254 916,250 920,250 924,250 928,250 928,246 928,242 928,238 932,238 932,234 932,230 932,226 932,226 928,226 928,222 928,218 928,214 928,214 924,214 924,210 920,210 920,206 920,202 920,202 916,202 916,198 916,194 916,194 912,194 912,190 908,190 908,186 904,186 900,186 900,182 896,182 892,182 892,178 888,178 884,178 880,178 876,178 872,178 868,178 868,174 864,174 860,174 860,170 856,170 852,170 848,170 844,170 844,166 840,166 836,166 836,162 836,158 840,158 840,154 844,154 844,150 844,146 844,146 840,146 840,142 836,142 836,138 836,134 836,134 832,134 828,134 824,134 820,134 816,134 812,134 808,134 804,134 800,134 796,134 796,130 792,130 788,130 784,130 780,130 776,130 772,130 768,130 764,130 760,130 756,130 752,130 748,130 744,130 744,134 740,134 736,134 736,130 736,126 " fill="none" stroke="black" stroke-width="1" />
<line x1="781" y1="293" x2="781" y2="106" fill="none" stroke="black"  stroke-dasharray="1 1" stroke-width="1" />
<line x1="844" y1="150" x2="848" y2="150" fill="none" stroke="black" stroke-width="1" />
<line x1="954" y1="334" x2="954" y2="43" fill="none" stroke="black" stroke-width="1" />
<line x1="951" y1="334" x2="957" y2="334" fill="none" stroke="black" stroke-width="1" />
<line x1="951" y1="43" x2="957" y2="43" fill="none" stroke="black" stroke-width="1" />
<polyline points="844,154 848,154 848,150 852,150 " fill="none" stroke="black" stroke-width="1" />
</svg>
