<?xml version="1.0" encoding="UTF-8"?>
<!DOCTYPE svg PUBLIC "-//W3C//DTD SVG 1.1//EN" "http://www.w3.org/Graphics/SVG/1.1/DTD/svg11.dtd">
<svg xmlns="http://www.w3.org/2000/svg" version="1.1" width="9" height="33">
<rect x="0" y="0" width="9" height="33" fill="white" stroke="white" stroke-width="0"/>
<rect x="2" y="25" width="1" height="1" fill="black" stroke-width="0" stroke="black" />
<rect x="2" y="24" width="1" height="1" fill="black" stroke-width="0" stroke="black" />
<rect x="2" y="23" width="1" height="1" fill="black" stroke-width="0" stroke="black" />
<rect x="2" y="22" width="1" height="1" fill="black" stroke-width="0" stroke="black" />
<rect x="2" y="21" width="1" height="1" fill="black" stroke-width="0" stroke="black" />
<rect x="3" y="25" width="1" height="1" fill="black" stroke-width="0" stroke="black" />
<rect x="3" y="24" width="1" height="1" fill="black" stroke-width="0" stroke="black" />
<rect x="3" y="23" width="1" height="1" fill="black" stroke-width="0" stroke="black" />
<rect x="3" y="22" width="1" height="1" fill="black" stroke-width="0" stroke="black" />
<rect x="3" y="21" width="1" height="1" fill="black" stroke-width="0" stroke="black" />
<rect x="4" y="25" width="1" height="1" fill="black" stroke-width="0" stroke="black" />
<rect x="4" y="24" width="1" height="1" fill="black" stroke-width="0" stroke="black" />
<rect x="4" y="23" width="1" height="1" fill="black" stroke-width="0" stroke="black" />
<rect x="4" y="22" width="1" height="1" fill="black" stroke-width="0" stroke="black" />
<rect x="4" y="21" width="1" height="1" fill="black" stroke-width="0" stroke="black" />
<rect x="5" y="25" width="1" height="1" fill="black" stroke-width="0" stroke="black" />
<rect x="5" y="24" width="1" height="1" fill="black" stroke-width="0" stroke="black" />
<rect x="5" y="23" width="1" height="1" fill="black" stroke-width="0" stroke="black" />
<rect x="5" y="22" width="1" height="1" fill="black" stroke-width="0" stroke="black" />
<rect x="5" y="21" width="1" height="1" fill="black" stroke-width="0" stroke="black" />
<rect x="6" y="25" width="1" height="1" fill="black" stroke-width="0" stroke="black" />
<rect x="6" y="24" width="1" height="1" fill="black" stroke-width="0" stroke="black" />
<rect x="6" y="23" width="1" height="1" fill="black" stroke-width="0" stroke="black" />
<rect x="6" y="22" width="1" height="1" fill="black" stroke-width="0" stroke="black" />
<rect x="6" y="21" width="1" height="1" fill="black" stroke-width="0" stroke="black" />
<text x="0" y="14" fill="black">A</text>
<line x1="4" y1="30" x2="4" y2="16" fill="none" stroke="black"  stroke-dasharray="1 1" stroke-width="1" />
</svg>
