<?xml version="1.0" encoding="UTF-8"?>
<!DOCTYPE svg PUBLIC "-//W3C//DTD SVG 1.1//EN"
          "http://www.w3.org/Graphics/SVG/1.1/DTD/svg11.dtd">
<svg xmlns="http://www.w3.org/2000/svg" version="1.1"
     width="85" height="23">
<rect x="0" y="0" width="85" height="23" fill="white" stroke="white" stroke-width="0"/>
<text x="2" y="14" fill="black">Cross-section A</text>
<rect x="2" y="20" width="1" height="1" fill="black" stroke-width="0" stroke="black" />
<rect x="2" y="19" width="1" height="1" fill="black" stroke-width="0" stroke="black" />
<rect x="2" y="18" width="1" height="1" fill="black" stroke-width="0" stroke="black" />
<rect x="2" y="17" width="1" height="1" fill="black" stroke-width="0" stroke="black" />
<rect x="2" y="16" width="1" height="1" fill="black" stroke-width="0" stroke="black" />
<rect x="3" y="20" width="1" height="1" fill="black" stroke-width="0" stroke="black" />
<rect x="3" y="17" width="1" height="1" fill="black" stroke-width="0" stroke="black" />
<rect x="3" y="16" width="1" height="1" fill="black" stroke-width="0" stroke="black" />
<rect x="4" y="20" width="1" height="1" fill="black" stroke-width="0" stroke="black" />
<rect x="4" y="17" width="1" height="1" fill="black" stroke-width="0" stroke="black" />
<rect x="4" y="16" width="1" height="1" fill="black" stroke-width="0" stroke="black" />
<rect x="5" y="20" width="1" height="1" fill="black" stroke-width="0" stroke="black" />
<rect x="5" y="19" width="1" height="1" fill="black" stroke-width="0" stroke="black" />
<rect x="5" y="18" width="1" height="1" fill="black" stroke-width="0" stroke="black" />
<rect x="5" y="17" width="1" height="1" fill="black" stroke-width="0" stroke="black" />
<rect x="5" y="16" width="1" height="1" fill="black" stroke-width="0" stroke="black" />
<rect x="6" y="20" width="1" height="1" fill="black" stroke-width="0" stroke="black" />
<rect x="6" y="19" width="1" height="1" fill="black" stroke-width="0" stroke="black" />
<rect x="6" y="18" width="1" height="1" fill="black" stroke-width="0" stroke="black" />
<rect x="6" y="17" width="1" height="1" fill="black" stroke-width="0" stroke="black" />
<rect x="6" y="16" width="1" height="1" fill="black" stroke-width="0" stroke="black" />
</svg>
