<?xml version="1.0" encoding="UTF-8"?>
<!DOCTYPE svg PUBLIC "-//W3C//DTD SVG 1.1//EN"
          "http://www.w3.org/Graphics/SVG/1.1/DTD/svg11.dtd">
<svg xmlns="http://www.w3.org/2000/svg" version="1.1"
     width="7" height="7">
<rect x="0" y="0" width="7" height="7" fill="white" stroke="white" stroke-width="0"/>
<rect x="1" y="5" width="1" height="1" fill="black" stroke-width="0" stroke="black" />
<rect x="1" y="4" width="1" height="1" fill="black" stroke-width="0" stroke="black" />
<rect x="1" y="3" width="1" height="1" fill="black" stroke-width="0" stroke="black" />
<rect x="1" y="2" width="1" height="1" fill="black" stroke-width="0" stroke="black" />
<rect x="1" y="1" width="1" height="1" fill="black" stroke-width="0" stroke="black" />
<rect x="2" y="5" width="1" height="1" fill="black" stroke-width="0" stroke="black" />
<rect x="2" y="4" width="1" height="1" fill="black" stroke-width="0" stroke="black" />
<rect x="2" y="3" width="1" height="1" fill="black" stroke-width="0" stroke="black" />
<rect x="2" y="2" width="1" height="1" fill="black" stroke-width="0" stroke="black" />
<rect x="2" y="1" width="1" height="1" fill="black" stroke-width="0" stroke="black" />
<rect x="3" y="5" width="1" height="1" fill="black" stroke-width="0" stroke="black" />
<rect x="3" y="4" width="1" height="1" fill="black" stroke-width="0" stroke="black" />
<rect x="3" y="3" width="1" height="1" fill="black" stroke-width="0" stroke="black" />
<rect x="3" y="2" width="1" height="1" fill="black" stroke-width="0" stroke="black" />
<rect x="3" y="1" width="1" height="1" fill="black" stroke-width="0" stroke="black" />
<rect x="4" y="5" width="1" height="1" fill="black" stroke-width="0" stroke="black" />
<rect x="4" y="4" width="1" height="1" fill="black" stroke-width="0" stroke="black" />
<rect x="4" y="3" width="1" height="1" fill="black" stroke-width="0" stroke="black" />
<rect x="4" y="2" width="1" height="1" fill="black" stroke-width="0" stroke="black" />
<rect x="4" y="1" width="1" height="1" fill="black" stroke-width="0" stroke="black" />
<rect x="5" y="5" width="1" height="1" fill="black" stroke-width="0" stroke="black" />
<rect x="5" y="4" width="1" height="1" fill="black" stroke-width="0" stroke="black" />
<rect x="5" y="3" width="1" height="1" fill="black" stroke-width="0" stroke="black" />
<rect x="5" y="2" width="1" height="1" fill="black" stroke-width="0" stroke="black" />
<rect x="5" y="1" width="1" height="1" fill="black" stroke-width="0" stroke="black" />
</svg>
