<?xml version="1.0" encoding="UTF-8"?>
<!DOCTYPE svg PUBLIC "-//W3C//DTD SVG 1.1//EN" "http://www.w3.org/Graphics/SVG/1.1/DTD/svg11.dtd">
<svg xmlns="http://www.w3.org/2000/svg" version="1.1" width="440" height="480">
<rect x="0" y="0" width="440" height="480" fill="white" stroke="white" stroke-width="0"/>
<text x="20" y="48" fill="black">Cross-section A</text>
<rect x="20" y="450" width="10" height="10" fill="black" stroke-width="0" stroke="black" />
<rect x="20" y="440" width="10" height="10" fill="black" stroke-width="0" stroke="black" />
<rect x="20" y="430" width="10" height="10" fill="black" stroke-width="0" stroke="black" />
<rect x="20" y="420" width="10" height="10" fill="black" stroke-width="0" stroke="black" />
<rect x="20" y="410" width="10" height="10" fill="black" stroke-width="0" stroke="black" />
<rect x="20" y="400" width="10" height="10" fill="black" stroke-width="0" stroke="black" />
<rect x="20" y="390" width="10" height="10" fill="black" stroke-width="0" stroke="black" />
<rect x="20" y="380" width="10" height="10" fill="black" stroke-width="0" stroke="black" />
<rect x="20" y="370" width="10" height="10" fill="black" stroke-width="0" stroke="black" />
<rect x="20" y="360" width="10" height="10" fill="black" stroke-width="0" stroke="black" />
<rect x="20" y="350" width="10" height="10" fill="black" stroke-width="0" stroke="black" />
<rect x="20" y="340" width="10" height="10" fill="black" stroke-width="0" stroke="black" />
<rect x="20" y="330" width="10" height="10" fill="black" stroke-width="0" stroke="black" />
<rect x="20" y="320" width="10" height="10" fill="black" stroke-width="0" stroke="black" />
<rect x="20" y="310" width="10" height="10" fill="black" stroke-width="0" stroke="black" />
<rect x="20" y="300" width="10" height="10" fill="black" stroke-width="0" stroke="black" />
<rect x="20" y="290" width="10" height="10" fill="black" stroke-width="0" stroke="black" />
<rect x="20" y="280" width="10" height="10" fill="black" stroke-width="0" stroke="black" />
<rect x="20" y="270" width="10" height="10" fill="black" stroke-width="0" stroke="black" />
<rect x="20" y="260" width="10" height="10" fill="black" stroke-width="0" stroke="black" />
<rect x="20" y="250" width="10" height="10" fill="black" stroke-width="0" stroke="black" />
<rect x="20" y="240" width="10" height="10" fill="black" stroke-width="0" stroke="black" />
<rect x="20" y="230" width="10" height="10" fill="black" stroke-width="0" stroke="black" />
<rect x="20" y="220" width="10" height="10" fill="black" stroke-width="0" stroke="black" />
<rect x="20" y="210" width="10" height="10" fill="black" stroke-width="0" stroke="black" />
<rect x="20" y="200" width="10" height="10" fill="black" stroke-width="0" stroke="black" />
<rect x="20" y="190" width="10" height="10" fill="black" stroke-width="0" stroke="black" />
<rect x="20" y="180" width="10" height="10" fill="black" stroke-width="0" stroke="black" />
<rect x="20" y="170" width="10" height="10" fill="black" stroke-width="0" stroke="black" />
<rect x="20" y="160" width="10" height="10" fill="black" stroke-width="0" stroke="black" />
<rect x="20" y="150" width="10" height="10" fill="black" stroke-width="0" stroke="black" />
<rect x="20" y="140" width="10" height="10" fill="black" stroke-width="0" stroke="black" />
<rect x="20" y="130" width="10" height="10" fill="black" stroke-width="0" stroke="black" />
<rect x="20" y="120" width="10" height="10" fill="black" stroke-width="0" stroke="black" />
<rect x="20" y="110" width="10" height="10" fill="black" stroke-width="0" stroke="black" />
<rect x="20" y="100" width="10" height="10" fill="black" stroke-width="0" stroke="black" />
<rect x="20" y="90" width="10" height="10" fill="black" stroke-width="0" stroke="black" />
<rect x="20" y="80" width="10" height="10" fill="black" stroke-width="0" stroke="black" />
<rect x="20" y="70" width="10" height="10" fill="black" stroke-width="0" stroke="black" />
<rect x="20" y="60" width="10" height="10" fill="black" stroke-width="0" stroke="black" />
<rect x="30" y="450" width="10" height="10" fill="black" stroke-width="0" stroke="black" />
<rect x="30" y="60" width="10" height="10" fill="black" stroke-width="0" stroke="black" />
<rect x="40" y="450" width="10" height="10" fill="black" stroke-width="0" stroke="black" />
<rect x="40" y="60" width="10" height="10" fill="black" stroke-width="0" stroke="black" />
<rect x="50" y="450" width="10" height="10" fill="black" stroke-width="0" stroke="black" />
<rect x="50" y="60" width="10" height="10" fill="black" stroke-width="0" stroke="black" />
<rect x="60" y="450" width="10" height="10" fill="black" stroke-width="0" stroke="black" />
<rect x="60" y="60" width="10" height="10" fill="black" stroke-width="0" stroke="black" />
<rect x="70" y="450" width="10" height="10" fill="black" stroke-width="0" stroke="black" />
<rect x="70" y="60" width="10" height="10" fill="black" stroke-width="0" stroke="black" />
<rect x="80" y="450" width="10" height="10" fill="black" stroke-width="0" stroke="black" />
<rect x="80" y="60" width="10" height="10" fill="black" stroke-width="0" stroke="black" />
<rect x="90" y="450" width="10" height="10" fill="black" stroke-width="0" stroke="black" />
<rect x="90" y="60" width="10" height="10" fill="black" stroke-width="0" stroke="black" />
<rect x="100" y="450" width="10" height="10" fill="black" stroke-width="0" stroke="black" />
<rect x="100" y="60" width="10" height="10" fill="black" stroke-width="0" stroke="black" />
<rect x="110" y="450" width="10" height="10" fill="black" stroke-width="0" stroke="black" />
<rect x="110" y="60" width="10" height="10" fill="black" stroke-width="0" stroke="black" />
<rect x="120" y="450" width="10" height="10" fill="black" stroke-width="0" stroke="black" />
<rect x="120" y="60" width="10" height="10" fill="black" stroke-width="0" stroke="black" />
<rect x="130" y="450" width="10" height="10" fill="black" stroke-width="0" stroke="black" />
<rect x="130" y="60" width="10" height="10" fill="black" stroke-width="0" stroke="black" />
<rect x="140" y="450" width="10" height="10" fill="black" stroke-width="0" stroke="black" />
<rect x="140" y="60" width="10" height="10" fill="black" stroke-width="0" stroke="black" />
<rect x="150" y="450" width="10" height="10" fill="black" stroke-width="0" stroke="black" />
<rect x="150" y="60" width="10" height="10" fill="black" stroke-width="0" stroke="black" />
<rect x="160" y="450" width="10" height="10" fill="black" stroke-width="0" stroke="black" />
<rect x="160" y="60" width="10" height="10" fill="black" stroke-width="0" stroke="black" />
<rect x="170" y="450" width="10" height="10" fill="black" stroke-width="0" stroke="black" />
<rect x="170" y="60" width="10" height="10" fill="black" stroke-width="0" stroke="black" />
<rect x="180" y="450" width="10" height="10" fill="black" stroke-width="0" stroke="black" />
<rect x="180" y="60" width="10" height="10" fill="black" stroke-width="0" stroke="black" />
<rect x="190" y="450" width="10" height="10" fill="black" stroke-width="0" stroke="black" />
<rect x="190" y="60" width="10" height="10" fill="black" stroke-width="0" stroke="black" />
<rect x="200" y="450" width="10" height="10" fill="black" stroke-width="0" stroke="black" />
<rect x="200" y="60" width="10" height="10" fill="black" stroke-width="0" stroke="black" />
<rect x="210" y="450" width="10" height="10" fill="black" stroke-width="0" stroke="black" />
<rect x="210" y="60" width="10" height="10" fill="black" stroke-width="0" stroke="black" />
<rect x="220" y="450" width="10" height="10" fill="black" stroke-width="0" stroke="black" />
<rect x="220" y="60" width="10" height="10" fill="black" stroke-width="0" stroke="black" />
<rect x="230" y="450" width="10" height="10" fill="black" stroke-width="0" stroke="black" />
<rect x="230" y="60" width="10" height="10" fill="black" stroke-width="0" stroke="black" />
<rect x="240" y="450" width="10" height="10" fill="black" stroke-width="0" stroke="black" />
<rect x="240" y="60" width="10" height="10" fill="black" stroke-width="0" stroke="black" />
<rect x="250" y="450" width="10" height="10" fill="black" stroke-width="0" stroke="black" />
<rect x="250" y="60" width="10" height="10" fill="black" stroke-width="0" stroke="black" />
<rect x="260" y="450" width="10" height="10" fill="black" stroke-width="0" stroke="black" />
<rect x="260" y="60" width="10" height="10" fill="black" stroke-width="0" stroke="black" />
<rect x="270" y="450" width="10" height="10" fill="black" stroke-width="0" stroke="black" />
<rect x="270" y="60" width="10" height="10" fill="black" stroke-width="0" stroke="black" />
<rect x="280" y="450" width="10" height="10" fill="black" stroke-width="0" stroke="black" />
<rect x="280" y="60" width="10" height="10" fill="black" stroke-width="0" stroke="black" />
<rect x="290" y="450" width="10" height="10" fill="black" stroke-width="0" stroke="black" />
<rect x="290" y="60" width="10" height="10" fill="black" stroke-width="0" stroke="black" />
<rect x="300" y="450" width="10" height="10" fill="black" stroke-width="0" stroke="black" />
<rect x="300" y="60" width="10" height="10" fill="black" stroke-width="0" stroke="black" />
<rect x="310" y="450" width="10" height="10" fill="black" stroke-width="0" stroke="black" />
<rect x="310" y="60" width="10" height="10" fill="black" stroke-width="0" stroke="black" />
<rect x="320" y="450" width="10" height="10" fill="black" stroke-width="0" stroke="black" />
<rect x="320" y="60" width="10" height="10" fill="black" stroke-width="0" stroke="black" />
<rect x="330" y="450" width="10" height="10" fill="black" stroke-width="0" stroke="black" />
<rect x="330" y="60" width="10" height="10" fill="black" stroke-width="0" stroke="black" />
<rect x="340" y="450" width="10" height="10" fill="black" stroke-width="0" stroke="black" />
<rect x="340" y="60" width="10" height="10" fill="black" stroke-width="0" stroke="black" />
<rect x="350" y="450" width="10" height="10" fill="black" stroke-width="0" stroke="black" />
<rect x="350" y="60" width="10" height="10" fill="black" stroke-width="0" stroke="black" />
<rect x="360" y="450" width="10" height="10" fill="black" stroke-width="0" stroke="black" />
<rect x="360" y="60" width="10" height="10" fill="black" stroke-width="0" stroke="black" />
<rect x="370" y="450" width="10" height="10" fill="black" stroke-width="0" stroke="black" />
<rect x="370" y="60" width="10" height="10" fill="black" stroke-width="0" stroke="black" />
<rect x="380" y="450" width="10" height="10" fill="black" stroke-width="0" stroke="black" />
<rect x="380" y="60" width="10" height="10" fill="black" stroke-width="0" stroke="black" />
<rect x="390" y="450" width="10" height="10" fill="black" stroke-width="0" stroke="black" />
<rect x="390" y="60" width="10" height="10" fill="black" stroke-width="0" stroke="black" />
<rect x="400" y="450" width="10" height="10" fill="black" stroke-width="0" stroke="black" />
<rect x="400" y="60" width="10" height="10" fill="black" stroke-width="0" stroke="black" />
<rect x="410" y="450" width="10" height="10" fill="black" stroke-width="0" stroke="black" />
<rect x="410" y="440" width="10" height="10" fill="black" stroke-width="0" stroke="black" />
<rect x="410" y="430" width="10" height="10" fill="black" stroke-width="0" stroke="black" />
<rect x="410" y="420" width="10" height="10" fill="black" stroke-width="0" stroke="black" />
<rect x="410" y="410" width="10" height="10" fill="black" stroke-width="0" stroke="black" />
<rect x="410" y="400" width="10" height="10" fill="black" stroke-width="0" stroke="black" />
<rect x="410" y="390" width="10" height="10" fill="black" stroke-width="0" stroke="black" />
<rect x="410" y="380" width="10" height="10" fill="black" stroke-width="0" stroke="black" />
<rect x="410" y="370" width="10" height="10" fill="black" stroke-width="0" stroke="black" />
<rect x="410" y="360" width="10" height="10" fill="black" stroke-width="0" stroke="black" />
<rect x="410" y="350" width="10" height="10" fill="black" stroke-width="0" stroke="black" />
<rect x="410" y="340" width="10" height="10" fill="black" stroke-width="0" stroke="black" />
<rect x="410" y="330" width="10" height="10" fill="black" stroke-width="0" stroke="black" />
<rect x="410" y="320" width="10" height="10" fill="black" stroke-width="0" stroke="black" />
<rect x="410" y="310" width="10" height="10" fill="black" stroke-width="0" stroke="black" />
<rect x="410" y="300" width="10" height="10" fill="black" stroke-width="0" stroke="black" />
<rect x="410" y="290" width="10" height="10" fill="black" stroke-width="0" stroke="black" />
<rect x="410" y="280" width="10" height="10" fill="black" stroke-width="0" stroke="black" />
<rect x="410" y="270" width="10" height="10" fill="black" stroke-width="0" stroke="black" />
<rect x="410" y="260" width="10" height="10" fill="black" stroke-width="0" stroke="black" />
<rect x="410" y="250" width="10" height="10" fill="black" stroke-width="0" stroke="black" />
<rect x="410" y="240" width="10" height="10" fill="black" stroke-width="0" stroke="black" />
<rect x="410" y="230" width="10" height="10" fill="black" stroke-width="0" stroke="black" />
<rect x="410" y="220" width="10" height="10" fill="black" stroke-width="0" stroke="black" />
<rect x="410" y="210" width="10" height="10" fill="black" stroke-width="0" stroke="black" />
<rect x="410" y="200" width="10" height="10" fill="black" stroke-width="0" stroke="black" />
<rect x="410" y="190" width="10" height="10" fill="black" stroke-width="0" stroke="black" />
<rect x="410" y="180" width="10" height="10" fill="black" stroke-width="0" stroke="black" />
<rect x="410" y="170" width="10" height="10" fill="black" stroke-width="0" stroke="black" />
<rect x="410" y="160" width="10" height="10" fill="black" stroke-width="0" stroke="black" />
<rect x="410" y="150" width="10" height="10" fill="black" stroke-width="0" stroke="black" />
<rect x="410" y="140" width="10" height="10" fill="black" stroke-width="0" stroke="black" />
<rect x="410" y="130" width="10" height="10" fill="black" stroke-width="0" stroke="black" />
<rect x="410" y="120" width="10" height="10" fill="black" stroke-width="0" stroke="black" />
<rect x="410" y="110" width="10" height="10" fill="black" stroke-width="0" stroke="black" />
<rect x="410" y="100" width="10" height="10" fill="black" stroke-width="0" stroke="black" />
<rect x="410" y="90" width="10" height="10" fill="black" stroke-width="0" stroke="black" />
<rect x="410" y="80" width="10" height="10" fill="black" stroke-width="0" stroke="black" />
<rect x="410" y="70" width="10" height="10" fill="black" stroke-width="0" stroke="black" />
<rect x="410" y="60" width="10" height="10" fill="black" stroke-width="0" stroke="black" />
</svg>
