<?xml version="1.0" encoding="UTF-8"?>
<!DOCTYPE svg PUBLIC "-//W3C//DTD SVG 1.1//EN"
          "http://www.w3.org/Graphics/SVG/1.1/DTD/svg11.dtd">
<svg xmlns="http://www.w3.org/2000/svg" version="1.1"
     width="85" height="58">
<rect x="0" y="0" width="85" height="58" fill="white" stroke="white" stroke-width="0"/>
<text x="2" y="13" fill="black">Cross-section A</text>
<rect x="2" y="55" width="1" height="1" fill="black" stroke-width="0" stroke="black" />
<rect x="2" y="54" width="1" height="1" fill="black" stroke-width="0" stroke="black" />
<rect x="2" y="53" width="1" height="1" fill="black" stroke-width="0" stroke="black" />
<rect x="2" y="52" width="1" height="1" fill="black" stroke-width="0" stroke="black" />
<rect x="2" y="51" width="1" height="1" fill="black" stroke-width="0" stroke="black" />
<rect x="2" y="50" width="1" height="1" fill="black" stroke-width="0" stroke="black" />
<rect x="2" y="49" width="1" height="1" fill="black" stroke-width="0" stroke="black" />
<rect x="2" y="48" width="1" height="1" fill="black" stroke-width="0" stroke="black" />
<rect x="2" y="47" width="1" height="1" fill="black" stroke-width="0" stroke="black" />
<rect x="2" y="46" width="1" height="1" fill="black" stroke-width="0" stroke="black" />
<rect x="2" y="45" width="1" height="1" fill="black" stroke-width="0" stroke="black" />
<rect x="2" y="44" width="1" height="1" fill="black" stroke-width="0" stroke="black" />
<rect x="2" y="43" width="1" height="1" fill="black" stroke-width="0" stroke="black" />
<rect x="2" y="42" width="1" height="1" fill="black" stroke-width="0" stroke="black" />
<rect x="2" y="41" width="1" height="1" fill="black" stroke-width="0" stroke="black" />
<rect x="2" y="40" width="1" height="1" fill="black" stroke-width="0" stroke="black" />
<rect x="2" y="39" width="1" height="1" fill="black" stroke-width="0" stroke="black" />
<rect x="2" y="38" width="1" height="1" fill="black" stroke-width="0" stroke="black" />
<rect x="2" y="37" width="1" height="1" fill="black" stroke-width="0" stroke="black" />
<rect x="2" y="36" width="1" height="1" fill="black" stroke-width="0" stroke="black" />
<rect x="2" y="35" width="1" height="1" fill="black" stroke-width="0" stroke="black" />
<rect x="2" y="34" width="1" height="1" fill="black" stroke-width="0" stroke="black" />
<rect x="2" y="33" width="1" height="1" fill="black" stroke-width="0" stroke="black" />
<rect x="2" y="32" width="1" height="1" fill="black" stroke-width="0" stroke="black" />
<rect x="2" y="31" width="1" height="1" fill="black" stroke-width="0" stroke="black" />
<rect x="2" y="30" width="1" height="1" fill="black" stroke-width="0" stroke="black" />
<rect x="2" y="29" width="1" height="1" fill="black" stroke-width="0" stroke="black" />
<rect x="2" y="28" width="1" height="1" fill="black" stroke-width="0" stroke="black" />
<rect x="2" y="27" width="1" height="1" fill="black" stroke-width="0" stroke="black" />
<rect x="2" y="26" width="1" height="1" fill="black" stroke-width="0" stroke="black" />
<rect x="2" y="25" width="1" height="1" fill="black" stroke-width="0" stroke="black" />
<rect x="2" y="24" width="1" height="1" fill="black" stroke-width="0" stroke="black" />
<rect x="2" y="23" width="1" height="1" fill="black" stroke-width="0" stroke="black" />
<rect x="2" y="22" width="1" height="1" fill="black" stroke-width="0" stroke="black" />
<rect x="2" y="21" width="1" height="1" fill="black" stroke-width="0" stroke="black" />
<rect x="2" y="20" width="1" height="1" fill="black" stroke-width="0" stroke="black" />
<rect x="2" y="19" width="1" height="1" fill="black" stroke-width="0" stroke="black" />
<rect x="2" y="18" width="1" height="1" fill="black" stroke-width="0" stroke="black" />
<rect x="2" y="17" width="1" height="1" fill="black" stroke-width="0" stroke="black" />
<rect x="2" y="16" width="1" height="1" fill="black" stroke-width="0" stroke="black" />
<rect x="3" y="55" width="1" height="1" fill="black" stroke-width="0" stroke="black" />
<rect x="3" y="16" width="1" height="1" fill="black" stroke-width="0" stroke="black" />
<rect x="4" y="55" width="1" height="1" fill="black" stroke-width="0" stroke="black" />
<rect x="4" y="16" width="1" height="1" fill="black" stroke-width="0" stroke="black" />
<rect x="5" y="55" width="1" height="1" fill="black" stroke-width="0" stroke="black" />
<rect x="5" y="16" width="1" height="1" fill="black" stroke-width="0" stroke="black" />
<rect x="6" y="55" width="1" height="1" fill="black" stroke-width="0" stroke="black" />
<rect x="6" y="16" width="1" height="1" fill="black" stroke-width="0" stroke="black" />
<rect x="7" y="55" width="1" height="1" fill="black" stroke-width="0" stroke="black" />
<rect x="7" y="16" width="1" height="1" fill="black" stroke-width="0" stroke="black" />
<rect x="8" y="55" width="1" height="1" fill="black" stroke-width="0" stroke="black" />
<rect x="8" y="16" width="1" height="1" fill="black" stroke-width="0" stroke="black" />
<rect x="9" y="55" width="1" height="1" fill="black" stroke-width="0" stroke="black" />
<rect x="9" y="16" width="1" height="1" fill="black" stroke-width="0" stroke="black" />
<rect x="10" y="55" width="1" height="1" fill="black" stroke-width="0" stroke="black" />
<rect x="10" y="16" width="1" height="1" fill="black" stroke-width="0" stroke="black" />
<rect x="11" y="55" width="1" height="1" fill="black" stroke-width="0" stroke="black" />
<rect x="11" y="16" width="1" height="1" fill="black" stroke-width="0" stroke="black" />
<rect x="12" y="55" width="1" height="1" fill="black" stroke-width="0" stroke="black" />
<rect x="12" y="16" width="1" height="1" fill="black" stroke-width="0" stroke="black" />
<rect x="13" y="55" width="1" height="1" fill="black" stroke-width="0" stroke="black" />
<rect x="13" y="16" width="1" height="1" fill="black" stroke-width="0" stroke="black" />
<rect x="14" y="55" width="1" height="1" fill="black" stroke-width="0" stroke="black" />
<rect x="14" y="16" width="1" height="1" fill="black" stroke-width="0" stroke="black" />
<rect x="15" y="55" width="1" height="1" fill="black" stroke-width="0" stroke="black" />
<rect x="15" y="16" width="1" height="1" fill="black" stroke-width="0" stroke="black" />
<rect x="16" y="55" width="1" height="1" fill="black" stroke-width="0" stroke="black" />
<rect x="16" y="16" width="1" height="1" fill="black" stroke-width="0" stroke="black" />
<rect x="17" y="55" width="1" height="1" fill="black" stroke-width="0" stroke="black" />
<rect x="17" y="16" width="1" height="1" fill="black" stroke-width="0" stroke="black" />
<rect x="18" y="55" width="1" height="1" fill="black" stroke-width="0" stroke="black" />
<rect x="18" y="16" width="1" height="1" fill="black" stroke-width="0" stroke="black" />
<rect x="19" y="55" width="1" height="1" fill="black" stroke-width="0" stroke="black" />
<rect x="19" y="16" width="1" height="1" fill="black" stroke-width="0" stroke="black" />
<rect x="20" y="55" width="1" height="1" fill="black" stroke-width="0" stroke="black" />
<rect x="20" y="16" width="1" height="1" fill="black" stroke-width="0" stroke="black" />
<rect x="21" y="55" width="1" height="1" fill="black" stroke-width="0" stroke="black" />
<rect x="21" y="16" width="1" height="1" fill="black" stroke-width="0" stroke="black" />
<rect x="22" y="55" width="1" height="1" fill="black" stroke-width="0" stroke="black" />
<rect x="22" y="16" width="1" height="1" fill="black" stroke-width="0" stroke="black" />
<rect x="23" y="55" width="1" height="1" fill="black" stroke-width="0" stroke="black" />
<rect x="23" y="16" width="1" height="1" fill="black" stroke-width="0" stroke="black" />
<rect x="24" y="55" width="1" height="1" fill="black" stroke-width="0" stroke="black" />
<rect x="24" y="16" width="1" height="1" fill="black" stroke-width="0" stroke="black" />
<rect x="25" y="55" width="1" height="1" fill="black" stroke-width="0" stroke="black" />
<rect x="25" y="16" width="1" height="1" fill="black" stroke-width="0" stroke="black" />
<rect x="26" y="55" width="1" height="1" fill="black" stroke-width="0" stroke="black" />
<rect x="26" y="16" width="1" height="1" fill="black" stroke-width="0" stroke="black" />
<rect x="27" y="55" width="1" height="1" fill="black" stroke-width="0" stroke="black" />
<rect x="27" y="16" width="1" height="1" fill="black" stroke-width="0" stroke="black" />
<rect x="28" y="55" width="1" height="1" fill="black" stroke-width="0" stroke="black" />
<rect x="28" y="16" width="1" height="1" fill="black" stroke-width="0" stroke="black" />
<rect x="29" y="55" width="1" height="1" fill="black" stroke-width="0" stroke="black" />
<rect x="29" y="16" width="1" height="1" fill="black" stroke-width="0" stroke="black" />
<rect x="30" y="55" width="1" height="1" fill="black" stroke-width="0" stroke="black" />
<rect x="30" y="16" width="1" height="1" fill="black" stroke-width="0" stroke="black" />
<rect x="31" y="55" width="1" height="1" fill="black" stroke-width="0" stroke="black" />
<rect x="31" y="16" width="1" height="1" fill="black" stroke-width="0" stroke="black" />
<rect x="32" y="55" width="1" height="1" fill="black" stroke-width="0" stroke="black" />
<rect x="32" y="16" width="1" height="1" fill="black" stroke-width="0" stroke="black" />
<rect x="33" y="55" width="1" height="1" fill="black" stroke-width="0" stroke="black" />
<rect x="33" y="16" width="1" height="1" fill="black" stroke-width="0" stroke="black" />
<rect x="34" y="55" width="1" height="1" fill="black" stroke-width="0" stroke="black" />
<rect x="34" y="16" width="1" height="1" fill="black" stroke-width="0" stroke="black" />
<rect x="35" y="55" width="1" height="1" fill="black" stroke-width="0" stroke="black" />
<rect x="35" y="16" width="1" height="1" fill="black" stroke-width="0" stroke="black" />
<rect x="36" y="55" width="1" height="1" fill="black" stroke-width="0" stroke="black" />
<rect x="36" y="16" width="1" height="1" fill="black" stroke-width="0" stroke="black" />
<rect x="37" y="55" width="1" height="1" fill="black" stroke-width="0" stroke="black" />
<rect x="37" y="16" width="1" height="1" fill="black" stroke-width="0" stroke="black" />
<rect x="38" y="55" width="1" height="1" fill="black" stroke-width="0" stroke="black" />
<rect x="38" y="16" width="1" height="1" fill="black" stroke-width="0" stroke="black" />
<rect x="39" y="55" width="1" height="1" fill="black" stroke-width="0" stroke="black" />
<rect x="39" y="16" width="1" height="1" fill="black" stroke-width="0" stroke="black" />
<rect x="40" y="55" width="1" height="1" fill="black" stroke-width="0" stroke="black" />
<rect x="40" y="16" width="1" height="1" fill="black" stroke-width="0" stroke="black" />
<rect x="41" y="55" width="1" height="1" fill="black" stroke-width="0" stroke="black" />
<rect x="41" y="54" width="1" height="1" fill="black" stroke-width="0" stroke="black" />
<rect x="41" y="53" width="1" height="1" fill="black" stroke-width="0" stroke="black" />
<rect x="41" y="52" width="1" height="1" fill="black" stroke-width="0" stroke="black" />
<rect x="41" y="51" width="1" height="1" fill="black" stroke-width="0" stroke="black" />
<rect x="41" y="50" width="1" height="1" fill="black" stroke-width="0" stroke="black" />
<rect x="41" y="49" width="1" height="1" fill="black" stroke-width="0" stroke="black" />
<rect x="41" y="48" width="1" height="1" fill="black" stroke-width="0" stroke="black" />
<rect x="41" y="47" width="1" height="1" fill="black" stroke-width="0" stroke="black" />
<rect x="41" y="46" width="1" height="1" fill="black" stroke-width="0" stroke="black" />
<rect x="41" y="45" width="1" height="1" fill="black" stroke-width="0" stroke="black" />
<rect x="41" y="44" width="1" height="1" fill="black" stroke-width="0" stroke="black" />
<rect x="41" y="43" width="1" height="1" fill="black" stroke-width="0" stroke="black" />
<rect x="41" y="42" width="1" height="1" fill="black" stroke-width="0" stroke="black" />
<rect x="41" y="41" width="1" height="1" fill="black" stroke-width="0" stroke="black" />
<rect x="41" y="40" width="1" height="1" fill="black" stroke-width="0" stroke="black" />
<rect x="41" y="39" width="1" height="1" fill="black" stroke-width="0" stroke="black" />
<rect x="41" y="38" width="1" height="1" fill="black" stroke-width="0" stroke="black" />
<rect x="41" y="37" width="1" height="1" fill="black" stroke-width="0" stroke="black" />
<rect x="41" y="36" width="1" height="1" fill="black" stroke-width="0" stroke="black" />
<rect x="41" y="35" width="1" height="1" fill="black" stroke-width="0" stroke="black" />
<rect x="41" y="34" width="1" height="1" fill="black" stroke-width="0" stroke="black" />
<rect x="41" y="33" width="1" height="1" fill="black" stroke-width="0" stroke="black" />
<rect x="41" y="32" width="1" height="1" fill="black" stroke-width="0" stroke="black" />
<rect x="41" y="31" width="1" height="1" fill="black" stroke-width="0" stroke="black" />
<rect x="41" y="30" width="1" height="1" fill="black" stroke-width="0" stroke="black" />
<rect x="41" y="29" width="1" height="1" fill="black" stroke-width="0" stroke="black" />
<rect x="41" y="28" width="1" height="1" fill="black" stroke-width="0" stroke="black" />
<rect x="41" y="27" width="1" height="1" fill="black" stroke-width="0" stroke="black" />
<rect x="41" y="26" width="1" height="1" fill="black" stroke-width="0" stroke="black" />
<rect x="41" y="25" width="1" height="1" fill="black" stroke-width="0" stroke="black" />
<rect x="41" y="24" width="1" height="1" fill="black" stroke-width="0" stroke="black" />
<rect x="41" y="23" width="1" height="1" fill="black" stroke-width="0" stroke="black" />
<rect x="41" y="22" width="1" height="1" fill="black" stroke-width="0" stroke="black" />
<rect x="41" y="21" width="1" height="1" fill="black" stroke-width="0" stroke="black" />
<rect x="41" y="20" width="1" height="1" fill="black" stroke-width="0" stroke="black" />
<rect x="41" y="19" width="1" height="1" fill="black" stroke-width="0" stroke="black" />
<rect x="41" y="18" width="1" height="1" fill="black" stroke-width="0" stroke="black" />
<rect x="41" y="17" width="1" height="1" fill="black" stroke-width="0" stroke="black" />
<rect x="41" y="16" width="1" height="1" fill="black" stroke-width="0" stroke="black" />
</svg>
