<?xml version="1.0" encoding="UTF-8"?>
<!DOCTYPE svg PUBLIC "-//W3C//DTD SVG 1.1//EN"
          "http://www.w3.org/Graphics/SVG/1.1/DTD/svg11.dtd">
<svg xmlns="http://www.w3.org/2000/svg" version="1.1"
     width="42" height="42">
<rect x="0" y="0" width="42" height="42" fill="white" stroke="white" stroke-width="0"/>
<polyline points="1,1 2,1 3,1 4,1 5,1 6,1 7,1 8,1 9,1 10,1 11,1 12,1 13,1 14,1 15,1 16,1 17,1 18,1 19,1 20,1 21,1 22,1 23,1 24,1 25,1 26,1 27,1 28,1 29,1 30,1 31,1 32,1 33,1 34,1 35,1 36,1 37,1 38,1 39,1 40,1 40,2 40,2 40,3 40,4 40,5 40,6 40,7 40,8 40,9 40,10 40,11 40,12 40,13 40,14 40,15 40,16 40,17 40,18 40,19 40,20 40,21 40,22 40,23 40,24 40,25 40,26 40,27 40,28 40,29 40,30 40,31 40,32 40,33 40,34 40,35 40,36 40,37 40,38 40,39 40,40 39,40 38,40 37,40 36,40 35,40 34,40 33,40 32,40 31,40 30,40 29,40 28,40 27,40 26,40 25,40 24,40 23,40 22,40 21,40 20,40 19,40 18,40 17,40 16,40 15,40 14,40 13,40 12,40 11,40 10,40 9,40 8,40 7,40 6,40 5,40 4,40 3,40 2,40 1,40 1,39 1,38 1,37 1,36 1,35 1,34 1,33 1,32 1,31 1,30 1,29 1,28 1,27 1,26 1,25 1,24 1,23 1,22 1,21 1,20 1,19 1,18 1,17 1,16 1,15 1,14 1,13 1,12 1,11 1,10 1,9 1,8 1,7 1,6 1,5 1,4 1,3 1,2 1,1 1,0 " fill="none" stroke="black" stroke-width="1" />
<line x1="40" y1="40" x2="41" y2="40" fill="none" stroke="black" stroke-width="1" />
</svg>
