<?xml version="1.0" encoding="UTF-8"?>
<!DOCTYPE svg PUBLIC "-//W3C//DTD SVG 1.1//EN"
          "http://www.w3.org/Graphics/SVG/1.1/DTD/svg11.dtd">
<svg xmlns="http://www.w3.org/2000/svg" version="1.1"
     width="5" height="5">
<rect x="0" y="0" width="5" height="5" fill="white" stroke="white" stroke-width="0"/>
<polyline points="4,1 4,2 4,3 3,3 2,3 1,3 1,2 1,1 1,0 2,0 3,0 4,0 4,1 " fill="none" stroke="black" stroke-width="1" />
</svg>
