<?xml version="1.0" encoding="UTF-8"?>
<!DOCTYPE svg PUBLIC "-//W3C//DTD SVG 1.1//EN"
          "http://www.w3.org/Graphics/SVG/1.1/DTD/svg11.dtd">
<svg xmlns="http://www.w3.org/2000/svg" version="1.1"
     width="106" height="106">
<rect x="0" y="0" width="106" height="106" fill="white" stroke="white" stroke-width="0"/>
<rect x="4" y="82" width="2" height="2" fill="black" stroke-width="0" stroke="black" />
<rect x="4" y="80" width="2" height="2" fill="black" stroke-width="0" stroke="black" />
<rect x="4" y="78" width="2" height="2" fill="black" stroke-width="0" stroke="black" />
<rect x="4" y="76" width="2" height="2" fill="black" stroke-width="0" stroke="black" />
<rect x="4" y="74" width="2" height="2" fill="black" stroke-width="0" stroke="black" />
<rect x="4" y="72" width="2" height="2" fill="black" stroke-width="0" stroke="black" />
<rect x="4" y="70" width="2" height="2" fill="black" stroke-width="0" stroke="black" />
<rect x="4" y="68" width="2" height="2" fill="black" stroke-width="0" stroke="black" />
<rect x="4" y="66" width="2" height="2" fill="black" stroke-width="0" stroke="black" />
<rect x="4" y="64" width="2" height="2" fill="black" stroke-width="0" stroke="black" />
<rect x="4" y="62" width="2" height="2" fill="black" stroke-width="0" stroke="black" />
<rect x="4" y="60" width="2" height="2" fill="black" stroke-width="0" stroke="black" />
<rect x="4" y="58" width="2" height="2" fill="black" stroke-width="0" stroke="black" />
<rect x="4" y="56" width="2" height="2" fill="black" stroke-width="0" stroke="black" />
<rect x="4" y="54" width="2" height="2" fill="black" stroke-width="0" stroke="black" />
<rect x="4" y="52" width="2" height="2" fill="black" stroke-width="0" stroke="black" />
<rect x="4" y="50" width="2" height="2" fill="black" stroke-width="0" stroke="black" />
<rect x="4" y="48" width="2" height="2" fill="black" stroke-width="0" stroke="black" />
<rect x="4" y="46" width="2" height="2" fill="black" stroke-width="0" stroke="black" />
<rect x="4" y="44" width="2" height="2" fill="black" stroke-width="0" stroke="black" />
<rect x="4" y="42" width="2" height="2" fill="black" stroke-width="0" stroke="black" />
<rect x="4" y="40" width="2" height="2" fill="black" stroke-width="0" stroke="black" />
<rect x="4" y="38" width="2" height="2" fill="black" stroke-width="0" stroke="black" />
<rect x="4" y="36" width="2" height="2" fill="black" stroke-width="0" stroke="black" />
<rect x="4" y="34" width="2" height="2" fill="black" stroke-width="0" stroke="black" />
<rect x="4" y="32" width="2" height="2" fill="black" stroke-width="0" stroke="black" />
<rect x="4" y="30" width="2" height="2" fill="black" stroke-width="0" stroke="black" />
<rect x="4" y="28" width="2" height="2" fill="black" stroke-width="0" stroke="black" />
<rect x="4" y="26" width="2" height="2" fill="black" stroke-width="0" stroke="black" />
<rect x="4" y="24" width="2" height="2" fill="black" stroke-width="0" stroke="black" />
<rect x="4" y="22" width="2" height="2" fill="black" stroke-width="0" stroke="black" />
<rect x="4" y="20" width="2" height="2" fill="black" stroke-width="0" stroke="black" />
<rect x="4" y="18" width="2" height="2" fill="black" stroke-width="0" stroke="black" />
<rect x="4" y="16" width="2" height="2" fill="black" stroke-width="0" stroke="black" />
<rect x="4" y="14" width="2" height="2" fill="black" stroke-width="0" stroke="black" />
<rect x="4" y="12" width="2" height="2" fill="black" stroke-width="0" stroke="black" />
<rect x="4" y="10" width="2" height="2" fill="black" stroke-width="0" stroke="black" />
<rect x="4" y="8" width="2" height="2" fill="black" stroke-width="0" stroke="black" />
<rect x="4" y="6" width="2" height="2" fill="black" stroke-width="0" stroke="black" />
<rect x="4" y="4" width="2" height="2" fill="black" stroke-width="0" stroke="black" />
<rect x="6" y="82" width="2" height="2" fill="black" stroke-width="0" stroke="black" />
<rect x="6" y="4" width="2" height="2" fill="black" stroke-width="0" stroke="black" />
<rect x="8" y="82" width="2" height="2" fill="black" stroke-width="0" stroke="black" />
<rect x="8" y="4" width="2" height="2" fill="black" stroke-width="0" stroke="black" />
<rect x="10" y="82" width="2" height="2" fill="black" stroke-width="0" stroke="black" />
<rect x="10" y="4" width="2" height="2" fill="black" stroke-width="0" stroke="black" />
<rect x="12" y="82" width="2" height="2" fill="black" stroke-width="0" stroke="black" />
<rect x="12" y="4" width="2" height="2" fill="black" stroke-width="0" stroke="black" />
<rect x="14" y="82" width="2" height="2" fill="black" stroke-width="0" stroke="black" />
<rect x="14" y="4" width="2" height="2" fill="black" stroke-width="0" stroke="black" />
<rect x="16" y="82" width="2" height="2" fill="black" stroke-width="0" stroke="black" />
<rect x="16" y="4" width="2" height="2" fill="black" stroke-width="0" stroke="black" />
<rect x="18" y="82" width="2" height="2" fill="black" stroke-width="0" stroke="black" />
<rect x="18" y="4" width="2" height="2" fill="black" stroke-width="0" stroke="black" />
<rect x="20" y="82" width="2" height="2" fill="black" stroke-width="0" stroke="black" />
<rect x="20" y="4" width="2" height="2" fill="black" stroke-width="0" stroke="black" />
<rect x="22" y="82" width="2" height="2" fill="black" stroke-width="0" stroke="black" />
<rect x="22" y="4" width="2" height="2" fill="black" stroke-width="0" stroke="black" />
<rect x="24" y="82" width="2" height="2" fill="black" stroke-width="0" stroke="black" />
<rect x="24" y="4" width="2" height="2" fill="black" stroke-width="0" stroke="black" />
<rect x="26" y="82" width="2" height="2" fill="black" stroke-width="0" stroke="black" />
<rect x="26" y="4" width="2" height="2" fill="black" stroke-width="0" stroke="black" />
<rect x="28" y="82" width="2" height="2" fill="black" stroke-width="0" stroke="black" />
<rect x="28" y="4" width="2" height="2" fill="black" stroke-width="0" stroke="black" />
<rect x="30" y="82" width="2" height="2" fill="black" stroke-width="0" stroke="black" />
<rect x="30" y="4" width="2" height="2" fill="black" stroke-width="0" stroke="black" />
<rect x="32" y="82" width="2" height="2" fill="black" stroke-width="0" stroke="black" />
<rect x="32" y="4" width="2" height="2" fill="black" stroke-width="0" stroke="black" />
<rect x="34" y="82" width="2" height="2" fill="black" stroke-width="0" stroke="black" />
<rect x="34" y="4" width="2" height="2" fill="black" stroke-width="0" stroke="black" />
<rect x="36" y="82" width="2" height="2" fill="black" stroke-width="0" stroke="black" />
<rect x="36" y="4" width="2" height="2" fill="black" stroke-width="0" stroke="black" />
<rect x="38" y="82" width="2" height="2" fill="black" stroke-width="0" stroke="black" />
<rect x="38" y="4" width="2" height="2" fill="black" stroke-width="0" stroke="black" />
<rect x="40" y="82" width="2" height="2" fill="black" stroke-width="0" stroke="black" />
<rect x="40" y="4" width="2" height="2" fill="black" stroke-width="0" stroke="black" />
<rect x="42" y="82" width="2" height="2" fill="black" stroke-width="0" stroke="black" />
<rect x="42" y="4" width="2" height="2" fill="black" stroke-width="0" stroke="black" />
<rect x="44" y="82" width="2" height="2" fill="black" stroke-width="0" stroke="black" />
<rect x="44" y="4" width="2" height="2" fill="black" stroke-width="0" stroke="black" />
<rect x="46" y="82" width="2" height="2" fill="black" stroke-width="0" stroke="black" />
<rect x="46" y="4" width="2" height="2" fill="black" stroke-width="0" stroke="black" />
<rect x="48" y="82" width="2" height="2" fill="black" stroke-width="0" stroke="black" />
<rect x="48" y="4" width="2" height="2" fill="black" stroke-width="0" stroke="black" />
<rect x="50" y="82" width="2" height="2" fill="black" stroke-width="0" stroke="black" />
<rect x="50" y="4" width="2" height="2" fill="black" stroke-width="0" stroke="black" />
<rect x="52" y="82" width="2" height="2" fill="black" stroke-width="0" stroke="black" />
<rect x="52" y="4" width="2" height="2" fill="black" stroke-width="0" stroke="black" />
<rect x="54" y="82" width="2" height="2" fill="black" stroke-width="0" stroke="black" />
<rect x="54" y="4" width="2" height="2" fill="black" stroke-width="0" stroke="black" />
<rect x="56" y="82" width="2" height="2" fill="black" stroke-width="0" stroke="black" />
<rect x="56" y="4" width="2" height="2" fill="black" stroke-width="0" stroke="black" />
<rect x="58" y="82" width="2" height="2" fill="black" stroke-width="0" stroke="black" />
<rect x="58" y="4" width="2" height="2" fill="black" stroke-width="0" stroke="black" />
<rect x="60" y="82" width="2" height="2" fill="black" stroke-width="0" stroke="black" />
<rect x="60" y="4" width="2" height="2" fill="black" stroke-width="0" stroke="black" />
<rect x="62" y="82" width="2" height="2" fill="black" stroke-width="0" stroke="black" />
<rect x="62" y="4" width="2" height="2" fill="black" stroke-width="0" stroke="black" />
<rect x="64" y="82" width="2" height="2" fill="black" stroke-width="0" stroke="black" />
<rect x="64" y="4" width="2" height="2" fill="black" stroke-width="0" stroke="black" />
<rect x="66" y="82" width="2" height="2" fill="black" stroke-width="0" stroke="black" />
<rect x="66" y="4" width="2" height="2" fill="black" stroke-width="0" stroke="black" />
<rect x="68" y="82" width="2" height="2" fill="black" stroke-width="0" stroke="black" />
<rect x="68" y="4" width="2" height="2" fill="black" stroke-width="0" stroke="black" />
<rect x="70" y="82" width="2" height="2" fill="black" stroke-width="0" stroke="black" />
<rect x="70" y="4" width="2" height="2" fill="black" stroke-width="0" stroke="black" />
<rect x="72" y="82" width="2" height="2" fill="black" stroke-width="0" stroke="black" />
<rect x="72" y="4" width="2" height="2" fill="black" stroke-width="0" stroke="black" />
<rect x="74" y="82" width="2" height="2" fill="black" stroke-width="0" stroke="black" />
<rect x="74" y="4" width="2" height="2" fill="black" stroke-width="0" stroke="black" />
<rect x="76" y="82" width="2" height="2" fill="black" stroke-width="0" stroke="black" />
<rect x="76" y="4" width="2" height="2" fill="black" stroke-width="0" stroke="black" />
<rect x="78" y="82" width="2" height="2" fill="black" stroke-width="0" stroke="black" />
<rect x="78" y="4" width="2" height="2" fill="black" stroke-width="0" stroke="black" />
<rect x="80" y="82" width="2" height="2" fill="black" stroke-width="0" stroke="black" />
<rect x="80" y="4" width="2" height="2" fill="black" stroke-width="0" stroke="black" />
<rect x="82" y="82" width="2" height="2" fill="black" stroke-width="0" stroke="black" />
<rect x="82" y="80" width="2" height="2" fill="black" stroke-width="0" stroke="black" />
<rect x="82" y="78" width="2" height="2" fill="black" stroke-width="0" stroke="black" />
<rect x="82" y="76" width="2" height="2" fill="black" stroke-width="0" stroke="black" />
<rect x="82" y="74" width="2" height="2" fill="black" stroke-width="0" stroke="black" />
<rect x="82" y="72" width="2" height="2" fill="black" stroke-width="0" stroke="black" />
<rect x="82" y="70" width="2" height="2" fill="black" stroke-width="0" stroke="black" />
<rect x="82" y="68" width="2" height="2" fill="black" stroke-width="0" stroke="black" />
<rect x="82" y="66" width="2" height="2" fill="black" stroke-width="0" stroke="black" />
<rect x="82" y="64" width="2" height="2" fill="black" stroke-width="0" stroke="black" />
<rect x="82" y="62" width="2" height="2" fill="black" stroke-width="0" stroke="black" />
<rect x="82" y="60" width="2" height="2" fill="black" stroke-width="0" stroke="black" />
<rect x="82" y="58" width="2" height="2" fill="black" stroke-width="0" stroke="black" />
<rect x="82" y="56" width="2" height="2" fill="black" stroke-width="0" stroke="black" />
<rect x="82" y="54" width="2" height="2" fill="black" stroke-width="0" stroke="black" />
<rect x="82" y="52" width="2" height="2" fill="black" stroke-width="0" stroke="black" />
<rect x="82" y="50" width="2" height="2" fill="black" stroke-width="0" stroke="black" />
<rect x="82" y="48" width="2" height="2" fill="black" stroke-width="0" stroke="black" />
<rect x="82" y="46" width="2" height="2" fill="black" stroke-width="0" stroke="black" />
<rect x="82" y="44" width="2" height="2" fill="black" stroke-width="0" stroke="black" />
<rect x="82" y="42" width="2" height="2" fill="black" stroke-width="0" stroke="black" />
<rect x="82" y="40" width="2" height="2" fill="black" stroke-width="0" stroke="black" />
<rect x="82" y="38" width="2" height="2" fill="black" stroke-width="0" stroke="black" />
<rect x="82" y="36" width="2" height="2" fill="black" stroke-width="0" stroke="black" />
<rect x="82" y="34" width="2" height="2" fill="black" stroke-width="0" stroke="black" />
<rect x="82" y="32" width="2" height="2" fill="black" stroke-width="0" stroke="black" />
<rect x="82" y="30" width="2" height="2" fill="black" stroke-width="0" stroke="black" />
<rect x="82" y="28" width="2" height="2" fill="black" stroke-width="0" stroke="black" />
<rect x="82" y="26" width="2" height="2" fill="black" stroke-width="0" stroke="black" />
<rect x="82" y="24" width="2" height="2" fill="black" stroke-width="0" stroke="black" />
<rect x="82" y="22" width="2" height="2" fill="black" stroke-width="0" stroke="black" />
<rect x="82" y="20" width="2" height="2" fill="black" stroke-width="0" stroke="black" />
<rect x="82" y="18" width="2" height="2" fill="black" stroke-width="0" stroke="black" />
<rect x="82" y="16" width="2" height="2" fill="black" stroke-width="0" stroke="black" />
<rect x="82" y="14" width="2" height="2" fill="black" stroke-width="0" stroke="black" />
<rect x="82" y="12" width="2" height="2" fill="black" stroke-width="0" stroke="black" />
<rect x="82" y="10" width="2" height="2" fill="black" stroke-width="0" stroke="black" />
<rect x="82" y="8" width="2" height="2" fill="black" stroke-width="0" stroke="black" />
<rect x="82" y="6" width="2" height="2" fill="black" stroke-width="0" stroke="black" />
<rect x="82" y="4" width="2" height="2" fill="black" stroke-width="0" stroke="black" />
<text x="33" y="104" fill="black" font-size="9px">2.00m</text>
<text x="0" y="0" fill="black" font-size="9px" transform="translate(99,31) rotate(90)">2.00m</text>
<line x1="95" y1="84" x2="95" y2="2" fill="none" stroke="black" stroke-width="1" />
<line x1="93" y1="84" x2="97" y2="84" fill="none" stroke="black" stroke-width="1" />
<line x1="93" y1="2" x2="97" y2="2" fill="none" stroke="black" stroke-width="1" />
<line x1="4" y1="94" x2="85" y2="94" fill="none" stroke="black" stroke-width="1" />
<line x1="4" y1="92" x2="4" y2="96" fill="none" stroke="black" stroke-width="1" />
<line x1="85" y1="92" x2="85" y2="96" fill="none" stroke="black" stroke-width="1" />
</svg>
