<?xml version="1.0" encoding="UTF-8"?>
<!DOCTYPE svg PUBLIC "-//W3C//DTD SVG 1.1//EN" "http://www.w3.org/Graphics/SVG/1.1/DTD/svg11.dtd">
<svg xmlns="http://www.w3.org/2000/svg" version="1.1" width="9" height="9">
<rect x="0" y="0" width="9" height="9" fill="white" stroke="white" stroke-width="0"/>
<polyline points="6,3 6,4 6,5 6,6 5,6 4,6 3,6 2,6 2,5 2,4 2,3 2,2 3,2 4,2 5,2 6,2 6,3 " fill="none" stroke="black" stroke-width="1" />
</svg>
