<?xml version="1.0" encoding="UTF-8"?>
<!DOCTYPE svg PUBLIC "-//W3C//DTD SVG 1.1//EN"
          "http://www.w3.org/Graphics/SVG/1.1/DTD/svg11.dtd">
<svg xmlns="http://www.w3.org/2000/svg" version="1.1"
     width="90" height="90">
<rect x="0" y="0" width="90" height="90" fill="white" stroke="white" stroke-width="0"/>
<polyline points="60,20 20,20 20,60 60,20 " fill="none" stroke="black" stroke-width="1" />
<polyline points="60,20 20,60 60,60 60,20 " fill="none" stroke="black" stroke-width="1" />
<polyline points="60,60 60,60 20,60 60,60 " fill="none" stroke="black" stroke-width="1" />
<polyline points="60,60 20,60 20,60 60,60 " fill="none" stroke="black" stroke-width="1" />
<polyline points="20,60 20,60 20,20 20,60 " fill="none" stroke="black" stroke-width="1" />
<polyline points="20,60 20,20 20,20 20,60 " fill="none" stroke="black" stroke-width="1" />
<polyline points="20,20 60,20 60,60 20,20 " fill="none" stroke="black" stroke-width="1" />
<polyline points="20,20 60,60 20,60 20,20 " fill="none" stroke="black" stroke-width="1" />
<polyline points="60,20 60,20 60,60 60,20 " fill="none" stroke="black" stroke-width="1" />
<polyline points="60,20 60,60 60,60 60,20 " fill="none" stroke="black" stroke-width="1" />
<polyline points="20,20 20,20 60,20 20,20 " fill="none" stroke="black" stroke-width="1" />
<polyline points="20,20 60,20 60,20 20,20 " fill="none" stroke="black" stroke-width="1" />
</svg>
