<?xml version="1.0" encoding="UTF-8"?>
<!DOCTYPE svg PUBLIC "-//W3C//DTD SVG 1.1//EN"
          "http://www.w3.org/Graphics/SVG/1.1/DTD/svg11.dtd">
<svg xmlns="http://www.w3.org/2000/svg" version="1.1"
     width="400" height="400">
<rect x="0" y="0" width="400" height="400" fill="white" stroke="white" stroke-width="0"/>
<polyline points="310,240 310,230 300,230 300,220 300,210 300,200 300,190 300,180 300,180 290,180 290,170 290,160 290,150 290,140 290,140 280,140 280,130 280,120 280,110 280,100 280,90 " fill="none" stroke="black" stroke-width="1" />
<polyline points="310,240 310,250 310,260 310,270 300,270 300,280 290,280 280,280 270,280 260,280 250,280 250,290 240,290 230,290 220,290 210,290 210,300 200,300 190,300 180,300 170,300 160,300 160,310 150,310 140,310 130,310 120,310 120,300 110,300 110,290 110,280 110,270 110,260 110,250 110,250 100,250 100,240 100,230 100,220 100,210 100,210 90,210 90,200 90,190 90,180 90,170 90,160 90,160 80,160 80,150 80,140 80,130 80,120 90,120 90,110 100,110 110,110 120,110 130,110 140,110 140,100 150,100 160,100 170,100 180,100 180,90 190,90 200,90 210,90 220,90 230,90 230,80 240,80 250,80 260,80 270,80 270,90 280,90 " fill="none" stroke="black" stroke-width="1" />
</svg>
