<?xml version="1.0" encoding="UTF-8"?>
<!DOCTYPE svg PUBLIC "-//W3C//DTD SVG 1.1//EN" "http://www.w3.org/Graphics/SVG/1.1/DTD/svg11.dtd">
<svg xmlns="http://www.w3.org/2000/svg" version="1.1" width="56" height="56">
<rect x="0" y="0" width="56" height="56" fill="white" stroke="white" stroke-width="0"/>
<rect x="2" y="41" width="1" height="1" fill="black" stroke-width="0" stroke="black" />
<rect x="2" y="40" width="1" height="1" fill="black" stroke-width="0" stroke="black" />
<rect x="2" y="39" width="1" height="1" fill="black" stroke-width="0" stroke="black" />
<rect x="2" y="38" width="1" height="1" fill="black" stroke-width="0" stroke="black" />
<rect x="2" y="37" width="1" height="1" fill="black" stroke-width="0" stroke="black" />
<rect x="2" y="36" width="1" height="1" fill="black" stroke-width="0" stroke="black" />
<rect x="2" y="35" width="1" height="1" fill="black" stroke-width="0" stroke="black" />
<rect x="2" y="34" width="1" height="1" fill="black" stroke-width="0" stroke="black" />
<rect x="2" y="33" width="1" height="1" fill="black" stroke-width="0" stroke="black" />
<rect x="2" y="32" width="1" height="1" fill="black" stroke-width="0" stroke="black" />
<rect x="2" y="31" width="1" height="1" fill="black" stroke-width="0" stroke="black" />
<rect x="2" y="30" width="1" height="1" fill="black" stroke-width="0" stroke="black" />
<rect x="2" y="29" width="1" height="1" fill="black" stroke-width="0" stroke="black" />
<rect x="2" y="28" width="1" height="1" fill="black" stroke-width="0" stroke="black" />
<rect x="2" y="27" width="1" height="1" fill="black" stroke-width="0" stroke="black" />
<rect x="2" y="26" width="1" height="1" fill="black" stroke-width="0" stroke="black" />
<rect x="2" y="25" width="1" height="1" fill="black" stroke-width="0" stroke="black" />
<rect x="2" y="24" width="1" height="1" fill="black" stroke-width="0" stroke="black" />
<rect x="2" y="23" width="1" height="1" fill="black" stroke-width="0" stroke="black" />
<rect x="2" y="22" width="1" height="1" fill="black" stroke-width="0" stroke="black" />
<rect x="2" y="21" width="1" height="1" fill="black" stroke-width="0" stroke="black" />
<rect x="2" y="20" width="1" height="1" fill="black" stroke-width="0" stroke="black" />
<rect x="2" y="19" width="1" height="1" fill="black" stroke-width="0" stroke="black" />
<rect x="2" y="18" width="1" height="1" fill="black" stroke-width="0" stroke="black" />
<rect x="2" y="17" width="1" height="1" fill="black" stroke-width="0" stroke="black" />
<rect x="2" y="16" width="1" height="1" fill="black" stroke-width="0" stroke="black" />
<rect x="2" y="15" width="1" height="1" fill="black" stroke-width="0" stroke="black" />
<rect x="2" y="14" width="1" height="1" fill="black" stroke-width="0" stroke="black" />
<rect x="2" y="13" width="1" height="1" fill="black" stroke-width="0" stroke="black" />
<rect x="2" y="12" width="1" height="1" fill="black" stroke-width="0" stroke="black" />
<rect x="2" y="11" width="1" height="1" fill="black" stroke-width="0" stroke="black" />
<rect x="2" y="10" width="1" height="1" fill="black" stroke-width="0" stroke="black" />
<rect x="2" y="9" width="1" height="1" fill="black" stroke-width="0" stroke="black" />
<rect x="2" y="8" width="1" height="1" fill="black" stroke-width="0" stroke="black" />
<rect x="2" y="7" width="1" height="1" fill="black" stroke-width="0" stroke="black" />
<rect x="2" y="6" width="1" height="1" fill="black" stroke-width="0" stroke="black" />
<rect x="2" y="5" width="1" height="1" fill="black" stroke-width="0" stroke="black" />
<rect x="2" y="4" width="1" height="1" fill="black" stroke-width="0" stroke="black" />
<rect x="2" y="3" width="1" height="1" fill="black" stroke-width="0" stroke="black" />
<rect x="2" y="2" width="1" height="1" fill="black" stroke-width="0" stroke="black" />
<rect x="3" y="41" width="1" height="1" fill="black" stroke-width="0" stroke="black" />
<rect x="3" y="2" width="1" height="1" fill="black" stroke-width="0" stroke="black" />
<rect x="4" y="41" width="1" height="1" fill="black" stroke-width="0" stroke="black" />
<rect x="4" y="2" width="1" height="1" fill="black" stroke-width="0" stroke="black" />
<rect x="5" y="41" width="1" height="1" fill="black" stroke-width="0" stroke="black" />
<rect x="5" y="2" width="1" height="1" fill="black" stroke-width="0" stroke="black" />
<rect x="6" y="41" width="1" height="1" fill="black" stroke-width="0" stroke="black" />
<rect x="6" y="2" width="1" height="1" fill="black" stroke-width="0" stroke="black" />
<rect x="7" y="41" width="1" height="1" fill="black" stroke-width="0" stroke="black" />
<rect x="7" y="2" width="1" height="1" fill="black" stroke-width="0" stroke="black" />
<rect x="8" y="41" width="1" height="1" fill="black" stroke-width="0" stroke="black" />
<rect x="8" y="2" width="1" height="1" fill="black" stroke-width="0" stroke="black" />
<rect x="9" y="41" width="1" height="1" fill="black" stroke-width="0" stroke="black" />
<rect x="9" y="2" width="1" height="1" fill="black" stroke-width="0" stroke="black" />
<rect x="10" y="41" width="1" height="1" fill="black" stroke-width="0" stroke="black" />
<rect x="10" y="2" width="1" height="1" fill="black" stroke-width="0" stroke="black" />
<rect x="11" y="41" width="1" height="1" fill="black" stroke-width="0" stroke="black" />
<rect x="11" y="2" width="1" height="1" fill="black" stroke-width="0" stroke="black" />
<rect x="12" y="41" width="1" height="1" fill="black" stroke-width="0" stroke="black" />
<rect x="12" y="2" width="1" height="1" fill="black" stroke-width="0" stroke="black" />
<rect x="13" y="41" width="1" height="1" fill="black" stroke-width="0" stroke="black" />
<rect x="13" y="2" width="1" height="1" fill="black" stroke-width="0" stroke="black" />
<rect x="14" y="41" width="1" height="1" fill="black" stroke-width="0" stroke="black" />
<rect x="14" y="2" width="1" height="1" fill="black" stroke-width="0" stroke="black" />
<rect x="15" y="41" width="1" height="1" fill="black" stroke-width="0" stroke="black" />
<rect x="15" y="2" width="1" height="1" fill="black" stroke-width="0" stroke="black" />
<rect x="16" y="41" width="1" height="1" fill="black" stroke-width="0" stroke="black" />
<rect x="16" y="2" width="1" height="1" fill="black" stroke-width="0" stroke="black" />
<rect x="17" y="41" width="1" height="1" fill="black" stroke-width="0" stroke="black" />
<rect x="17" y="2" width="1" height="1" fill="black" stroke-width="0" stroke="black" />
<rect x="18" y="41" width="1" height="1" fill="black" stroke-width="0" stroke="black" />
<rect x="18" y="2" width="1" height="1" fill="black" stroke-width="0" stroke="black" />
<rect x="19" y="41" width="1" height="1" fill="black" stroke-width="0" stroke="black" />
<rect x="19" y="2" width="1" height="1" fill="black" stroke-width="0" stroke="black" />
<rect x="20" y="41" width="1" height="1" fill="black" stroke-width="0" stroke="black" />
<rect x="20" y="2" width="1" height="1" fill="black" stroke-width="0" stroke="black" />
<rect x="21" y="41" width="1" height="1" fill="black" stroke-width="0" stroke="black" />
<rect x="21" y="2" width="1" height="1" fill="black" stroke-width="0" stroke="black" />
<rect x="22" y="41" width="1" height="1" fill="black" stroke-width="0" stroke="black" />
<rect x="22" y="2" width="1" height="1" fill="black" stroke-width="0" stroke="black" />
<rect x="23" y="41" width="1" height="1" fill="black" stroke-width="0" stroke="black" />
<rect x="23" y="2" width="1" height="1" fill="black" stroke-width="0" stroke="black" />
<rect x="24" y="41" width="1" height="1" fill="black" stroke-width="0" stroke="black" />
<rect x="24" y="2" width="1" height="1" fill="black" stroke-width="0" stroke="black" />
<rect x="25" y="41" width="1" height="1" fill="black" stroke-width="0" stroke="black" />
<rect x="25" y="2" width="1" height="1" fill="black" stroke-width="0" stroke="black" />
<rect x="26" y="41" width="1" height="1" fill="black" stroke-width="0" stroke="black" />
<rect x="26" y="2" width="1" height="1" fill="black" stroke-width="0" stroke="black" />
<rect x="27" y="41" width="1" height="1" fill="black" stroke-width="0" stroke="black" />
<rect x="27" y="2" width="1" height="1" fill="black" stroke-width="0" stroke="black" />
<rect x="28" y="41" width="1" height="1" fill="black" stroke-width="0" stroke="black" />
<rect x="28" y="2" width="1" height="1" fill="black" stroke-width="0" stroke="black" />
<rect x="29" y="41" width="1" height="1" fill="black" stroke-width="0" stroke="black" />
<rect x="29" y="2" width="1" height="1" fill="black" stroke-width="0" stroke="black" />
<rect x="30" y="41" width="1" height="1" fill="black" stroke-width="0" stroke="black" />
<rect x="30" y="2" width="1" height="1" fill="black" stroke-width="0" stroke="black" />
<rect x="31" y="41" width="1" height="1" fill="black" stroke-width="0" stroke="black" />
<rect x="31" y="2" width="1" height="1" fill="black" stroke-width="0" stroke="black" />
<rect x="32" y="41" width="1" height="1" fill="black" stroke-width="0" stroke="black" />
<rect x="32" y="2" width="1" height="1" fill="black" stroke-width="0" stroke="black" />
<rect x="33" y="41" width="1" height="1" fill="black" stroke-width="0" stroke="black" />
<rect x="33" y="2" width="1" height="1" fill="black" stroke-width="0" stroke="black" />
<rect x="34" y="41" width="1" height="1" fill="black" stroke-width="0" stroke="black" />
<rect x="34" y="2" width="1" height="1" fill="black" stroke-width="0" stroke="black" />
<rect x="35" y="41" width="1" height="1" fill="black" stroke-width="0" stroke="black" />
<rect x="35" y="2" width="1" height="1" fill="black" stroke-width="0" stroke="black" />
<rect x="36" y="41" width="1" height="1" fill="black" stroke-width="0" stroke="black" />
<rect x="36" y="2" width="1" height="1" fill="black" stroke-width="0" stroke="black" />
<rect x="37" y="41" width="1" height="1" fill="black" stroke-width="0" stroke="black" />
<rect x="37" y="2" width="1" height="1" fill="black" stroke-width="0" stroke="black" />
<rect x="38" y="41" width="1" height="1" fill="black" stroke-width="0" stroke="black" />
<rect x="38" y="2" width="1" height="1" fill="black" stroke-width="0" stroke="black" />
<rect x="39" y="41" width="1" height="1" fill="black" stroke-width="0" stroke="black" />
<rect x="39" y="2" width="1" height="1" fill="black" stroke-width="0" stroke="black" />
<rect x="40" y="41" width="1" height="1" fill="black" stroke-width="0" stroke="black" />
<rect x="40" y="2" width="1" height="1" fill="black" stroke-width="0" stroke="black" />
<rect x="41" y="41" width="1" height="1" fill="black" stroke-width="0" stroke="black" />
<rect x="41" y="40" width="1" height="1" fill="black" stroke-width="0" stroke="black" />
<rect x="41" y="39" width="1" height="1" fill="black" stroke-width="0" stroke="black" />
<rect x="41" y="38" width="1" height="1" fill="black" stroke-width="0" stroke="black" />
<rect x="41" y="37" width="1" height="1" fill="black" stroke-width="0" stroke="black" />
<rect x="41" y="36" width="1" height="1" fill="black" stroke-width="0" stroke="black" />
<rect x="41" y="35" width="1" height="1" fill="black" stroke-width="0" stroke="black" />
<rect x="41" y="34" width="1" height="1" fill="black" stroke-width="0" stroke="black" />
<rect x="41" y="33" width="1" height="1" fill="black" stroke-width="0" stroke="black" />
<rect x="41" y="32" width="1" height="1" fill="black" stroke-width="0" stroke="black" />
<rect x="41" y="31" width="1" height="1" fill="black" stroke-width="0" stroke="black" />
<rect x="41" y="30" width="1" height="1" fill="black" stroke-width="0" stroke="black" />
<rect x="41" y="29" width="1" height="1" fill="black" stroke-width="0" stroke="black" />
<rect x="41" y="28" width="1" height="1" fill="black" stroke-width="0" stroke="black" />
<rect x="41" y="27" width="1" height="1" fill="black" stroke-width="0" stroke="black" />
<rect x="41" y="26" width="1" height="1" fill="black" stroke-width="0" stroke="black" />
<rect x="41" y="25" width="1" height="1" fill="black" stroke-width="0" stroke="black" />
<rect x="41" y="24" width="1" height="1" fill="black" stroke-width="0" stroke="black" />
<rect x="41" y="23" width="1" height="1" fill="black" stroke-width="0" stroke="black" />
<rect x="41" y="22" width="1" height="1" fill="black" stroke-width="0" stroke="black" />
<rect x="41" y="21" width="1" height="1" fill="black" stroke-width="0" stroke="black" />
<rect x="41" y="20" width="1" height="1" fill="black" stroke-width="0" stroke="black" />
<rect x="41" y="19" width="1" height="1" fill="black" stroke-width="0" stroke="black" />
<rect x="41" y="18" width="1" height="1" fill="black" stroke-width="0" stroke="black" />
<rect x="41" y="17" width="1" height="1" fill="black" stroke-width="0" stroke="black" />
<rect x="41" y="16" width="1" height="1" fill="black" stroke-width="0" stroke="black" />
<rect x="41" y="15" width="1" height="1" fill="black" stroke-width="0" stroke="black" />
<rect x="41" y="14" width="1" height="1" fill="black" stroke-width="0" stroke="black" />
<rect x="41" y="13" width="1" height="1" fill="black" stroke-width="0" stroke="black" />
<rect x="41" y="12" width="1" height="1" fill="black" stroke-width="0" stroke="black" />
<rect x="41" y="11" width="1" height="1" fill="black" stroke-width="0" stroke="black" />
<rect x="41" y="10" width="1" height="1" fill="black" stroke-width="0" stroke="black" />
<rect x="41" y="9" width="1" height="1" fill="black" stroke-width="0" stroke="black" />
<rect x="41" y="8" width="1" height="1" fill="black" stroke-width="0" stroke="black" />
<rect x="41" y="7" width="1" height="1" fill="black" stroke-width="0" stroke="black" />
<rect x="41" y="6" width="1" height="1" fill="black" stroke-width="0" stroke="black" />
<rect x="41" y="5" width="1" height="1" fill="black" stroke-width="0" stroke="black" />
<rect x="41" y="4" width="1" height="1" fill="black" stroke-width="0" stroke="black" />
<rect x="41" y="3" width="1" height="1" fill="black" stroke-width="0" stroke="black" />
<rect x="41" y="2" width="1" height="1" fill="black" stroke-width="0" stroke="black" />
<text x="11" y="55" fill="black" font-size="9px">2.00m</text>
<text x="0" y="0" fill="black" font-size="9px" transform="translate(49,10) rotate(90)">2.00m</text>
<line x1="47" y1="42" x2="47" y2="1" fill="none" stroke="black" stroke-width="1" />
<line x1="46" y1="42" x2="48" y2="42" fill="none" stroke="black" stroke-width="1" />
<line x1="46" y1="1" x2="48" y2="1" fill="none" stroke="black" stroke-width="1" />
<line x1="2" y1="47" x2="42" y2="47" fill="none" stroke="black" stroke-width="1" />
<line x1="2" y1="46" x2="2" y2="48" fill="none" stroke="black" stroke-width="1" />
<line x1="42" y1="46" x2="42" y2="48" fill="none" stroke="black" stroke-width="1" />
</svg>
