<?xml version="1.0" encoding="UTF-8"?>
<!DOCTYPE svg PUBLIC "-//W3C//DTD SVG 1.1//EN"
          "http://www.w3.org/Graphics/SVG/1.1/DTD/svg11.dtd">
<svg xmlns="http://www.w3.org/2000/svg" version="1.1"
     width="40" height="40">
<rect x="0" y="0" width="40" height="40" fill="white" stroke="white" stroke-width="0"/>
<polyline points="31,24 31,23 30,23 30,22 30,21 30,20 30,19 30,18 30,18 29,18 29,17 29,16 29,15 29,14 29,14 28,14 28,13 28,12 28,11 28,10 28,9 " fill="none" stroke="black" stroke-width="4" />
<polyline points="31,24 31,25 31,26 31,27 30,27 30,28 29,28 28,28 27,28 26,28 25,28 25,29 24,29 23,29 22,29 21,29 21,30 20,30 19,30 18,30 17,30 16,30 16,31 15,31 14,31 13,31 12,31 12,30 11,30 11,29 11,28 11,27 11,26 11,25 11,25 10,25 10,24 10,23 10,22 10,21 10,21 9,21 9,20 9,19 9,18 9,17 9,16 9,16 8,16 8,15 8,14 8,13 8,12 9,12 9,11 10,11 11,11 12,11 13,11 14,11 14,10 15,10 16,10 17,10 18,10 18,9 19,9 20,9 21,9 22,9 23,9 23,8 24,8 25,8 26,8 27,8 27,9 28,9 " fill="none" stroke="black" stroke-width="4" />
</svg>
