<?xml version="1.0" encoding="UTF-8"?>
<!DOCTYPE svg PUBLIC "-//W3C//DTD SVG 1.1//EN" "http://www.w3.org/Graphics/SVG/1.1/DTD/svg11.dtd">
<svg xmlns="http://www.w3.org/2000/svg" version="1.1" width="41" height="81">
<rect x="0" y="0" width="41" height="81" fill="white" stroke="white" stroke-width="0"/>
<polyline points="22,39 22,40 22,41 22,42 21,42 20,42 19,42 18,42 18,41 18,40 18,39 18,38 19,38 20,38 21,38 22,38 22,39 " fill="none" stroke="black" stroke-width="1" />
</svg>
