cave-outliner: Error: Import failed: STL: file is empty. There are no facets defined -- exit
