cave-outliner: Error: Not enough model to draw a depth map -- exit
cave-outliner: Error: Not enough model to draw a depth map -- exit
