<?xml version="1.0" encoding="UTF-8"?>
<!DOCTYPE svg PUBLIC "-//W3C//DTD SVG 1.1//EN"
          "http://www.w3.org/Graphics/SVG/1.1/DTD/svg11.dtd">
<svg xmlns="http://www.w3.org/2000/svg" version="1.1"
     width="50" height="50">
<rect x="0" y="0" width="50" height="50" fill="white" stroke="white" stroke-width="0"/>
<rect x="18" y="31" width="1" height="1" fill="black" stroke-width="0" stroke="black" />
<rect x="18" y="30" width="1" height="1" fill="black" stroke-width="0" stroke="black" />
<rect x="18" y="29" width="1" height="1" fill="black" stroke-width="0" stroke="black" />
<rect x="18" y="28" width="1" height="1" fill="black" stroke-width="0" stroke="black" />
<rect x="19" y="31" width="1" height="1" fill="black" stroke-width="0" stroke="black" />
<rect x="19" y="30" width="1" height="1" fill="black" stroke-width="0" stroke="black" />
<rect x="19" y="29" width="1" height="1" fill="black" stroke-width="0" stroke="black" />
<rect x="19" y="28" width="1" height="1" fill="black" stroke-width="0" stroke="black" />
<rect x="19" y="18" width="1" height="1" fill="black" stroke-width="0" stroke="black" />
<rect x="19" y="17" width="1" height="1" fill="black" stroke-width="0" stroke="black" />
<rect x="19" y="16" width="1" height="1" fill="black" stroke-width="0" stroke="black" />
<rect x="19" y="15" width="1" height="1" fill="black" stroke-width="0" stroke="black" />
<rect x="19" y="14" width="1" height="1" fill="black" stroke-width="0" stroke="black" />
<rect x="19" y="13" width="1" height="1" fill="black" stroke-width="0" stroke="black" />
<rect x="19" y="12" width="1" height="1" fill="black" stroke-width="0" stroke="black" />
<rect x="19" y="11" width="1" height="1" fill="black" stroke-width="0" stroke="black" />
<rect x="19" y="10" width="1" height="1" fill="black" stroke-width="0" stroke="black" />
<rect x="19" y="9" width="1" height="1" fill="black" stroke-width="0" stroke="black" />
<rect x="20" y="31" width="1" height="1" fill="black" stroke-width="0" stroke="black" />
<rect x="20" y="30" width="1" height="1" fill="black" stroke-width="0" stroke="black" />
<rect x="20" y="29" width="1" height="1" fill="black" stroke-width="0" stroke="black" />
<rect x="20" y="28" width="1" height="1" fill="black" stroke-width="0" stroke="black" />
<rect x="20" y="27" width="1" height="1" fill="black" stroke-width="0" stroke="black" />
<rect x="20" y="26" width="1" height="1" fill="black" stroke-width="0" stroke="black" />
<rect x="20" y="25" width="1" height="1" fill="black" stroke-width="0" stroke="black" />
<rect x="20" y="24" width="1" height="1" fill="black" stroke-width="0" stroke="black" />
<rect x="20" y="23" width="1" height="1" fill="black" stroke-width="0" stroke="black" />
<rect x="20" y="22" width="1" height="1" fill="black" stroke-width="0" stroke="black" />
<rect x="20" y="21" width="1" height="1" fill="black" stroke-width="0" stroke="black" />
<rect x="20" y="20" width="1" height="1" fill="black" stroke-width="0" stroke="black" />
<rect x="20" y="19" width="1" height="1" fill="black" stroke-width="0" stroke="black" />
<rect x="20" y="18" width="1" height="1" fill="black" stroke-width="0" stroke="black" />
<rect x="20" y="17" width="1" height="1" fill="black" stroke-width="0" stroke="black" />
<rect x="20" y="16" width="1" height="1" fill="black" stroke-width="0" stroke="black" />
<rect x="20" y="15" width="1" height="1" fill="black" stroke-width="0" stroke="black" />
<rect x="20" y="14" width="1" height="1" fill="black" stroke-width="0" stroke="black" />
<rect x="20" y="13" width="1" height="1" fill="black" stroke-width="0" stroke="black" />
<rect x="20" y="12" width="1" height="1" fill="black" stroke-width="0" stroke="black" />
<rect x="20" y="11" width="1" height="1" fill="black" stroke-width="0" stroke="black" />
<rect x="20" y="10" width="1" height="1" fill="black" stroke-width="0" stroke="black" />
<rect x="20" y="9" width="1" height="1" fill="black" stroke-width="0" stroke="black" />
<rect x="21" y="31" width="1" height="1" fill="black" stroke-width="0" stroke="black" />
<rect x="21" y="30" width="1" height="1" fill="black" stroke-width="0" stroke="black" />
<rect x="21" y="29" width="1" height="1" fill="black" stroke-width="0" stroke="black" />
<rect x="21" y="28" width="1" height="1" fill="black" stroke-width="0" stroke="black" />
<rect x="21" y="27" width="1" height="1" fill="black" stroke-width="0" stroke="black" />
<rect x="21" y="26" width="1" height="1" fill="black" stroke-width="0" stroke="black" />
<rect x="21" y="25" width="1" height="1" fill="black" stroke-width="0" stroke="black" />
<rect x="21" y="24" width="1" height="1" fill="black" stroke-width="0" stroke="black" />
<rect x="21" y="23" width="1" height="1" fill="black" stroke-width="0" stroke="black" />
<rect x="21" y="22" width="1" height="1" fill="black" stroke-width="0" stroke="black" />
<rect x="21" y="21" width="1" height="1" fill="black" stroke-width="0" stroke="black" />
<rect x="21" y="20" width="1" height="1" fill="black" stroke-width="0" stroke="black" />
<rect x="21" y="19" width="1" height="1" fill="black" stroke-width="0" stroke="black" />
<rect x="21" y="18" width="1" height="1" fill="black" stroke-width="0" stroke="black" />
<rect x="21" y="17" width="1" height="1" fill="black" stroke-width="0" stroke="black" />
<rect x="21" y="16" width="1" height="1" fill="black" stroke-width="0" stroke="black" />
<rect x="21" y="15" width="1" height="1" fill="black" stroke-width="0" stroke="black" />
<rect x="21" y="14" width="1" height="1" fill="black" stroke-width="0" stroke="black" />
<rect x="21" y="13" width="1" height="1" fill="black" stroke-width="0" stroke="black" />
<rect x="21" y="12" width="1" height="1" fill="black" stroke-width="0" stroke="black" />
<rect x="21" y="11" width="1" height="1" fill="black" stroke-width="0" stroke="black" />
<rect x="21" y="10" width="1" height="1" fill="black" stroke-width="0" stroke="black" />
<rect x="21" y="9" width="1" height="1" fill="black" stroke-width="0" stroke="black" />
<rect x="22" y="31" width="1" height="1" fill="black" stroke-width="0" stroke="black" />
<rect x="22" y="30" width="1" height="1" fill="black" stroke-width="0" stroke="black" />
<rect x="22" y="29" width="1" height="1" fill="black" stroke-width="0" stroke="black" />
<rect x="22" y="28" width="1" height="1" fill="black" stroke-width="0" stroke="black" />
<rect x="22" y="27" width="1" height="1" fill="black" stroke-width="0" stroke="black" />
<rect x="22" y="26" width="1" height="1" fill="black" stroke-width="0" stroke="black" />
<rect x="22" y="25" width="1" height="1" fill="black" stroke-width="0" stroke="black" />
<rect x="22" y="24" width="1" height="1" fill="black" stroke-width="0" stroke="black" />
<rect x="22" y="23" width="1" height="1" fill="black" stroke-width="0" stroke="black" />
<rect x="22" y="22" width="1" height="1" fill="black" stroke-width="0" stroke="black" />
<rect x="22" y="21" width="1" height="1" fill="black" stroke-width="0" stroke="black" />
<rect x="22" y="20" width="1" height="1" fill="black" stroke-width="0" stroke="black" />
<rect x="22" y="19" width="1" height="1" fill="black" stroke-width="0" stroke="black" />
<rect x="22" y="18" width="1" height="1" fill="black" stroke-width="0" stroke="black" />
<rect x="22" y="17" width="1" height="1" fill="black" stroke-width="0" stroke="black" />
<rect x="22" y="16" width="1" height="1" fill="black" stroke-width="0" stroke="black" />
<rect x="22" y="15" width="1" height="1" fill="black" stroke-width="0" stroke="black" />
<rect x="22" y="14" width="1" height="1" fill="black" stroke-width="0" stroke="black" />
<rect x="22" y="13" width="1" height="1" fill="black" stroke-width="0" stroke="black" />
<rect x="22" y="12" width="1" height="1" fill="black" stroke-width="0" stroke="black" />
<rect x="22" y="11" width="1" height="1" fill="black" stroke-width="0" stroke="black" />
<rect x="22" y="10" width="1" height="1" fill="black" stroke-width="0" stroke="black" />
<rect x="22" y="9" width="1" height="1" fill="black" stroke-width="0" stroke="black" />
<rect x="23" y="31" width="1" height="1" fill="black" stroke-width="0" stroke="black" />
<rect x="23" y="30" width="1" height="1" fill="black" stroke-width="0" stroke="black" />
<rect x="23" y="29" width="1" height="1" fill="black" stroke-width="0" stroke="black" />
<rect x="23" y="28" width="1" height="1" fill="black" stroke-width="0" stroke="black" />
<rect x="23" y="27" width="1" height="1" fill="black" stroke-width="0" stroke="black" />
<rect x="23" y="26" width="1" height="1" fill="black" stroke-width="0" stroke="black" />
<rect x="23" y="25" width="1" height="1" fill="black" stroke-width="0" stroke="black" />
<rect x="23" y="24" width="1" height="1" fill="black" stroke-width="0" stroke="black" />
<rect x="23" y="23" width="1" height="1" fill="black" stroke-width="0" stroke="black" />
<rect x="23" y="22" width="1" height="1" fill="black" stroke-width="0" stroke="black" />
<rect x="23" y="21" width="1" height="1" fill="black" stroke-width="0" stroke="black" />
<rect x="23" y="20" width="1" height="1" fill="black" stroke-width="0" stroke="black" />
<rect x="23" y="19" width="1" height="1" fill="black" stroke-width="0" stroke="black" />
<rect x="23" y="18" width="1" height="1" fill="black" stroke-width="0" stroke="black" />
<rect x="23" y="17" width="1" height="1" fill="black" stroke-width="0" stroke="black" />
<rect x="23" y="16" width="1" height="1" fill="black" stroke-width="0" stroke="black" />
<rect x="23" y="15" width="1" height="1" fill="black" stroke-width="0" stroke="black" />
<rect x="23" y="14" width="1" height="1" fill="black" stroke-width="0" stroke="black" />
<rect x="23" y="13" width="1" height="1" fill="black" stroke-width="0" stroke="black" />
<rect x="23" y="12" width="1" height="1" fill="black" stroke-width="0" stroke="black" />
<rect x="23" y="11" width="1" height="1" fill="black" stroke-width="0" stroke="black" />
<rect x="23" y="10" width="1" height="1" fill="black" stroke-width="0" stroke="black" />
<rect x="23" y="9" width="1" height="1" fill="black" stroke-width="0" stroke="black" />
<rect x="24" y="31" width="1" height="1" fill="black" stroke-width="0" stroke="black" />
<rect x="24" y="30" width="1" height="1" fill="black" stroke-width="0" stroke="black" />
<rect x="24" y="29" width="1" height="1" fill="black" stroke-width="0" stroke="black" />
<rect x="24" y="28" width="1" height="1" fill="black" stroke-width="0" stroke="black" />
<rect x="24" y="27" width="1" height="1" fill="black" stroke-width="0" stroke="black" />
<rect x="24" y="26" width="1" height="1" fill="black" stroke-width="0" stroke="black" />
<rect x="24" y="25" width="1" height="1" fill="black" stroke-width="0" stroke="black" />
<rect x="24" y="24" width="1" height="1" fill="black" stroke-width="0" stroke="black" />
<rect x="24" y="23" width="1" height="1" fill="black" stroke-width="0" stroke="black" />
<rect x="24" y="22" width="1" height="1" fill="black" stroke-width="0" stroke="black" />
<rect x="24" y="21" width="1" height="1" fill="black" stroke-width="0" stroke="black" />
<rect x="24" y="20" width="1" height="1" fill="black" stroke-width="0" stroke="black" />
<rect x="24" y="19" width="1" height="1" fill="black" stroke-width="0" stroke="black" />
<rect x="24" y="18" width="1" height="1" fill="black" stroke-width="0" stroke="black" />
<rect x="24" y="17" width="1" height="1" fill="black" stroke-width="0" stroke="black" />
<rect x="24" y="16" width="1" height="1" fill="black" stroke-width="0" stroke="black" />
<rect x="24" y="15" width="1" height="1" fill="black" stroke-width="0" stroke="black" />
<rect x="24" y="14" width="1" height="1" fill="black" stroke-width="0" stroke="black" />
<rect x="24" y="13" width="1" height="1" fill="black" stroke-width="0" stroke="black" />
<rect x="24" y="12" width="1" height="1" fill="black" stroke-width="0" stroke="black" />
<rect x="24" y="11" width="1" height="1" fill="black" stroke-width="0" stroke="black" />
<rect x="24" y="10" width="1" height="1" fill="black" stroke-width="0" stroke="black" />
<rect x="24" y="9" width="1" height="1" fill="black" stroke-width="0" stroke="black" />
<rect x="25" y="31" width="1" height="1" fill="black" stroke-width="0" stroke="black" />
<rect x="25" y="30" width="1" height="1" fill="black" stroke-width="0" stroke="black" />
<rect x="25" y="29" width="1" height="1" fill="black" stroke-width="0" stroke="black" />
<rect x="25" y="28" width="1" height="1" fill="black" stroke-width="0" stroke="black" />
<rect x="25" y="27" width="1" height="1" fill="black" stroke-width="0" stroke="black" />
<rect x="25" y="26" width="1" height="1" fill="black" stroke-width="0" stroke="black" />
<rect x="25" y="25" width="1" height="1" fill="black" stroke-width="0" stroke="black" />
<rect x="25" y="24" width="1" height="1" fill="black" stroke-width="0" stroke="black" />
<rect x="25" y="23" width="1" height="1" fill="black" stroke-width="0" stroke="black" />
<rect x="25" y="22" width="1" height="1" fill="black" stroke-width="0" stroke="black" />
<rect x="25" y="21" width="1" height="1" fill="black" stroke-width="0" stroke="black" />
<rect x="25" y="20" width="1" height="1" fill="black" stroke-width="0" stroke="black" />
<rect x="25" y="19" width="1" height="1" fill="black" stroke-width="0" stroke="black" />
<rect x="25" y="18" width="1" height="1" fill="black" stroke-width="0" stroke="black" />
<rect x="25" y="17" width="1" height="1" fill="black" stroke-width="0" stroke="black" />
<rect x="25" y="16" width="1" height="1" fill="black" stroke-width="0" stroke="black" />
<rect x="25" y="15" width="1" height="1" fill="black" stroke-width="0" stroke="black" />
<rect x="25" y="14" width="1" height="1" fill="black" stroke-width="0" stroke="black" />
<rect x="25" y="13" width="1" height="1" fill="black" stroke-width="0" stroke="black" />
<rect x="25" y="12" width="1" height="1" fill="black" stroke-width="0" stroke="black" />
<rect x="25" y="11" width="1" height="1" fill="black" stroke-width="0" stroke="black" />
<rect x="25" y="10" width="1" height="1" fill="black" stroke-width="0" stroke="black" />
<rect x="25" y="9" width="1" height="1" fill="black" stroke-width="0" stroke="black" />
<rect x="26" y="31" width="1" height="1" fill="black" stroke-width="0" stroke="black" />
<rect x="26" y="30" width="1" height="1" fill="black" stroke-width="0" stroke="black" />
<rect x="26" y="29" width="1" height="1" fill="black" stroke-width="0" stroke="black" />
<rect x="26" y="28" width="1" height="1" fill="black" stroke-width="0" stroke="black" />
<rect x="26" y="27" width="1" height="1" fill="black" stroke-width="0" stroke="black" />
<rect x="26" y="26" width="1" height="1" fill="black" stroke-width="0" stroke="black" />
<rect x="26" y="25" width="1" height="1" fill="black" stroke-width="0" stroke="black" />
<rect x="26" y="24" width="1" height="1" fill="black" stroke-width="0" stroke="black" />
<rect x="26" y="23" width="1" height="1" fill="black" stroke-width="0" stroke="black" />
<rect x="26" y="22" width="1" height="1" fill="black" stroke-width="0" stroke="black" />
<rect x="26" y="21" width="1" height="1" fill="black" stroke-width="0" stroke="black" />
<rect x="26" y="20" width="1" height="1" fill="black" stroke-width="0" stroke="black" />
<rect x="26" y="19" width="1" height="1" fill="black" stroke-width="0" stroke="black" />
<rect x="26" y="18" width="1" height="1" fill="black" stroke-width="0" stroke="black" />
<rect x="26" y="17" width="1" height="1" fill="black" stroke-width="0" stroke="black" />
<rect x="26" y="16" width="1" height="1" fill="black" stroke-width="0" stroke="black" />
<rect x="26" y="15" width="1" height="1" fill="black" stroke-width="0" stroke="black" />
<rect x="26" y="14" width="1" height="1" fill="black" stroke-width="0" stroke="black" />
<rect x="26" y="13" width="1" height="1" fill="black" stroke-width="0" stroke="black" />
<rect x="26" y="12" width="1" height="1" fill="black" stroke-width="0" stroke="black" />
<rect x="26" y="11" width="1" height="1" fill="black" stroke-width="0" stroke="black" />
<rect x="26" y="10" width="1" height="1" fill="black" stroke-width="0" stroke="black" />
<rect x="26" y="9" width="1" height="1" fill="black" stroke-width="0" stroke="black" />
<rect x="27" y="31" width="1" height="1" fill="black" stroke-width="0" stroke="black" />
<rect x="27" y="30" width="1" height="1" fill="black" stroke-width="0" stroke="black" />
<rect x="27" y="29" width="1" height="1" fill="black" stroke-width="0" stroke="black" />
<rect x="27" y="28" width="1" height="1" fill="black" stroke-width="0" stroke="black" />
<rect x="27" y="27" width="1" height="1" fill="black" stroke-width="0" stroke="black" />
<rect x="27" y="26" width="1" height="1" fill="black" stroke-width="0" stroke="black" />
<rect x="27" y="25" width="1" height="1" fill="black" stroke-width="0" stroke="black" />
<rect x="27" y="24" width="1" height="1" fill="black" stroke-width="0" stroke="black" />
<rect x="27" y="23" width="1" height="1" fill="black" stroke-width="0" stroke="black" />
<rect x="27" y="22" width="1" height="1" fill="black" stroke-width="0" stroke="black" />
<rect x="27" y="21" width="1" height="1" fill="black" stroke-width="0" stroke="black" />
<rect x="27" y="20" width="1" height="1" fill="black" stroke-width="0" stroke="black" />
<rect x="27" y="19" width="1" height="1" fill="black" stroke-width="0" stroke="black" />
<rect x="27" y="18" width="1" height="1" fill="black" stroke-width="0" stroke="black" />
<rect x="27" y="17" width="1" height="1" fill="black" stroke-width="0" stroke="black" />
<rect x="27" y="16" width="1" height="1" fill="black" stroke-width="0" stroke="black" />
<rect x="27" y="15" width="1" height="1" fill="black" stroke-width="0" stroke="black" />
<rect x="27" y="14" width="1" height="1" fill="black" stroke-width="0" stroke="black" />
<rect x="27" y="13" width="1" height="1" fill="black" stroke-width="0" stroke="black" />
<rect x="27" y="12" width="1" height="1" fill="black" stroke-width="0" stroke="black" />
<rect x="27" y="11" width="1" height="1" fill="black" stroke-width="0" stroke="black" />
<rect x="27" y="10" width="1" height="1" fill="black" stroke-width="0" stroke="black" />
<rect x="27" y="9" width="1" height="1" fill="black" stroke-width="0" stroke="black" />
<rect x="28" y="31" width="1" height="1" fill="black" stroke-width="0" stroke="black" />
<rect x="28" y="30" width="1" height="1" fill="black" stroke-width="0" stroke="black" />
<rect x="28" y="29" width="1" height="1" fill="black" stroke-width="0" stroke="black" />
<rect x="28" y="28" width="1" height="1" fill="black" stroke-width="0" stroke="black" />
<rect x="28" y="27" width="1" height="1" fill="black" stroke-width="0" stroke="black" />
<rect x="28" y="26" width="1" height="1" fill="black" stroke-width="0" stroke="black" />
<rect x="28" y="25" width="1" height="1" fill="black" stroke-width="0" stroke="black" />
<rect x="28" y="24" width="1" height="1" fill="black" stroke-width="0" stroke="black" />
<rect x="28" y="23" width="1" height="1" fill="black" stroke-width="0" stroke="black" />
<rect x="28" y="22" width="1" height="1" fill="black" stroke-width="0" stroke="black" />
<rect x="28" y="21" width="1" height="1" fill="black" stroke-width="0" stroke="black" />
<rect x="28" y="20" width="1" height="1" fill="black" stroke-width="0" stroke="black" />
<rect x="28" y="19" width="1" height="1" fill="black" stroke-width="0" stroke="black" />
<rect x="28" y="18" width="1" height="1" fill="black" stroke-width="0" stroke="black" />
<rect x="28" y="17" width="1" height="1" fill="black" stroke-width="0" stroke="black" />
<rect x="28" y="16" width="1" height="1" fill="black" stroke-width="0" stroke="black" />
<rect x="28" y="15" width="1" height="1" fill="black" stroke-width="0" stroke="black" />
<rect x="28" y="14" width="1" height="1" fill="black" stroke-width="0" stroke="black" />
<rect x="28" y="13" width="1" height="1" fill="black" stroke-width="0" stroke="black" />
<rect x="28" y="12" width="1" height="1" fill="black" stroke-width="0" stroke="black" />
<rect x="28" y="11" width="1" height="1" fill="black" stroke-width="0" stroke="black" />
<rect x="28" y="10" width="1" height="1" fill="black" stroke-width="0" stroke="black" />
<rect x="28" y="9" width="1" height="1" fill="black" stroke-width="0" stroke="black" />
<rect x="29" y="31" width="1" height="1" fill="black" stroke-width="0" stroke="black" />
<rect x="29" y="30" width="1" height="1" fill="black" stroke-width="0" stroke="black" />
<rect x="29" y="29" width="1" height="1" fill="black" stroke-width="0" stroke="black" />
<rect x="29" y="28" width="1" height="1" fill="black" stroke-width="0" stroke="black" />
<rect x="29" y="27" width="1" height="1" fill="black" stroke-width="0" stroke="black" />
<rect x="29" y="26" width="1" height="1" fill="black" stroke-width="0" stroke="black" />
<rect x="29" y="25" width="1" height="1" fill="black" stroke-width="0" stroke="black" />
<rect x="29" y="24" width="1" height="1" fill="black" stroke-width="0" stroke="black" />
<rect x="29" y="23" width="1" height="1" fill="black" stroke-width="0" stroke="black" />
<rect x="29" y="22" width="1" height="1" fill="black" stroke-width="0" stroke="black" />
<rect x="29" y="21" width="1" height="1" fill="black" stroke-width="0" stroke="black" />
<rect x="29" y="20" width="1" height="1" fill="black" stroke-width="0" stroke="black" />
<rect x="29" y="19" width="1" height="1" fill="black" stroke-width="0" stroke="black" />
<rect x="29" y="18" width="1" height="1" fill="black" stroke-width="0" stroke="black" />
<rect x="29" y="17" width="1" height="1" fill="black" stroke-width="0" stroke="black" />
<rect x="29" y="16" width="1" height="1" fill="black" stroke-width="0" stroke="black" />
<rect x="29" y="15" width="1" height="1" fill="black" stroke-width="0" stroke="black" />
<rect x="29" y="14" width="1" height="1" fill="black" stroke-width="0" stroke="black" />
<rect x="29" y="13" width="1" height="1" fill="black" stroke-width="0" stroke="black" />
<rect x="29" y="12" width="1" height="1" fill="black" stroke-width="0" stroke="black" />
<rect x="29" y="11" width="1" height="1" fill="black" stroke-width="0" stroke="black" />
<rect x="29" y="10" width="1" height="1" fill="black" stroke-width="0" stroke="black" />
<rect x="29" y="9" width="1" height="1" fill="black" stroke-width="0" stroke="black" />
<rect x="30" y="31" width="1" height="1" fill="black" stroke-width="0" stroke="black" />
<rect x="30" y="30" width="1" height="1" fill="black" stroke-width="0" stroke="black" />
<rect x="30" y="29" width="1" height="1" fill="black" stroke-width="0" stroke="black" />
<rect x="30" y="28" width="1" height="1" fill="black" stroke-width="0" stroke="black" />
<rect x="30" y="27" width="1" height="1" fill="black" stroke-width="0" stroke="black" />
<rect x="30" y="26" width="1" height="1" fill="black" stroke-width="0" stroke="black" />
<rect x="30" y="25" width="1" height="1" fill="black" stroke-width="0" stroke="black" />
<rect x="30" y="24" width="1" height="1" fill="black" stroke-width="0" stroke="black" />
<rect x="30" y="23" width="1" height="1" fill="black" stroke-width="0" stroke="black" />
<rect x="30" y="22" width="1" height="1" fill="black" stroke-width="0" stroke="black" />
<rect x="30" y="21" width="1" height="1" fill="black" stroke-width="0" stroke="black" />
<rect x="30" y="20" width="1" height="1" fill="black" stroke-width="0" stroke="black" />
<rect x="30" y="19" width="1" height="1" fill="black" stroke-width="0" stroke="black" />
<rect x="30" y="18" width="1" height="1" fill="black" stroke-width="0" stroke="black" />
<rect x="30" y="17" width="1" height="1" fill="black" stroke-width="0" stroke="black" />
<rect x="30" y="16" width="1" height="1" fill="black" stroke-width="0" stroke="black" />
<rect x="30" y="15" width="1" height="1" fill="black" stroke-width="0" stroke="black" />
<rect x="30" y="14" width="1" height="1" fill="black" stroke-width="0" stroke="black" />
<rect x="30" y="13" width="1" height="1" fill="black" stroke-width="0" stroke="black" />
<rect x="30" y="12" width="1" height="1" fill="black" stroke-width="0" stroke="black" />
<rect x="30" y="11" width="1" height="1" fill="black" stroke-width="0" stroke="black" />
<rect x="30" y="10" width="1" height="1" fill="black" stroke-width="0" stroke="black" />
<rect x="31" y="31" width="1" height="1" fill="black" stroke-width="0" stroke="black" />
<rect x="31" y="30" width="1" height="1" fill="black" stroke-width="0" stroke="black" />
<rect x="31" y="29" width="1" height="1" fill="black" stroke-width="0" stroke="black" />
<rect x="31" y="28" width="1" height="1" fill="black" stroke-width="0" stroke="black" />
<rect x="31" y="19" width="1" height="1" fill="black" stroke-width="0" stroke="black" />
<rect x="31" y="18" width="1" height="1" fill="black" stroke-width="0" stroke="black" />
<rect x="31" y="17" width="1" height="1" fill="black" stroke-width="0" stroke="black" />
<rect x="31" y="16" width="1" height="1" fill="black" stroke-width="0" stroke="black" />
<rect x="32" y="31" width="1" height="1" fill="black" stroke-width="0" stroke="black" />
<rect x="32" y="28" width="1" height="1" fill="black" stroke-width="0" stroke="black" />
</svg>
