<?xml version="1.0" encoding="UTF-8"?>
<!DOCTYPE svg PUBLIC "-//W3C//DTD SVG 1.1//EN"
          "http://www.w3.org/Graphics/SVG/1.1/DTD/svg11.dtd">
<svg xmlns="http://www.w3.org/2000/svg" version="1.1"
     width="25" height="25">
<rect x="0" y="0" width="25" height="25" fill="white" stroke="white" stroke-width="0"/>
<rect x="7" y="23" width="1" height="1" fill="black" stroke-width="0" stroke="black" />
<rect x="7" y="22" width="1" height="1" fill="black" stroke-width="0" stroke="black" />
<rect x="7" y="20" width="1" height="1" fill="black" stroke-width="0" stroke="black" />
<rect x="7" y="10" width="1" height="1" fill="black" stroke-width="0" stroke="black" />
<rect x="7" y="24" width="1" height="1" fill="black" stroke-width="0" stroke="black" />
<rect x="8" y="23" width="1" height="1" fill="black" stroke-width="0" stroke="black" />
<rect x="8" y="22" width="1" height="1" fill="black" stroke-width="0" stroke="black" />
<rect x="8" y="20" width="1" height="1" fill="black" stroke-width="0" stroke="black" />
<rect x="8" y="10" width="1" height="1" fill="black" stroke-width="0" stroke="black" />
<rect x="8" y="24" width="1" height="1" fill="black" stroke-width="0" stroke="black" />
<rect x="9" y="23" width="1" height="1" fill="black" stroke-width="0" stroke="black" />
<rect x="9" y="22" width="1" height="1" fill="black" stroke-width="0" stroke="black" />
<rect x="9" y="20" width="1" height="1" fill="black" stroke-width="0" stroke="black" />
<rect x="9" y="10" width="1" height="1" fill="black" stroke-width="0" stroke="black" />
<rect x="9" y="24" width="1" height="1" fill="black" stroke-width="0" stroke="black" />
<rect x="10" y="23" width="1" height="1" fill="black" stroke-width="0" stroke="black" />
<rect x="10" y="22" width="1" height="1" fill="black" stroke-width="0" stroke="black" />
<rect x="10" y="20" width="1" height="1" fill="black" stroke-width="0" stroke="black" />
<rect x="10" y="10" width="1" height="1" fill="black" stroke-width="0" stroke="black" />
<rect x="10" y="24" width="1" height="1" fill="black" stroke-width="0" stroke="black" />
<rect x="11" y="23" width="1" height="1" fill="black" stroke-width="0" stroke="black" />
<rect x="11" y="22" width="1" height="1" fill="black" stroke-width="0" stroke="black" />
<rect x="11" y="20" width="1" height="1" fill="black" stroke-width="0" stroke="black" />
<rect x="11" y="10" width="1" height="1" fill="black" stroke-width="0" stroke="black" />
<rect x="11" y="9" width="1" height="1" fill="black" stroke-width="0" stroke="black" />
<rect x="11" y="8" width="1" height="1" fill="black" stroke-width="0" stroke="black" />
<rect x="11" y="6" width="1" height="1" fill="black" stroke-width="0" stroke="black" />
<rect x="11" y="5" width="1" height="1" fill="black" stroke-width="0" stroke="black" />
<rect x="11" y="4" width="1" height="1" fill="black" stroke-width="0" stroke="black" />
<rect x="11" y="3" width="1" height="1" fill="black" stroke-width="0" stroke="black" />
<rect x="11" y="2" width="1" height="1" fill="black" stroke-width="0" stroke="black" />
<rect x="11" y="1" width="1" height="1" fill="black" stroke-width="0" stroke="black" />
<rect x="11" y="0" width="1" height="1" fill="black" stroke-width="0" stroke="black" />
<rect x="11" y="24" width="1" height="1" fill="black" stroke-width="0" stroke="black" />
<rect x="12" y="23" width="1" height="1" fill="black" stroke-width="0" stroke="black" />
<rect x="12" y="22" width="1" height="1" fill="black" stroke-width="0" stroke="black" />
<rect x="12" y="20" width="1" height="1" fill="black" stroke-width="0" stroke="black" />
</svg>
