<?xml version="1.0" encoding="UTF-8"?>
<!DOCTYPE svg PUBLIC "-//W3C//DTD SVG 1.1//EN"
          "http://www.w3.org/Graphics/SVG/1.1/DTD/svg11.dtd">
<svg xmlns="http://www.w3.org/2000/svg" version="1.1"
     width="21" height="21">
<rect x="0" y="0" width="21" height="21" fill="white" stroke="white" stroke-width="0"/>
<polyline points="13,9 13,10 13,11 13,12 12,12 11,12 10,12 9,12 8,12 7,12 6,12 6,11 6,10 6,9 6,8 7,8 8,8 9,8 10,8 11,8 12,8 13,8 13,9 " fill="none" stroke="black" stroke-width="1" />
</svg>
