<?xml version="1.0" encoding="UTF-8"?>
<!DOCTYPE svg PUBLIC "-//W3C//DTD SVG 1.1//EN"
          "http://www.w3.org/Graphics/SVG/1.1/DTD/svg11.dtd">
<svg xmlns="http://www.w3.org/2000/svg" version="1.1"
     width="97" height="89">
<rect x="0" y="0" width="97" height="89" fill="white" stroke="white" stroke-width="0"/>
<text x="2" y="13" fill="black">Cross-section A</text>
<rect x="2" y="74" width="1" height="1" fill="black" stroke-width="0" stroke="black" />
<rect x="2" y="73" width="1" height="1" fill="black" stroke-width="0" stroke="black" />
<rect x="2" y="72" width="1" height="1" fill="black" stroke-width="0" stroke="black" />
<rect x="2" y="71" width="1" height="1" fill="black" stroke-width="0" stroke="black" />
<rect x="2" y="70" width="1" height="1" fill="black" stroke-width="0" stroke="black" />
<rect x="2" y="69" width="1" height="1" fill="black" stroke-width="0" stroke="black" />
<rect x="2" y="68" width="1" height="1" fill="black" stroke-width="0" stroke="black" />
<rect x="2" y="67" width="1" height="1" fill="black" stroke-width="0" stroke="black" />
<rect x="2" y="66" width="1" height="1" fill="black" stroke-width="0" stroke="black" />
<rect x="2" y="65" width="1" height="1" fill="black" stroke-width="0" stroke="black" />
<rect x="2" y="64" width="1" height="1" fill="black" stroke-width="0" stroke="black" />
<rect x="2" y="63" width="1" height="1" fill="black" stroke-width="0" stroke="black" />
<rect x="2" y="62" width="1" height="1" fill="black" stroke-width="0" stroke="black" />
<rect x="2" y="61" width="1" height="1" fill="black" stroke-width="0" stroke="black" />
<rect x="2" y="60" width="1" height="1" fill="black" stroke-width="0" stroke="black" />
<rect x="2" y="59" width="1" height="1" fill="black" stroke-width="0" stroke="black" />
<rect x="2" y="58" width="1" height="1" fill="black" stroke-width="0" stroke="black" />
<rect x="2" y="57" width="1" height="1" fill="black" stroke-width="0" stroke="black" />
<rect x="2" y="56" width="1" height="1" fill="black" stroke-width="0" stroke="black" />
<rect x="2" y="55" width="1" height="1" fill="black" stroke-width="0" stroke="black" />
<rect x="2" y="54" width="1" height="1" fill="black" stroke-width="0" stroke="black" />
<rect x="3" y="74" width="1" height="1" fill="black" stroke-width="0" stroke="black" />
<rect x="3" y="54" width="1" height="1" fill="black" stroke-width="0" stroke="black" />
<rect x="4" y="74" width="1" height="1" fill="black" stroke-width="0" stroke="black" />
<rect x="4" y="54" width="1" height="1" fill="black" stroke-width="0" stroke="black" />
<rect x="5" y="74" width="1" height="1" fill="black" stroke-width="0" stroke="black" />
<rect x="5" y="54" width="1" height="1" fill="black" stroke-width="0" stroke="black" />
<rect x="6" y="74" width="1" height="1" fill="black" stroke-width="0" stroke="black" />
<rect x="6" y="54" width="1" height="1" fill="black" stroke-width="0" stroke="black" />
<rect x="7" y="74" width="1" height="1" fill="black" stroke-width="0" stroke="black" />
<rect x="7" y="54" width="1" height="1" fill="black" stroke-width="0" stroke="black" />
<rect x="8" y="74" width="1" height="1" fill="black" stroke-width="0" stroke="black" />
<rect x="8" y="54" width="1" height="1" fill="black" stroke-width="0" stroke="black" />
<rect x="9" y="74" width="1" height="1" fill="black" stroke-width="0" stroke="black" />
<rect x="9" y="54" width="1" height="1" fill="black" stroke-width="0" stroke="black" />
<rect x="10" y="74" width="1" height="1" fill="black" stroke-width="0" stroke="black" />
<rect x="10" y="54" width="1" height="1" fill="black" stroke-width="0" stroke="black" />
<rect x="11" y="74" width="1" height="1" fill="black" stroke-width="0" stroke="black" />
<rect x="11" y="54" width="1" height="1" fill="black" stroke-width="0" stroke="black" />
<rect x="12" y="74" width="1" height="1" fill="black" stroke-width="0" stroke="black" />
<rect x="12" y="54" width="1" height="1" fill="black" stroke-width="0" stroke="black" />
<rect x="13" y="74" width="1" height="1" fill="black" stroke-width="0" stroke="black" />
<rect x="13" y="54" width="1" height="1" fill="black" stroke-width="0" stroke="black" />
<rect x="14" y="74" width="1" height="1" fill="black" stroke-width="0" stroke="black" />
<rect x="14" y="54" width="1" height="1" fill="black" stroke-width="0" stroke="black" />
<rect x="15" y="74" width="1" height="1" fill="black" stroke-width="0" stroke="black" />
<rect x="15" y="54" width="1" height="1" fill="black" stroke-width="0" stroke="black" />
<rect x="16" y="74" width="1" height="1" fill="black" stroke-width="0" stroke="black" />
<rect x="16" y="54" width="1" height="1" fill="black" stroke-width="0" stroke="black" />
<rect x="17" y="74" width="1" height="1" fill="black" stroke-width="0" stroke="black" />
<rect x="17" y="54" width="1" height="1" fill="black" stroke-width="0" stroke="black" />
<rect x="18" y="74" width="1" height="1" fill="black" stroke-width="0" stroke="black" />
<rect x="18" y="54" width="1" height="1" fill="black" stroke-width="0" stroke="black" />
<rect x="19" y="74" width="1" height="1" fill="black" stroke-width="0" stroke="black" />
<rect x="19" y="54" width="1" height="1" fill="black" stroke-width="0" stroke="black" />
<rect x="20" y="74" width="1" height="1" fill="black" stroke-width="0" stroke="black" />
<rect x="20" y="54" width="1" height="1" fill="black" stroke-width="0" stroke="black" />
<rect x="21" y="74" width="1" height="1" fill="black" stroke-width="0" stroke="black" />
<rect x="21" y="73" width="1" height="1" fill="black" stroke-width="0" stroke="black" />
<rect x="21" y="72" width="1" height="1" fill="black" stroke-width="0" stroke="black" />
<rect x="21" y="71" width="1" height="1" fill="black" stroke-width="0" stroke="black" />
<rect x="21" y="70" width="1" height="1" fill="black" stroke-width="0" stroke="black" />
<rect x="21" y="69" width="1" height="1" fill="black" stroke-width="0" stroke="black" />
<rect x="21" y="68" width="1" height="1" fill="black" stroke-width="0" stroke="black" />
<rect x="21" y="67" width="1" height="1" fill="black" stroke-width="0" stroke="black" />
<rect x="21" y="66" width="1" height="1" fill="black" stroke-width="0" stroke="black" />
<rect x="21" y="65" width="1" height="1" fill="black" stroke-width="0" stroke="black" />
<rect x="21" y="64" width="1" height="1" fill="black" stroke-width="0" stroke="black" />
<rect x="21" y="63" width="1" height="1" fill="black" stroke-width="0" stroke="black" />
<rect x="21" y="62" width="1" height="1" fill="black" stroke-width="0" stroke="black" />
<rect x="21" y="61" width="1" height="1" fill="black" stroke-width="0" stroke="black" />
<rect x="21" y="60" width="1" height="1" fill="black" stroke-width="0" stroke="black" />
<rect x="21" y="59" width="1" height="1" fill="black" stroke-width="0" stroke="black" />
<rect x="21" y="58" width="1" height="1" fill="black" stroke-width="0" stroke="black" />
<rect x="21" y="57" width="1" height="1" fill="black" stroke-width="0" stroke="black" />
<rect x="21" y="56" width="1" height="1" fill="black" stroke-width="0" stroke="black" />
<rect x="21" y="55" width="1" height="1" fill="black" stroke-width="0" stroke="black" />
<rect x="21" y="54" width="1" height="1" fill="black" stroke-width="0" stroke="black" />
<rect x="21" y="53" width="1" height="1" fill="black" stroke-width="0" stroke="black" />
<rect x="21" y="52" width="1" height="1" fill="black" stroke-width="0" stroke="black" />
<rect x="21" y="51" width="1" height="1" fill="black" stroke-width="0" stroke="black" />
<rect x="21" y="50" width="1" height="1" fill="black" stroke-width="0" stroke="black" />
<rect x="21" y="49" width="1" height="1" fill="black" stroke-width="0" stroke="black" />
<rect x="21" y="48" width="1" height="1" fill="black" stroke-width="0" stroke="black" />
<rect x="21" y="47" width="1" height="1" fill="black" stroke-width="0" stroke="black" />
<rect x="21" y="46" width="1" height="1" fill="black" stroke-width="0" stroke="black" />
<rect x="21" y="45" width="1" height="1" fill="black" stroke-width="0" stroke="black" />
<rect x="22" y="74" width="1" height="1" fill="black" stroke-width="0" stroke="black" />
<rect x="22" y="73" width="1" height="1" fill="black" stroke-width="0" stroke="black" />
<rect x="22" y="72" width="1" height="1" fill="black" stroke-width="0" stroke="black" />
<rect x="22" y="71" width="1" height="1" fill="black" stroke-width="0" stroke="black" />
<rect x="22" y="70" width="1" height="1" fill="black" stroke-width="0" stroke="black" />
<rect x="22" y="69" width="1" height="1" fill="black" stroke-width="0" stroke="black" />
<rect x="22" y="68" width="1" height="1" fill="black" stroke-width="0" stroke="black" />
<rect x="22" y="67" width="1" height="1" fill="black" stroke-width="0" stroke="black" />
<rect x="22" y="66" width="1" height="1" fill="black" stroke-width="0" stroke="black" />
<rect x="22" y="65" width="1" height="1" fill="black" stroke-width="0" stroke="black" />
<rect x="22" y="64" width="1" height="1" fill="black" stroke-width="0" stroke="black" />
<rect x="22" y="63" width="1" height="1" fill="black" stroke-width="0" stroke="black" />
<rect x="22" y="62" width="1" height="1" fill="black" stroke-width="0" stroke="black" />
<rect x="22" y="61" width="1" height="1" fill="black" stroke-width="0" stroke="black" />
<rect x="22" y="60" width="1" height="1" fill="black" stroke-width="0" stroke="black" />
<rect x="22" y="59" width="1" height="1" fill="black" stroke-width="0" stroke="black" />
<rect x="22" y="58" width="1" height="1" fill="black" stroke-width="0" stroke="black" />
<rect x="22" y="57" width="1" height="1" fill="black" stroke-width="0" stroke="black" />
<rect x="22" y="56" width="1" height="1" fill="black" stroke-width="0" stroke="black" />
<rect x="22" y="55" width="1" height="1" fill="black" stroke-width="0" stroke="black" />
<rect x="22" y="54" width="1" height="1" fill="black" stroke-width="0" stroke="black" />
<rect x="22" y="45" width="1" height="1" fill="black" stroke-width="0" stroke="black" />
<rect x="23" y="74" width="1" height="1" fill="black" stroke-width="0" stroke="black" />
<rect x="23" y="45" width="1" height="1" fill="black" stroke-width="0" stroke="black" />
<rect x="24" y="74" width="1" height="1" fill="black" stroke-width="0" stroke="black" />
<rect x="24" y="45" width="1" height="1" fill="black" stroke-width="0" stroke="black" />
<rect x="25" y="74" width="1" height="1" fill="black" stroke-width="0" stroke="black" />
<rect x="25" y="45" width="1" height="1" fill="black" stroke-width="0" stroke="black" />
<rect x="26" y="74" width="1" height="1" fill="black" stroke-width="0" stroke="black" />
<rect x="26" y="45" width="1" height="1" fill="black" stroke-width="0" stroke="black" />
<rect x="27" y="74" width="1" height="1" fill="black" stroke-width="0" stroke="black" />
<rect x="27" y="45" width="1" height="1" fill="black" stroke-width="0" stroke="black" />
<rect x="28" y="74" width="1" height="1" fill="black" stroke-width="0" stroke="black" />
<rect x="28" y="45" width="1" height="1" fill="black" stroke-width="0" stroke="black" />
<rect x="29" y="74" width="1" height="1" fill="black" stroke-width="0" stroke="black" />
<rect x="29" y="45" width="1" height="1" fill="black" stroke-width="0" stroke="black" />
<rect x="30" y="74" width="1" height="1" fill="black" stroke-width="0" stroke="black" />
<rect x="30" y="45" width="1" height="1" fill="black" stroke-width="0" stroke="black" />
<rect x="31" y="74" width="1" height="1" fill="black" stroke-width="0" stroke="black" />
<rect x="31" y="45" width="1" height="1" fill="black" stroke-width="0" stroke="black" />
<rect x="32" y="74" width="1" height="1" fill="black" stroke-width="0" stroke="black" />
<rect x="32" y="45" width="1" height="1" fill="black" stroke-width="0" stroke="black" />
<rect x="33" y="74" width="1" height="1" fill="black" stroke-width="0" stroke="black" />
<rect x="33" y="45" width="1" height="1" fill="black" stroke-width="0" stroke="black" />
<rect x="34" y="74" width="1" height="1" fill="black" stroke-width="0" stroke="black" />
<rect x="34" y="45" width="1" height="1" fill="black" stroke-width="0" stroke="black" />
<rect x="35" y="74" width="1" height="1" fill="black" stroke-width="0" stroke="black" />
<rect x="35" y="45" width="1" height="1" fill="black" stroke-width="0" stroke="black" />
<rect x="36" y="74" width="1" height="1" fill="black" stroke-width="0" stroke="black" />
<rect x="36" y="45" width="1" height="1" fill="black" stroke-width="0" stroke="black" />
<rect x="37" y="74" width="1" height="1" fill="black" stroke-width="0" stroke="black" />
<rect x="37" y="45" width="1" height="1" fill="black" stroke-width="0" stroke="black" />
<rect x="38" y="74" width="1" height="1" fill="black" stroke-width="0" stroke="black" />
<rect x="38" y="45" width="1" height="1" fill="black" stroke-width="0" stroke="black" />
<rect x="39" y="74" width="1" height="1" fill="black" stroke-width="0" stroke="black" />
<rect x="39" y="45" width="1" height="1" fill="black" stroke-width="0" stroke="black" />
<rect x="40" y="74" width="1" height="1" fill="black" stroke-width="0" stroke="black" />
<rect x="40" y="45" width="1" height="1" fill="black" stroke-width="0" stroke="black" />
<rect x="41" y="74" width="1" height="1" fill="black" stroke-width="0" stroke="black" />
<rect x="41" y="73" width="1" height="1" fill="black" stroke-width="0" stroke="black" />
<rect x="41" y="72" width="1" height="1" fill="black" stroke-width="0" stroke="black" />
<rect x="41" y="71" width="1" height="1" fill="black" stroke-width="0" stroke="black" />
<rect x="41" y="70" width="1" height="1" fill="black" stroke-width="0" stroke="black" />
<rect x="41" y="69" width="1" height="1" fill="black" stroke-width="0" stroke="black" />
<rect x="41" y="68" width="1" height="1" fill="black" stroke-width="0" stroke="black" />
<rect x="41" y="67" width="1" height="1" fill="black" stroke-width="0" stroke="black" />
<rect x="41" y="66" width="1" height="1" fill="black" stroke-width="0" stroke="black" />
<rect x="41" y="65" width="1" height="1" fill="black" stroke-width="0" stroke="black" />
<rect x="41" y="64" width="1" height="1" fill="black" stroke-width="0" stroke="black" />
<rect x="41" y="63" width="1" height="1" fill="black" stroke-width="0" stroke="black" />
<rect x="41" y="62" width="1" height="1" fill="black" stroke-width="0" stroke="black" />
<rect x="41" y="61" width="1" height="1" fill="black" stroke-width="0" stroke="black" />
<rect x="41" y="60" width="1" height="1" fill="black" stroke-width="0" stroke="black" />
<rect x="41" y="59" width="1" height="1" fill="black" stroke-width="0" stroke="black" />
<rect x="41" y="58" width="1" height="1" fill="black" stroke-width="0" stroke="black" />
<rect x="41" y="57" width="1" height="1" fill="black" stroke-width="0" stroke="black" />
<rect x="41" y="56" width="1" height="1" fill="black" stroke-width="0" stroke="black" />
<rect x="41" y="55" width="1" height="1" fill="black" stroke-width="0" stroke="black" />
<rect x="41" y="54" width="1" height="1" fill="black" stroke-width="0" stroke="black" />
<rect x="41" y="53" width="1" height="1" fill="black" stroke-width="0" stroke="black" />
<rect x="41" y="52" width="1" height="1" fill="black" stroke-width="0" stroke="black" />
<rect x="41" y="51" width="1" height="1" fill="black" stroke-width="0" stroke="black" />
<rect x="41" y="50" width="1" height="1" fill="black" stroke-width="0" stroke="black" />
<rect x="41" y="49" width="1" height="1" fill="black" stroke-width="0" stroke="black" />
<rect x="41" y="48" width="1" height="1" fill="black" stroke-width="0" stroke="black" />
<rect x="41" y="47" width="1" height="1" fill="black" stroke-width="0" stroke="black" />
<rect x="41" y="46" width="1" height="1" fill="black" stroke-width="0" stroke="black" />
<rect x="41" y="45" width="1" height="1" fill="black" stroke-width="0" stroke="black" />
<rect x="41" y="44" width="1" height="1" fill="black" stroke-width="0" stroke="black" />
<rect x="41" y="43" width="1" height="1" fill="black" stroke-width="0" stroke="black" />
<rect x="41" y="42" width="1" height="1" fill="black" stroke-width="0" stroke="black" />
<rect x="41" y="41" width="1" height="1" fill="black" stroke-width="0" stroke="black" />
<rect x="41" y="40" width="1" height="1" fill="black" stroke-width="0" stroke="black" />
<rect x="41" y="39" width="1" height="1" fill="black" stroke-width="0" stroke="black" />
<rect x="41" y="38" width="1" height="1" fill="black" stroke-width="0" stroke="black" />
<rect x="41" y="37" width="1" height="1" fill="black" stroke-width="0" stroke="black" />
<rect x="41" y="36" width="1" height="1" fill="black" stroke-width="0" stroke="black" />
<rect x="41" y="35" width="1" height="1" fill="black" stroke-width="0" stroke="black" />
<rect x="41" y="34" width="1" height="1" fill="black" stroke-width="0" stroke="black" />
<rect x="41" y="33" width="1" height="1" fill="black" stroke-width="0" stroke="black" />
<rect x="42" y="74" width="1" height="1" fill="black" stroke-width="0" stroke="black" />
<rect x="42" y="33" width="1" height="1" fill="black" stroke-width="0" stroke="black" />
<rect x="43" y="74" width="1" height="1" fill="black" stroke-width="0" stroke="black" />
<rect x="43" y="33" width="1" height="1" fill="black" stroke-width="0" stroke="black" />
<rect x="44" y="74" width="1" height="1" fill="black" stroke-width="0" stroke="black" />
<rect x="44" y="33" width="1" height="1" fill="black" stroke-width="0" stroke="black" />
<rect x="45" y="74" width="1" height="1" fill="black" stroke-width="0" stroke="black" />
<rect x="45" y="33" width="1" height="1" fill="black" stroke-width="0" stroke="black" />
<rect x="46" y="74" width="1" height="1" fill="black" stroke-width="0" stroke="black" />
<rect x="46" y="33" width="1" height="1" fill="black" stroke-width="0" stroke="black" />
<rect x="47" y="74" width="1" height="1" fill="black" stroke-width="0" stroke="black" />
<rect x="47" y="33" width="1" height="1" fill="black" stroke-width="0" stroke="black" />
<rect x="48" y="74" width="1" height="1" fill="black" stroke-width="0" stroke="black" />
<rect x="48" y="33" width="1" height="1" fill="black" stroke-width="0" stroke="black" />
<rect x="49" y="74" width="1" height="1" fill="black" stroke-width="0" stroke="black" />
<rect x="49" y="33" width="1" height="1" fill="black" stroke-width="0" stroke="black" />
<rect x="50" y="74" width="1" height="1" fill="black" stroke-width="0" stroke="black" />
<rect x="50" y="33" width="1" height="1" fill="black" stroke-width="0" stroke="black" />
<rect x="51" y="74" width="1" height="1" fill="black" stroke-width="0" stroke="black" />
<rect x="51" y="33" width="1" height="1" fill="black" stroke-width="0" stroke="black" />
<rect x="52" y="74" width="1" height="1" fill="black" stroke-width="0" stroke="black" />
<rect x="52" y="33" width="1" height="1" fill="black" stroke-width="0" stroke="black" />
<rect x="53" y="74" width="1" height="1" fill="black" stroke-width="0" stroke="black" />
<rect x="53" y="33" width="1" height="1" fill="black" stroke-width="0" stroke="black" />
<rect x="54" y="74" width="1" height="1" fill="black" stroke-width="0" stroke="black" />
<rect x="54" y="33" width="1" height="1" fill="black" stroke-width="0" stroke="black" />
<rect x="55" y="74" width="1" height="1" fill="black" stroke-width="0" stroke="black" />
<rect x="55" y="33" width="1" height="1" fill="black" stroke-width="0" stroke="black" />
<rect x="56" y="74" width="1" height="1" fill="black" stroke-width="0" stroke="black" />
<rect x="56" y="33" width="1" height="1" fill="black" stroke-width="0" stroke="black" />
<rect x="57" y="74" width="1" height="1" fill="black" stroke-width="0" stroke="black" />
<rect x="57" y="33" width="1" height="1" fill="black" stroke-width="0" stroke="black" />
<rect x="58" y="74" width="1" height="1" fill="black" stroke-width="0" stroke="black" />
<rect x="58" y="33" width="1" height="1" fill="black" stroke-width="0" stroke="black" />
<rect x="59" y="74" width="1" height="1" fill="black" stroke-width="0" stroke="black" />
<rect x="59" y="33" width="1" height="1" fill="black" stroke-width="0" stroke="black" />
<rect x="60" y="74" width="1" height="1" fill="black" stroke-width="0" stroke="black" />
<rect x="60" y="73" width="1" height="1" fill="black" stroke-width="0" stroke="black" />
<rect x="60" y="72" width="1" height="1" fill="black" stroke-width="0" stroke="black" />
<rect x="60" y="71" width="1" height="1" fill="black" stroke-width="0" stroke="black" />
<rect x="60" y="70" width="1" height="1" fill="black" stroke-width="0" stroke="black" />
<rect x="60" y="69" width="1" height="1" fill="black" stroke-width="0" stroke="black" />
<rect x="60" y="68" width="1" height="1" fill="black" stroke-width="0" stroke="black" />
<rect x="60" y="67" width="1" height="1" fill="black" stroke-width="0" stroke="black" />
<rect x="60" y="66" width="1" height="1" fill="black" stroke-width="0" stroke="black" />
<rect x="60" y="65" width="1" height="1" fill="black" stroke-width="0" stroke="black" />
<rect x="60" y="64" width="1" height="1" fill="black" stroke-width="0" stroke="black" />
<rect x="60" y="63" width="1" height="1" fill="black" stroke-width="0" stroke="black" />
<rect x="60" y="62" width="1" height="1" fill="black" stroke-width="0" stroke="black" />
<rect x="60" y="61" width="1" height="1" fill="black" stroke-width="0" stroke="black" />
<rect x="60" y="60" width="1" height="1" fill="black" stroke-width="0" stroke="black" />
<rect x="60" y="59" width="1" height="1" fill="black" stroke-width="0" stroke="black" />
<rect x="60" y="58" width="1" height="1" fill="black" stroke-width="0" stroke="black" />
<rect x="60" y="57" width="1" height="1" fill="black" stroke-width="0" stroke="black" />
<rect x="60" y="56" width="1" height="1" fill="black" stroke-width="0" stroke="black" />
<rect x="60" y="55" width="1" height="1" fill="black" stroke-width="0" stroke="black" />
<rect x="60" y="54" width="1" height="1" fill="black" stroke-width="0" stroke="black" />
<rect x="60" y="53" width="1" height="1" fill="black" stroke-width="0" stroke="black" />
<rect x="60" y="52" width="1" height="1" fill="black" stroke-width="0" stroke="black" />
<rect x="60" y="51" width="1" height="1" fill="black" stroke-width="0" stroke="black" />
<rect x="60" y="50" width="1" height="1" fill="black" stroke-width="0" stroke="black" />
<rect x="60" y="49" width="1" height="1" fill="black" stroke-width="0" stroke="black" />
<rect x="60" y="48" width="1" height="1" fill="black" stroke-width="0" stroke="black" />
<rect x="60" y="47" width="1" height="1" fill="black" stroke-width="0" stroke="black" />
<rect x="60" y="46" width="1" height="1" fill="black" stroke-width="0" stroke="black" />
<rect x="60" y="45" width="1" height="1" fill="black" stroke-width="0" stroke="black" />
<rect x="60" y="44" width="1" height="1" fill="black" stroke-width="0" stroke="black" />
<rect x="60" y="43" width="1" height="1" fill="black" stroke-width="0" stroke="black" />
<rect x="60" y="42" width="1" height="1" fill="black" stroke-width="0" stroke="black" />
<rect x="60" y="41" width="1" height="1" fill="black" stroke-width="0" stroke="black" />
<rect x="60" y="40" width="1" height="1" fill="black" stroke-width="0" stroke="black" />
<rect x="60" y="39" width="1" height="1" fill="black" stroke-width="0" stroke="black" />
<rect x="60" y="38" width="1" height="1" fill="black" stroke-width="0" stroke="black" />
<rect x="60" y="37" width="1" height="1" fill="black" stroke-width="0" stroke="black" />
<rect x="60" y="36" width="1" height="1" fill="black" stroke-width="0" stroke="black" />
<rect x="60" y="35" width="1" height="1" fill="black" stroke-width="0" stroke="black" />
<rect x="60" y="34" width="1" height="1" fill="black" stroke-width="0" stroke="black" />
<rect x="60" y="33" width="1" height="1" fill="black" stroke-width="0" stroke="black" />
<rect x="60" y="32" width="1" height="1" fill="black" stroke-width="0" stroke="black" />
<rect x="60" y="31" width="1" height="1" fill="black" stroke-width="0" stroke="black" />
<rect x="60" y="30" width="1" height="1" fill="black" stroke-width="0" stroke="black" />
<rect x="60" y="29" width="1" height="1" fill="black" stroke-width="0" stroke="black" />
<rect x="60" y="28" width="1" height="1" fill="black" stroke-width="0" stroke="black" />
<rect x="60" y="27" width="1" height="1" fill="black" stroke-width="0" stroke="black" />
<rect x="60" y="26" width="1" height="1" fill="black" stroke-width="0" stroke="black" />
<rect x="60" y="25" width="1" height="1" fill="black" stroke-width="0" stroke="black" />
<rect x="60" y="24" width="1" height="1" fill="black" stroke-width="0" stroke="black" />
<rect x="60" y="23" width="1" height="1" fill="black" stroke-width="0" stroke="black" />
<rect x="60" y="22" width="1" height="1" fill="black" stroke-width="0" stroke="black" />
<rect x="60" y="21" width="1" height="1" fill="black" stroke-width="0" stroke="black" />
<rect x="60" y="20" width="1" height="1" fill="black" stroke-width="0" stroke="black" />
<rect x="60" y="19" width="1" height="1" fill="black" stroke-width="0" stroke="black" />
<rect x="60" y="18" width="1" height="1" fill="black" stroke-width="0" stroke="black" />
<rect x="60" y="17" width="1" height="1" fill="black" stroke-width="0" stroke="black" />
<rect x="60" y="16" width="1" height="1" fill="black" stroke-width="0" stroke="black" />
<rect x="61" y="74" width="1" height="1" fill="black" stroke-width="0" stroke="black" />
<rect x="61" y="73" width="1" height="1" fill="black" stroke-width="0" stroke="black" />
<rect x="61" y="72" width="1" height="1" fill="black" stroke-width="0" stroke="black" />
<rect x="61" y="71" width="1" height="1" fill="black" stroke-width="0" stroke="black" />
<rect x="61" y="70" width="1" height="1" fill="black" stroke-width="0" stroke="black" />
<rect x="61" y="69" width="1" height="1" fill="black" stroke-width="0" stroke="black" />
<rect x="61" y="68" width="1" height="1" fill="black" stroke-width="0" stroke="black" />
<rect x="61" y="67" width="1" height="1" fill="black" stroke-width="0" stroke="black" />
<rect x="61" y="66" width="1" height="1" fill="black" stroke-width="0" stroke="black" />
<rect x="61" y="65" width="1" height="1" fill="black" stroke-width="0" stroke="black" />
<rect x="61" y="64" width="1" height="1" fill="black" stroke-width="0" stroke="black" />
<rect x="61" y="63" width="1" height="1" fill="black" stroke-width="0" stroke="black" />
<rect x="61" y="62" width="1" height="1" fill="black" stroke-width="0" stroke="black" />
<rect x="61" y="61" width="1" height="1" fill="black" stroke-width="0" stroke="black" />
<rect x="61" y="60" width="1" height="1" fill="black" stroke-width="0" stroke="black" />
<rect x="61" y="59" width="1" height="1" fill="black" stroke-width="0" stroke="black" />
<rect x="61" y="58" width="1" height="1" fill="black" stroke-width="0" stroke="black" />
<rect x="61" y="57" width="1" height="1" fill="black" stroke-width="0" stroke="black" />
<rect x="61" y="56" width="1" height="1" fill="black" stroke-width="0" stroke="black" />
<rect x="61" y="55" width="1" height="1" fill="black" stroke-width="0" stroke="black" />
<rect x="61" y="54" width="1" height="1" fill="black" stroke-width="0" stroke="black" />
<rect x="61" y="53" width="1" height="1" fill="black" stroke-width="0" stroke="black" />
<rect x="61" y="52" width="1" height="1" fill="black" stroke-width="0" stroke="black" />
<rect x="61" y="51" width="1" height="1" fill="black" stroke-width="0" stroke="black" />
<rect x="61" y="50" width="1" height="1" fill="black" stroke-width="0" stroke="black" />
<rect x="61" y="49" width="1" height="1" fill="black" stroke-width="0" stroke="black" />
<rect x="61" y="48" width="1" height="1" fill="black" stroke-width="0" stroke="black" />
<rect x="61" y="47" width="1" height="1" fill="black" stroke-width="0" stroke="black" />
<rect x="61" y="46" width="1" height="1" fill="black" stroke-width="0" stroke="black" />
<rect x="61" y="45" width="1" height="1" fill="black" stroke-width="0" stroke="black" />
<rect x="61" y="44" width="1" height="1" fill="black" stroke-width="0" stroke="black" />
<rect x="61" y="43" width="1" height="1" fill="black" stroke-width="0" stroke="black" />
<rect x="61" y="42" width="1" height="1" fill="black" stroke-width="0" stroke="black" />
<rect x="61" y="41" width="1" height="1" fill="black" stroke-width="0" stroke="black" />
<rect x="61" y="40" width="1" height="1" fill="black" stroke-width="0" stroke="black" />
<rect x="61" y="39" width="1" height="1" fill="black" stroke-width="0" stroke="black" />
<rect x="61" y="38" width="1" height="1" fill="black" stroke-width="0" stroke="black" />
<rect x="61" y="37" width="1" height="1" fill="black" stroke-width="0" stroke="black" />
<rect x="61" y="36" width="1" height="1" fill="black" stroke-width="0" stroke="black" />
<rect x="61" y="35" width="1" height="1" fill="black" stroke-width="0" stroke="black" />
<rect x="61" y="34" width="1" height="1" fill="black" stroke-width="0" stroke="black" />
<rect x="61" y="33" width="1" height="1" fill="black" stroke-width="0" stroke="black" />
<rect x="61" y="16" width="1" height="1" fill="black" stroke-width="0" stroke="black" />
<rect x="62" y="74" width="1" height="1" fill="black" stroke-width="0" stroke="black" />
<rect x="62" y="16" width="1" height="1" fill="black" stroke-width="0" stroke="black" />
<rect x="63" y="74" width="1" height="1" fill="black" stroke-width="0" stroke="black" />
<rect x="63" y="16" width="1" height="1" fill="black" stroke-width="0" stroke="black" />
<rect x="64" y="74" width="1" height="1" fill="black" stroke-width="0" stroke="black" />
<rect x="64" y="16" width="1" height="1" fill="black" stroke-width="0" stroke="black" />
<rect x="65" y="74" width="1" height="1" fill="black" stroke-width="0" stroke="black" />
<rect x="65" y="16" width="1" height="1" fill="black" stroke-width="0" stroke="black" />
<rect x="66" y="74" width="1" height="1" fill="black" stroke-width="0" stroke="black" />
<rect x="66" y="16" width="1" height="1" fill="black" stroke-width="0" stroke="black" />
<rect x="67" y="74" width="1" height="1" fill="black" stroke-width="0" stroke="black" />
<rect x="67" y="16" width="1" height="1" fill="black" stroke-width="0" stroke="black" />
<rect x="68" y="74" width="1" height="1" fill="black" stroke-width="0" stroke="black" />
<rect x="68" y="16" width="1" height="1" fill="black" stroke-width="0" stroke="black" />
<rect x="69" y="74" width="1" height="1" fill="black" stroke-width="0" stroke="black" />
<rect x="69" y="16" width="1" height="1" fill="black" stroke-width="0" stroke="black" />
<rect x="70" y="74" width="1" height="1" fill="black" stroke-width="0" stroke="black" />
<rect x="70" y="16" width="1" height="1" fill="black" stroke-width="0" stroke="black" />
<rect x="71" y="74" width="1" height="1" fill="black" stroke-width="0" stroke="black" />
<rect x="71" y="16" width="1" height="1" fill="black" stroke-width="0" stroke="black" />
<rect x="72" y="74" width="1" height="1" fill="black" stroke-width="0" stroke="black" />
<rect x="72" y="16" width="1" height="1" fill="black" stroke-width="0" stroke="black" />
<rect x="73" y="74" width="1" height="1" fill="black" stroke-width="0" stroke="black" />
<rect x="73" y="16" width="1" height="1" fill="black" stroke-width="0" stroke="black" />
<rect x="74" y="74" width="1" height="1" fill="black" stroke-width="0" stroke="black" />
<rect x="74" y="16" width="1" height="1" fill="black" stroke-width="0" stroke="black" />
<rect x="75" y="74" width="1" height="1" fill="black" stroke-width="0" stroke="black" />
<rect x="75" y="16" width="1" height="1" fill="black" stroke-width="0" stroke="black" />
<rect x="76" y="74" width="1" height="1" fill="black" stroke-width="0" stroke="black" />
<rect x="76" y="16" width="1" height="1" fill="black" stroke-width="0" stroke="black" />
<rect x="77" y="74" width="1" height="1" fill="black" stroke-width="0" stroke="black" />
<rect x="77" y="16" width="1" height="1" fill="black" stroke-width="0" stroke="black" />
<rect x="78" y="74" width="1" height="1" fill="black" stroke-width="0" stroke="black" />
<rect x="78" y="16" width="1" height="1" fill="black" stroke-width="0" stroke="black" />
<rect x="79" y="74" width="1" height="1" fill="black" stroke-width="0" stroke="black" />
<rect x="79" y="16" width="1" height="1" fill="black" stroke-width="0" stroke="black" />
<rect x="80" y="74" width="1" height="1" fill="black" stroke-width="0" stroke="black" />
<rect x="80" y="73" width="1" height="1" fill="black" stroke-width="0" stroke="black" />
<rect x="80" y="72" width="1" height="1" fill="black" stroke-width="0" stroke="black" />
<rect x="80" y="71" width="1" height="1" fill="black" stroke-width="0" stroke="black" />
<rect x="80" y="70" width="1" height="1" fill="black" stroke-width="0" stroke="black" />
<rect x="80" y="69" width="1" height="1" fill="black" stroke-width="0" stroke="black" />
<rect x="80" y="68" width="1" height="1" fill="black" stroke-width="0" stroke="black" />
<rect x="80" y="67" width="1" height="1" fill="black" stroke-width="0" stroke="black" />
<rect x="80" y="66" width="1" height="1" fill="black" stroke-width="0" stroke="black" />
<rect x="80" y="65" width="1" height="1" fill="black" stroke-width="0" stroke="black" />
<rect x="80" y="64" width="1" height="1" fill="black" stroke-width="0" stroke="black" />
<rect x="80" y="63" width="1" height="1" fill="black" stroke-width="0" stroke="black" />
<rect x="80" y="62" width="1" height="1" fill="black" stroke-width="0" stroke="black" />
<rect x="80" y="61" width="1" height="1" fill="black" stroke-width="0" stroke="black" />
<rect x="80" y="60" width="1" height="1" fill="black" stroke-width="0" stroke="black" />
<rect x="80" y="59" width="1" height="1" fill="black" stroke-width="0" stroke="black" />
<rect x="80" y="58" width="1" height="1" fill="black" stroke-width="0" stroke="black" />
<rect x="80" y="57" width="1" height="1" fill="black" stroke-width="0" stroke="black" />
<rect x="80" y="56" width="1" height="1" fill="black" stroke-width="0" stroke="black" />
<rect x="80" y="55" width="1" height="1" fill="black" stroke-width="0" stroke="black" />
<rect x="80" y="54" width="1" height="1" fill="black" stroke-width="0" stroke="black" />
<rect x="80" y="53" width="1" height="1" fill="black" stroke-width="0" stroke="black" />
<rect x="80" y="52" width="1" height="1" fill="black" stroke-width="0" stroke="black" />
<rect x="80" y="51" width="1" height="1" fill="black" stroke-width="0" stroke="black" />
<rect x="80" y="50" width="1" height="1" fill="black" stroke-width="0" stroke="black" />
<rect x="80" y="49" width="1" height="1" fill="black" stroke-width="0" stroke="black" />
<rect x="80" y="48" width="1" height="1" fill="black" stroke-width="0" stroke="black" />
<rect x="80" y="47" width="1" height="1" fill="black" stroke-width="0" stroke="black" />
<rect x="80" y="46" width="1" height="1" fill="black" stroke-width="0" stroke="black" />
<rect x="80" y="45" width="1" height="1" fill="black" stroke-width="0" stroke="black" />
<rect x="80" y="44" width="1" height="1" fill="black" stroke-width="0" stroke="black" />
<rect x="80" y="43" width="1" height="1" fill="black" stroke-width="0" stroke="black" />
<rect x="80" y="42" width="1" height="1" fill="black" stroke-width="0" stroke="black" />
<rect x="80" y="41" width="1" height="1" fill="black" stroke-width="0" stroke="black" />
<rect x="80" y="40" width="1" height="1" fill="black" stroke-width="0" stroke="black" />
<rect x="80" y="39" width="1" height="1" fill="black" stroke-width="0" stroke="black" />
<rect x="80" y="38" width="1" height="1" fill="black" stroke-width="0" stroke="black" />
<rect x="80" y="37" width="1" height="1" fill="black" stroke-width="0" stroke="black" />
<rect x="80" y="36" width="1" height="1" fill="black" stroke-width="0" stroke="black" />
<rect x="80" y="35" width="1" height="1" fill="black" stroke-width="0" stroke="black" />
<rect x="80" y="34" width="1" height="1" fill="black" stroke-width="0" stroke="black" />
<rect x="80" y="33" width="1" height="1" fill="black" stroke-width="0" stroke="black" />
<rect x="80" y="32" width="1" height="1" fill="black" stroke-width="0" stroke="black" />
<rect x="80" y="31" width="1" height="1" fill="black" stroke-width="0" stroke="black" />
<rect x="80" y="30" width="1" height="1" fill="black" stroke-width="0" stroke="black" />
<rect x="80" y="29" width="1" height="1" fill="black" stroke-width="0" stroke="black" />
<rect x="80" y="28" width="1" height="1" fill="black" stroke-width="0" stroke="black" />
<rect x="80" y="27" width="1" height="1" fill="black" stroke-width="0" stroke="black" />
<rect x="80" y="26" width="1" height="1" fill="black" stroke-width="0" stroke="black" />
<rect x="80" y="25" width="1" height="1" fill="black" stroke-width="0" stroke="black" />
<rect x="80" y="24" width="1" height="1" fill="black" stroke-width="0" stroke="black" />
<rect x="80" y="23" width="1" height="1" fill="black" stroke-width="0" stroke="black" />
<rect x="80" y="22" width="1" height="1" fill="black" stroke-width="0" stroke="black" />
<rect x="80" y="21" width="1" height="1" fill="black" stroke-width="0" stroke="black" />
<rect x="80" y="20" width="1" height="1" fill="black" stroke-width="0" stroke="black" />
<rect x="80" y="19" width="1" height="1" fill="black" stroke-width="0" stroke="black" />
<rect x="80" y="18" width="1" height="1" fill="black" stroke-width="0" stroke="black" />
<rect x="80" y="17" width="1" height="1" fill="black" stroke-width="0" stroke="black" />
<rect x="80" y="16" width="1" height="1" fill="black" stroke-width="0" stroke="black" />
<text x="30" y="88" fill="black" font-size="9px">7.87m</text>
<text x="0" y="0" fill="black" font-size="9px" transform="translate(90,34) rotate(90)">5.84m</text>
<line x1="2" y1="80" x2="81" y2="80" fill="none" stroke="black" stroke-width="1" />
<line x1="2" y1="79" x2="2" y2="81" fill="none" stroke="black" stroke-width="1" />
<line x1="81" y1="79" x2="81" y2="81" fill="none" stroke="black" stroke-width="1" />
<line x1="88" y1="75" x2="88" y2="15" fill="none" stroke="black" stroke-width="1" />
<line x1="87" y1="75" x2="89" y2="75" fill="none" stroke="black" stroke-width="1" />
<line x1="87" y1="15" x2="89" y2="15" fill="none" stroke="black" stroke-width="1" />
</svg>
